W/ActivityManager(  626): Scheduling restart of crashed service com.android.bluetooth/.opp.BluetoothOppService in 44999ms
W/ActivityManager(  626): Scheduling restart of crashed service com.android.bluetooth/.hid.HidService in 44999ms
W/ActivityManager(  626): Scheduling restart of crashed service com.android.bluetooth/.hdp.HealthService in 54999ms
W/ActivityManager(  626): Scheduling restart of crashed service com.android.bluetooth/.btservice.AdapterService in 259996ms
W/ActivityManager(  626): Scheduling restart of crashed service com.android.bluetooth/.pan.PanService in 54999ms
D/BluetoothAdapter(  798): 1092160040: getState() :  mService = null. Returning STATE_OFF
E/BluetoothDevice( 2096): BT not enabled. Cannot get bond state
E/BluetoothDevice( 2096): BT not enabled. Cannot get bond state
I/ActivityManager(  626): Start proc com.android.bluetooth for broadcast com.android.bluetooth/.pbap.BluetoothPbapReceiver: pid=2605 uid=1002 gids={41002, 3003, 3002, 3001, 1015, 3005, 1016, 3008, 1028}
D/dalvikvm( 2351): GC_CONCURRENT freed 25K, 13% free 4742K/5392K, paused 2ms+2ms, total 30ms
D/dalvikvm(  626): GC_EXPLICIT freed 1434K, 18% free 15441K/18672K, paused 5ms+7ms, total 95ms
I/ActivityThread( 2605): Pub com.android.bluetooth.opp: com.android.bluetooth.opp.BluetoothOppProvider
D/AdapterServiceConfig( 2605): Adding HeadsetService
D/AdapterServiceConfig( 2605): Adding A2dpService
D/AdapterServiceConfig( 2605): Adding HidService
D/AdapterServiceConfig( 2605): Adding HealthService
D/AdapterServiceConfig( 2605): Adding PanService
D/BluetoothManagerService(  626): Message: 42
D/BluetoothManagerService(  626): MESSAGE_RESTART_BLUETOOTH_SERVICE: Restart IBluetooth service
D/BluetoothManagerService(  626): Message: 20
D/BluetoothManagerService(  626): Added callback: android.bluetooth.IBluetoothManagerCallback$Stub$Proxy@41d46b80:true
D/BluetoothAdapter( 2605): 1090488416: getState() :  mService = null. Returning STATE_OFF
W/ApplicationContext( 2096): Calling a method in the system process without a qualified user: android.app.ContextImpl.startService:1383 android.content.ContextWrapper.startService:450 android.content.ContextWrapper.startService:450 
D/DockEventReceiver( 2096): finishStartingService: stopping service
D/BluetoothPbap( 2096): Proxy object connected
D/PbapServerProfile( 2096): Bluetooth service connected
E/BluetoothMasService( 2605): Map Service onCreate
E/BluetoothMasService( 2605): Map Service onCreate
E/BluetoothMasService( 2605): Starting MAP service
D/BluetoothAdapter( 2605): 1090488416: getState() :  mService = null. Returning STATE_OFF
E/BluetoothMasService( 2605): Map Service onStartCommand
D/HeadsetService( 2605): onCreate
D/HeadsetService( 2605): onBind
D/BluetoothHeadset(  938): Proxy object connected
D/BluetoothHeadset(  626): Proxy object connected
D/BluetoothHeadset(  938): Proxy object connected
D/BluetoothAdapter(  626): 1090613912: getState() :  mService = null. Returning STATE_OFF
D/BluetoothHeadset( 2096): Proxy object connected
D/HeadsetProfile( 2096): Bluetooth service connected
D/BluetoothAdapter( 2096): 1090649464: getState() :  mService = null. Returning STATE_OFF
D/A2dpService( 2605): onCreate
D/A2dpService( 2605): onBind
D/BluetoothA2dp(  626): Proxy object connected
D/BluetoothA2dp( 2096): Proxy object connected
D/BluetoothAdapter(  626): 1090613912: getState() :  mService = null. Returning STATE_OFF
D/A2dpProfile( 2096): Bluetooth service connected
I/BluetoothHidServiceJni( 2605): classInitNative: succeeds
D/HidService( 2605): onCreate
D/HidService( 2605): onBind
D/BluetoothInputDevice( 2096): Proxy object connected
D/HidProfile( 2096): Bluetooth service connected
D/BluetoothAdapterService( 2605): REFCOUNT: CREATED. INSTANCE_COUNT1
D/BluetoothAdapterState( 2605): make
I/bluedroid( 2605): init
D/btif_config.c( 2605): btif_config_init(L124): in initialized:0
D/bt-btif ( 2605): in initialized:0
D/btif_config.c( 2605): dump_node(L117): root, p->name:Bluedroid, child/value:0x703c7430, bytes:160, p->used:0, type:0, p->flag:0
D/bt-btif ( 2605): ts[7].used:0
D/bt-btif ( 2605): alloc_thread_slot ret:7
D/bt-btif ( 2605): h:7, cmd_fdr:40, cmd_fdw:41
D/bt-btif ( 2605): h:7, thread id:1883014248
I/bte_conf( 2605): Attempt to load stack conf from /etc/bluetooth/bt_stack.conf
D/bt-btif ( 2605): local bdaddr is stored in /efs/bluetooth/bt_addr
D/bt-btif ( 2605): Got Factory BDA 58:C3:8B:94:C3:34
D/btif_config.c( 2605): dump_node(L117): found node, p->name:Address, child/value:0x703c84a8, bytes:18, p->used:18, type:1, p->flag:0
I/bluedroid( 2605): get_profile_interface socket
I/bt-btif ( 2605): btif_get_adapter_property 2
I/bt-btif ( 2605): btif_get_adapter_property 1
I/GKI_LINUX( 2605): gki_task_entry: gki_task_entry task_id=1 [BTIF] starting
D/bt-btif ( 2605): btif task starting
D/bt-btif ( 2605): btif_associate_evt: notify ASSOCIATE_JVM
D/BTIF_CORE( 2605): HAL bt_hal_cbacks->thread_evt_cb
I/bt-btif ( 2605): execute storage request event : 3
D/BTIF_CORE( 2605): HAL bt_hal_cbacks->adapter_properties_cb
I/BluetoothAdapterProperties( 2605): adapterPropertyChangedCallback with type:2 len:6
I/BluetoothPanServiceJni( 2605): classInitNative(L105): succeeds
D/BluetoothManagerService(  626): BluetoothServiceConnection: connected to AdapterService
D/PanService( 2605): onCreate
D/BluetoothManagerService(  626): Message: 40
D/BluetoothManagerService(  626): MESSAGE_BLUETOOTH_SERVICE_CONNECTED
D/PanService( 2605): onBind
I/bt-btif ( 2605): execute storage request event : 3
D/BTIF_STORAGE( 2605): cfg2prop(L311): in, bd addr:, prop type:1, len:512
D/btif_config.c( 2605): dump_node(L118): found node is NULL
I/bt-btif ( 2605): btif_dm_get_adapter_property: type=0x1
D/BTIF_CORE( 2605): HAL bt_hal_cbacks->adapter_properties_cb
I/BluetoothAdapterProperties( 2605): adapterPropertyChangedCallback with type:1 len:20
D/BluetoothManagerService(  626): Calling onBluetoothServiceUp callbacks
D/BluetoothManagerService(  626): Broadcasting onBluetoothServiceUp() to 6 receivers.
D/BluetoothPan(  626): BluetoothPAN Proxy object connected
D/BluetoothAdapter(  938): onBluetoothServiceUp: android.bluetooth.IBluetooth$Stub$Proxy@41088ae8
D/BluetoothAdapter(  798): onBluetoothServiceUp: android.bluetooth.IBluetooth$Stub$Proxy@4149de50
D/BluetoothManagerService(  626): Bluetooth Adapter name changed to Samsung Galaxy S III
D/BluetoothManagerService(  626): Stored Bluetooth name: Samsung Galaxy S III
D/BluetoothPan( 2096): BluetoothPAN Proxy object connected
D/PanProfile( 2096): Bluetooth service connected
D/BluetoothPbap( 2096): Proxy object disconnected
D/PbapServerProfile( 2096): Bluetooth service disconnected
D/BluetoothAdapter( 2605): onBluetoothServiceUp: com.android.bluetooth.btservice.AdapterService$AdapterServiceBinder@40ffea98
D/BluetoothAdapter( 2096): onBluetoothServiceUp: android.bluetooth.IBluetooth$Stub$Proxy@41066398
D/BluetoothAdapter(  944): onBluetoothServiceUp: android.bluetooth.IBluetooth$Stub$Proxy@41043690
D/BluetoothAdapter(  626): onBluetoothServiceUp: android.bluetooth.IBluetooth$Stub$Proxy@41878d20
V/BluetoothMasReceiver( 2605): BluetoothMasReceiver onReceive :android.bluetooth.adapter.action.STATE_CHANGED
E/BluetoothMasReceiver( 2605): BluetoothMasReceiver onReceive :android.bluetooth.adapter.action.STATE_CHANGED
D/BluetoothMasReceiver( 2605): Bluetooth STATE CHANGED to 13
D/BluetoothAdapterService( 2605): Broadcasting updateAdapterState() to 1 receivers.
D/BluetoothManagerService(  626): Message: 60
D/BluetoothManagerService(  626): MESSAGE_BLUETOOTH_STATE_CHANGE: prevState = 10, newState=11
D/BluetoothManagerService(  626): Bluetooth State Change Intent: 10 -> 11
D/BluetoothBondStateMachine( 2605): make
I/BluetoothBondStateMachine( 2605): StableState(): Entering Off State
D/HeadsetService( 2605): onStartCommand()
D/BluetoothAdapterService(1090510256)( 2605): getState(): mAdapterProperties: com.android.bluetooth.btservice.AdapterProperties@40ffee30
D/HeadsetService( 2605): Received start request. Starting profile...
D/HeadsetService( 2605): start()
D/BluetoothAdapterService(1090510256)( 2605): getState(): mAdapterProperties: com.android.bluetooth.btservice.AdapterProperties@40ffee30
D/BluetoothAdapterService(1090510256)( 2605): getState(): mAdapterProperties: com.android.bluetooth.btservice.AdapterProperties@40ffee30
I/BluetoothHeadsetServiceJni( 2605): classInitNative: succeeds
D/HeadsetStateMachine( 2605): make
I/bluedroid( 2605): get_profile_interface handsfree
I/bt-btif ( 2605): btif_hf_get_interface
I/bt-btif ( 2605): init
E/bt-btif ( 2605): btif_enable_service: current services:0x40
D/A2dpService( 2605): onStartCommand()
D/A2dpService( 2605): Received start request. Starting profile...
D/A2dpService( 2605): start()
I/BluetoothA2dpServiceJni( 2605): classInitNative: succeeds
D/A2dpStateMachine( 2605): make
I/bluedroid( 2605): get_profile_interface a2dp
I/bt-btif ( 2605): btif_av_get_interface
I/bt-btif ( 2605): init
I/bt-btif ( 2605): ## A2DP START MEDIA TASK ##
I/GKI_LINUX( 2605): gki_task_entry: gki_task_entry task_id=2 [A2DP-MEDIA] starting
D/bt-btif ( 2605): UIPC_Init
I/bt-btif ( 2605): ### uipc_main_init ###
D/bt-btif ( 2605): UIPC_Open : ch_id 0, p_cback 73ee8a11
I/bt-btif ( 2605): SETUP CHANNEL SERVER 0
I/bt-btif ( 2605): create_server_socket /data/misc/bluedroid/.a2dp_ctrl
I/bt-btif ( 2605): created socket fd 53
I/bt-btif ( 2605): ADD SERVER FD TO ACTIVE SET 53
I/bt-btif ( 2605): UIPC SEND WAKE UP
I/bt-btif ( 2605): ## A2DP MEDIA TASK STARTED ##
E/bt-btif ( 2605): btif_enable_service: current services:0x40040
D/bt-btif ( 2605): btif_rc_init
D/bt-btif ( 2605): btif_av_state_idle_handler event:BTIF_SM_ENTER_EVT flags 0
I/bt-btif ( 2605): ## ON A2DP IDLE ##
D/bt-btif ( 2605): bta_av_co_init
D/bt-btif ( 2605): bta_av_co_cp_set_flag
D/bt-btif ( 2605): bta_av_co_audio_codec_reset
D/bt-btif ( 2605): bta_av_co_audio_codec_reset
D/bt-btif ( 2605): UIPC_Close : ch_id 1
I/bt-btif ( 2605): CHANNEL 1 ALREADY CLOSED
D/A2dpStateMachine( 2605): Enter Disconnected: -2
D/HidService( 2605): onStartCommand()
D/HidService( 2605): Received start request. Starting profile...
D/HidService( 2605): start()
I/bluedroid( 2605): get_profile_interface hidhost
I/bt-btif ( 2605): btif_hh_get_interface
I/bt-btif ( 2605): init
E/bt-btif ( 2605): btif_enable_service: current services:0x140040
I/BluetoothHealthServiceJni( 2605): classInitNative: succeeds
D/HealthService( 2605): onCreate
D/HealthService( 2605): onStartCommand()
D/HealthService( 2605): Received start request. Starting profile...
D/HealthService( 2605): start()
I/bluedroid( 2605): get_profile_interface health
I/bt-btif ( 2605): btif_hl_get_interface
I/bt-btif ( 2605): init
D/bt-btif ( 2605): Process name (droid.bluetooth)
D/bt-btif ( 2605): btif_hl_soc_thread_init
D/bt-btif ( 2605): create_thread: entered
D/bt-btif ( 2605): create_thread: thread created successfully
D/bt-btif ( 2605): entered btif_hl_select_thread
D/bt-btif ( 2605): btif_hl_select_wakeup_init
D/bt-btif ( 2605): btif_hl_select_wakeup_init signal_fds[0]=57 signal_fds[1]=58
D/bt-btif ( 2605): max_s=57 
D/bt-btif ( 2605): set curr_set = org_set 
D/PanService( 2605): onStartCommand()
D/PanService( 2605): Received start request. Starting profile...
D/PanService( 2605): start()
D/BluetoothPanServiceJni( 2605): initializeNative(L110): pan
I/bluedroid( 2605): get_profile_interface pan
D/BTIF_PAN( 2605): btif_pan: btpan_jni_init(L168): stack_initialized = 0, btpan_cb.enabled:0
D/BTIF_PAN( 2605): btif_pan: btpan_jni_init(L173):  leaving
D/BluetoothAdapterService( 2605): Profile still not running:com.android.bluetooth.hdp.HealthService
D/BluetoothAdapterService( 2605): Profile still not running:com.android.bluetooth.hdp.HealthService
D/BluetoothAdapterService( 2605): Profile still not running:com.android.bluetooth.hdp.HealthService
D/BluetoothAdapterService( 2605): Profile still not running:com.android.bluetooth.pan.PanService
D/HeadsetPhoneState( 2605): sendDeviceStateChanged. mService=0 mSignal=0 mRoam=0 mBatteryCharge=4
I/bluedroid( 2605): enable
D/bt-btif ( 2605): BTIF ENABLE BLUETOOTH
D/bt-btif ( 2605): bte_main_enable
I/bt_hci_bdroid( 2605): init
I/bt_vendor( 2605): init
I/bt_vnd_conf( 2605): Attempt to load conf from /etc/bluetooth/bt_vendor.conf
I/bt_vnd_conf( 2605): vnd_load_conf file >/etc/bluetooth/bt_vendor.conf< not found
I/bt-btif ( 2605): libbt-hci init returns 0
I/bt_hci_bdroid( 2605): bt_hc_worker_thread started
I/bt_userial_vendor( 2605): userial vendor open: opening /dev/ttyHS0
D/dalvikvm(  626): GC_FOR_ALLOC freed 109K, 18% free 15470K/18672K, paused 55ms, total 56ms
I/bt_userial_vendor( 2605): device fd = 59 open
I/dalvikvm-heap(  626): Grow heap (frag case) to 17.263MB for 2073616-byte allocation
I/GKI_LINUX( 2605): gki_task_entry: gki_task_entry task_id=0 [BTU] starting
I/        ( 2605): BTE_InitTraceLevels -- TRC_HCI
I/        ( 2605): BTE_InitTraceLevels -- TRC_L2CAP
I/        ( 2605): BTE_InitTraceLevels -- TRC_RFCOMM
I/        ( 2605): BTE_InitTraceLevels -- TRC_AVDT
I/        ( 2605): BTE_InitTraceLevels -- TRC_AVRC
I/        ( 2605): BTE_InitTraceLevels -- TRC_A2D
I/        ( 2605): BTE_InitTraceLevels -- TRC_BNEP
I/        ( 2605): BTE_InitTraceLevels -- TRC_BTM
I/        ( 2605): BTE_InitTraceLevels -- TRC_PAN
I/        ( 2605): BTE_InitTraceLevels -- TRC_SDP
I/        ( 2605): BTE_InitTraceLevels -- TRC_BTAPP
D/bt-btif ( 2605): btif_task: received trigger stack init event
I/bt_hwcfg( 2605): bt vendor lib: set UART baud 4000000
D/bt_hwcfg( 2605): Chipset BCM4334B0
D/bt_hwcfg( 2605): Target name = [BCM4334B0]
D/bt_hwcfg( 2605): Target name = [BCM4334]
I/bt_hwcfg( 2605): Found patchfile: /system/bin//bcm4334.hcd
D/dalvikvm(  626): GC_FOR_ALLOC freed 4K, 16% free 17490K/20700K, paused 65ms, total 65ms
D/dalvikvm(  966): GC_CONCURRENT freed 388K, 19% free 2639K/3236K, paused 5ms+4ms, total 28ms
V/BluetoothMasReceiver( 2605): BluetoothMasReceiver onReceive :android.bluetooth.adapter.action.STATE_CHANGED
E/BluetoothMasReceiver( 2605): BluetoothMasReceiver onReceive :android.bluetooth.adapter.action.STATE_CHANGED
D/BluetoothMasReceiver( 2605): Bluetooth STATE CHANGED to 11
D/dalvikvm(  798): GC_FOR_ALLOC freed 1410K, 17% free 8798K/10600K, paused 15ms, total 18ms
I/dalvikvm-heap(  798): Grow heap (frag case) to 10.742MB for 2073616-byte allocation
D/dalvikvm( 2096): GC_FOR_ALLOC freed 163K, 17% free 2571K/3092K, paused 21ms, total 22ms
D/dalvikvm(  798): GC_FOR_ALLOC freed 16K, 15% free 10807K/12628K, paused 18ms, total 18ms
I/dalvikvm-heap( 2096): Grow heap (frag case) to 4.665MB for 2073616-byte allocation
D/dalvikvm( 2096): GC_FOR_ALLOC freed 1K, 11% free 4595K/5120K, paused 17ms, total 17ms
D/dalvikvm( 2096): GC_CONCURRENT freed 1K, 11% free 4597K/5120K, paused 3ms+2ms, total 22ms
I/bt_hwcfg( 2605): bt vendor lib: set UART baud 115200
D/bt_hwcfg( 2605): Settlement delay -- 50 ms
I/bt_hwcfg( 2605): bt vendor lib: set UART baud 4000000
I/bt_hwcfg( 2605): Setting local bd addr to 58:C3:8B:94:C3:34
D/dalvikvm(  626): GC_FOR_ALLOC freed 2121K, 14% free 15432K/17784K, paused 59ms, total 59ms
I/bt_hwcfg( 2605): vendor lib fwcfg completed
I/dalvikvm-heap(  626): Grow heap (frag case) to 17.226MB for 2073616-byte allocation
D/dalvikvm(  626): GC_FOR_ALLOC freed 5K, 12% free 17452K/19812K, paused 59ms, total 59ms
I/PowerManagerService(  626): Going to sleep due to screen timeout...
D/PermissionCache(  243): checking android.permission.READ_FRAME_BUFFER for uid=1000 => granted (579 us)
D/dalvikvm( 2096): GC_FOR_ALLOC freed 36K, 11% free 4593K/5120K, paused 33ms, total 33ms
I/dalvikvm-heap( 2096): Grow heap (frag case) to 6.639MB for 2073616-byte allocation
D/dalvikvm( 2096): GC_CONCURRENT freed <1K, 8% free 6618K/7148K, paused 3ms+3ms, total 20ms
D/dalvikvm( 2096): WAIT_FOR_CONCURRENT_GC blocked 14ms
D/dalvikvm(  626): GC_FOR_ALLOC freed 4K, 12% free 17457K/19812K, paused 53ms, total 53ms
I/dalvikvm-heap(  626): Grow heap (frag case) to 19.204MB for 2073616-byte allocation
D/dalvikvm(  626): GC_FOR_ALLOC freed 5K, 11% free 19477K/21840K, paused 53ms, total 53ms
D/qdoverlay(  243): Unset pipe=VG0 dpy=0; Unset pipe=VG1 dpy=0; 
D/dalvikvm( 1112): GC_CONCURRENT freed 396K, 16% free 3091K/3676K, paused 5ms+9ms, total 33ms
D/SurfaceFlinger(  243): Screen released, type=0 flinger=0x4112b318
D/qdhwcomposer(  243): hwc_blank: Doing Dpy=0, blank=1
I/WindowManager(  626): No lock screen!
D/qdoverlay(  243): Unset pipe=RGB0 dpy=0; 
E/I       ( 1406): Receive:android.intent.action.SCREEN_ON
E/Command ( 1406): Start Command
E/Command ( 1406): Start Command
E/Command ( 1406): Start Command
D/dalvikvm(  966): GC_CONCURRENT freed 393K, 19% free 2633K/3236K, paused 3ms+2ms, total 18ms
D/dalvikvm(  626): GC_EXPLICIT freed 346K, 11% free 19494K/21840K, paused 3ms+7ms, total 67ms
D/qdhwcomposer(  243): hwc_blank: Done Dpy=0, blank=1
D/Surface (  626): Excessive delay in blankDisplay() while turning screen off: 197ms
E/CM PowerHAL(  626): Error opening /sys/devices/system/cpu/cpufreq/ondemand/sampling_rate: No such file or directory
V/Sensors (  626): enabled_sensors: 0 dmp_started: 1
V/Sensors (  626): Stopping DMP
I/Sensors (  626): Disabled 9 axis sensor fusion
I/MPL-mldl_cfg_mpu:(  626): inv_mpu_suspend(,,,,7fff) -> 0000
E/Sensors (  626): Sleep Event : mEnabled = 10
D/dalvikvm( 2180): GC_CONCURRENT freed 984K, 17% free 5904K/7088K, paused 16ms+3ms, total 55ms
D/dalvikvm(  626): GC_EXPLICIT freed 93K, 11% free 19498K/21840K, paused 4ms+8ms, total 72ms
I/bt-btif ( 2605): btif_dm_upstreams_cback  ev: BTA_DM_ENABLE_EVT
D/BTIF_STORAGE( 2605): cfg2prop(L311): in, bd addr:, prop type:1, len:248
D/btif_config.c( 2605): dump_node(L118): found node is NULL
I/bt-btif ( 2605): btif_dm_get_adapter_property: type=0x1
E/bt-btif ( 2605): Calling BTA_HhEnable
D/BTIF_STORAGE( 2605): btif_in_fetch_bonded_devices(L411): in add:1
D/BTIF_STORAGE( 2605): btif_in_fetch_bonded_devices(L423): Remote device:00:19:8e:08:1a:8f, size:18
D/btif_config.c( 2605): dump_node(L117): found node, p->name:LinkKey, child/value:0x703c86f0, bytes:16, p->used:16, type:4, p->flag:0
D/btif_config.c( 2605): dump_node(L117): found node, p->name:LinkKeyType, child/value:0x703c86b0, bytes:4, p->used:4, type:2, p->flag:0
D/btif_config.c( 2605): dump_node(L117): found node, p->name:DevClass, child/value:0x703c8618, bytes:4, p->used:4, type:2, p->flag:0
D/BTIF_STORAGE( 2605): btif_in_fetch_bonded_devices(L423): Remote device:e0:f8:47:14:69:b1, size:18
D/btif_config.c( 2605): dump_node(L117): found node, p->name:LinkKey, child/value:0x703c87b0, bytes:16, p->used:16, type:4, p->flag:0
D/btif_config.c( 2605): dump_node(L117): found node, p->name:LinkKeyType, child/value:0x703c87d8, bytes:4, p->used:4, type:2, p->flag:0
D/btif_config.c( 2605): dump_node(L117): found node, p->name:DevClass, child/value:0x703c8730, bytes:4, p->used:4, type:2, p->flag:0
D/BTIF_STORAGE( 2605): btif_in_fetch_bonded_devices(L423): Remote device:, size:128
E/btif_config.c( 2605): ## btif_config_get assert section && *section && key && *key && name && *name && bytes && type failed at line:186 ##
D/BTIF_STORAGE( 2605): btif_in_fetch_bonded_devices(L448): Remote device:, no link key
D/BTIF_STORAGE( 2605): btif_in_fetch_bonded_devices(L452): out
D/BTIF_STORAGE( 2605): cfg2prop(L311): in, bd addr:, prop type:1, len:248
D/btif_config.c( 2605): dump_node(L118): found node is NULL
I/bt-btif ( 2605): btif_dm_get_adapter_property: type=0x1
D/BTIF_STORAGE( 2605): cfg2prop(L311): in, bd addr:, prop type:9, len:4
D/btif_config.c( 2605): dump_node(L117): found node, p->name:DiscoveryTimeout, child/value:0x703c84f8, bytes:4, p->used:4, type:2, p->flag:0
E/bt-btif ( 2605): btif_storage_get_adapter_property service_mask:0x140040
D/BTIF_CORE( 2605): HAL bt_hal_cbacks->adapter_properties_cb
I/BluetoothAdapterProperties( 2605): adapterPropertyChangedCallback with type:2 len:6
D/        ( 2605): port_allocate_port: rfc_cb.port.port[1] allocated, last_port:1
D/        ( 2605): port_allocate_port: rfc_cb.port.port[2] allocated, last_port:2
I/BluetoothAdapterProperties( 2605): adapterPropertyChangedCallback with type:1 len:20
D/dalvikvm(  966): GC_CONCURRENT freed 381K, 19% free 2641K/3236K, paused 2ms+2ms, total 19ms
D/dalvikvm( 1112): GC_CONCURRENT freed 389K, 16% free 3092K/3676K, paused 2ms+3ms, total 20ms
D/dalvikvm(  626): GC_EXPLICIT freed 132K, 11% free 19498K/21840K, paused 3ms+6ms, total 68ms
D/dalvikvm(  966): GC_CONCURRENT freed 395K, 19% free 2634K/3236K, paused 2ms+2ms, total 21ms
D/dalvikvm(  626): GC_EXPLICIT freed 87K, 11% free 19497K/21840K, paused 3ms+7ms, total 69ms
D/dalvikvm( 1112): GC_CONCURRENT freed 397K, 18% free 3081K/3728K, paused 2ms+3ms, total 19ms
D/dalvikvm(  966): GC_CONCURRENT freed 387K, 19% free 2636K/3236K, paused 3ms+2ms, total 16ms
D/dalvikvm(  626): GC_EXPLICIT freed 87K, 11% free 19497K/21840K, paused 2ms+8ms, total 72ms
I/BluetoothAdapterProperties( 2605): adapterPropertyChangedCallback with type:7 len:4
D/BluetoothManagerService(  626): Bluetooth Adapter name changed to Samsung Galaxy S III
D/BluetoothManagerService(  626): Stored Bluetooth name: Samsung Galaxy S III
I/BluetoothAdapterProperties( 2605): adapterPropertyChangedCallback with type:9 len:4
I/BluetoothAdapterProperties( 2605): adapterPropertyChangedCallback with type:8 len:12
I/BluetoothAdapterProperties( 2605): adapterPropertyChangedCallback with type:3 len:48
I/bt-btif ( 2605): btif_storage_load_bonded_devices: 2 bonded devices found
D/BTIF_STORAGE( 2605): cfg2prop(L311): in, bd addr:00:19:8e:08:1a:8f, prop type:1, len:248
D/btif_config.c( 2605): dump_node(L117): found node, p->name:Name, child/value:0x703c8638, bytes:13, p->used:13, type:1, p->flag:0
D/BTIF_STORAGE( 2605): cfg2prop(L311): in, bd addr:00:19:8e:08:1a:8f, prop type:10, len:248
D/btif_config.c( 2605): dump_node(L118): found node is NULL
D/BTIF_STORAGE( 2605): cfg2prop(L311): in, bd addr:00:19:8e:08:1a:8f, prop type:4, len:4
D/btif_config.c( 2605): dump_node(L117): found node, p->name:DevClass, child/value:0x703c8618, bytes:4, p->used:4, type:2, p->flag:0
D/BTIF_STORAGE( 2605): cfg2prop(L311): in, bd addr:00:19:8e:08:1a:8f, prop type:5, len:4
D/btif_config.c( 2605): dump_node(L117): found node, p->name:DevType, child/value:0x703c8660, bytes:4, p->used:4, type:2, p->flag:0
D/BTIF_STORAGE( 2605): cfg2prop(L311): in, bd addr:00:19:8e:08:1a:8f, prop type:3, len:512
D/btif_config.c( 2605): dump_node(L117): found node, p->name:Service, child/value:0x703c1110, bytes:149, p->used:149, type:1, p->flag:0
D/BTIF_CORE( 2605): HAL bt_hal_cbacks->remote_device_properties_cb
E/BluetoothRemoteDevices( 2605): devicePropertyChangedCallback: bdDevice: 00:19:8E:08:1A:8F, value is empty for type: 10
D/BTIF_STORAGE( 2605): cfg2prop(L311): in, bd addr:e0:f8:47:14:69:b1, prop type:1, len:248
D/btif_config.c( 2605): dump_node(L117): found node, p->name:Name, child/value:0x703c8750, bytes:28, p->used:28, type:1, p->flag:0
D/BTIF_STORAGE( 2605): cfg2prop(L311): in, bd addr:e0:f8:47:14:69:b1, prop type:10, len:248
D/btif_config.c( 2605): dump_node(L118): found node is NULL
D/BTIF_STORAGE( 2605): cfg2prop(L311): in, bd addr:e0:f8:47:14:69:b1, prop type:4, len:4
D/btif_config.c( 2605): dump_node(L117): found node, p->name:DevClass, child/value:0x703c8730, bytes:4, p->used:4, type:2, p->flag:0
D/BTIF_STORAGE( 2605): cfg2prop(L311): in, bd addr:e0:f8:47:14:69:b1, prop type:5, len:4
D/btif_config.c( 2605): dump_node(L117): found node, p->name:DevType, child/value:0x703c8780, bytes:4, p->used:4, type:2, p->flag:0
D/BTIF_STORAGE( 2605): cfg2prop(L311): in, bd addr:e0:f8:47:14:69:b1, prop type:3, len:512
D/btif_config.c( 2605): dump_node(L117): found node, p->name:Service, child/value:0x70169118, bytes:223, p->used:223, type:1, p->flag:0
D/BTIF_CORE( 2605): HAL bt_hal_cbacks->remote_device_properties_cb
E/BluetoothRemoteDevices( 2605): devicePropertyChangedCallback: bdDevice: E0:F8:47:14:69:B1, value is empty for type: 10
V/Sensors (  626): enable - sensor Accelerometer (handle 4) en -> dis
E/Sensors (  626): mEnabled = 0
V/Sensors (  626): setDelay - sensor Accelerometer (handle 4), rate 66 ms (15.00 Hz)
E/Sensors (  626): activatePendingSensors : mEnabled = 0
E/Sensors (  626): requested_sensors(0) from kernel
V/Sensors (  626): calling inv_set_mpu_sensors(000000)
V/Sensors (  626): Starting DMP
W/MPL-9_sup(  626): 9 axis sensor fusion not available - No compass detected.
I/Sensors (  626): Enabled 9 axis sensor fusion
I/MPL-mldl_cfg_mpu:(  626): inv_mpu_resume(,,,,0000) -> 0000
V/Sensors (  626): Stopping DMP
I/Sensors (  626): Disabled 9 axis sensor fusion
I/MPL-mldl_cfg_mpu:(  626): inv_mpu_suspend(,,,,7fff) -> 0000
D/dalvikvm(  798): GC_FOR_ALLOC freed 2091K, 31% free 8785K/12628K, paused 20ms, total 32ms
D/dalvikvm(  626): GC_FOR_ALLOC freed 6395K, 14% free 15438K/17784K, paused 57ms, total 57ms
D/bt-btif ( 2605): btif_enable_bluetooth_evt: status 0, local bd [58:c3:8b:94:c3:34]
D/BTIF_SOCK( 2605): btif_sock: btif_sock_init: 
D/BTIF_SOCK( 2605): btif_sock: btif_sock_init: btsock initializing...
I/bt_hwcfg( 2605): SCO PCM configure {0, 4, 0, 0, 0}
D/BTIF_SOCK( 2605): btif_sock: btif_sock_init: btsock successfully initialized
D/BTIF_PAN( 2605): btif_pan: btif_pan_init(L121): jni_initialized = 1, btpan_cb.enabled:0
D/BTIF_PAN( 2605): btif_pan: btif_pan_init(L125): Enabling PAN....
D/BTIF_PAN( 2605): btif_pan: btpan_enable(L222): local_role:3
D/BTIF_PAN( 2605): btif_pan: btpan_role_to_bta(L202): btpan_role:0x3
D/BTIF_PAN( 2605): btif_pan: btpan_role_to_bta(L205): BTPAN_ROLE_PANNAP
D/BTIF_PAN( 2605): btif_pan: btpan_role_to_bta(L210): BTPAN_ROLE_CLIENT
D/BTIF_PAN( 2605): btif_pan: btif_pan_init(L135): leaving
I/bte_conf( 2605): Attempt to load did conf from /etc/bluetooth/bt_did.conf
I/bte_conf( 2605): [1] primary_record=1 vendor_id=0x000F vendor_id_source=0x0001 product_id=0x1200 version=0x1436
I/bte_conf( 2605): Attempt to load did conf from /etc/bluetooth/bt_did.conf
D/        ( 2605): bta_pan_co_init
I/bte_conf( 2605): Attempt to load did conf from /etc/bluetooth/bt_did.conf
D/bt-btif ( 2605): btif_dm_load_local_oob prop_oob = 3
D/BTIF_CORE( 2605): HAL bt_hal_cbacks->adapter_state_changed_cb
D/bt-btif ( 2605): btif_hf_upstreams_evt: event=BTA_AG_ENABLE_EVT
D/bt-btif ( 2605): btif_hf_upstreams_evt: event=BTA_AG_REGISTER_EVT
D/bt-btif ( 2605): btif_av_state_idle_handler event:BTA_AV_ENABLE_EVT flags 0
D/bt-btif ( 2605): btif_av_state_idle_handler event:BTA_AV_REGISTER_EVT flags 0
D/bt-btif ( 2605): btif_hh_upstreams_evt: event=BTA_HH_ENABLE_EVT
D/bt-btif ( 2605): btif_hh_upstreams_evt: BTA_HH_ENABLE_EVT: status =0
D/bt-btif ( 2605): btif_hh_upstreams_evt--Loading added devices
D/BTIF_STORAGE( 2605): btif_storage_load_bonded_hid_info(L898): in
D/BTIF_STORAGE( 2605): btif_storage_load_bonded_hid_info(L916): Remote device:00:19:8e:08:1a:8f, size:18
D/btif_config.c( 2605): dump_node(L118): found node is NULL
D/BTIF_STORAGE( 2605): btif_storage_load_bonded_hid_info(L916): Remote device:e0:f8:47:14:69:b1, size:18
D/btif_config.c( 2605): dump_node(L118): found node is NULL
D/BTIF_STORAGE( 2605): btif_storage_load_bonded_hid_info(L916): Remote device:, size:18
E/btif_config.c( 2605): ## btif_config_get assert section && *section && key && *key && name && *name && bytes && type failed at line:186 ##
D/BTIF_PAN( 2605): btif_pan: bta_pan_callback_transfer(L550): BTA_PAN_ENABLE_EVT
D/BTIF_PAN( 2605): btif_pan: bta_role_to_btpan(L186): bta_pan_role:0x5
D/BTIF_PAN( 2605): btif_pan: bta_role_to_btpan(L189): BTPAN_ROLE_PANNAP
D/BTIF_PAN( 2605): btif_pan: bta_role_to_btpan(L194): BTPAN_ROLE_PANU
D/BluetoothPanServiceJni( 2605): control_state_callback(L61): state:0, local_role:0, ifname:bt-pan
D/BluetoothAdapterProperties( 2605): ScanMode =  20
D/BluetoothAdapterProperties( 2605): State =  11
I/bt-btif ( 2605): btif_set_adapter_property type: 7, len 4, 0x410236f0
I/bt-btif ( 2605): set property scan mode : 1
I/bt-btif ( 2605): btif_in_storage_request_copy_cb
I/bt-btif ( 2605): btif_set_adapter_property type: 9, len 4, 0x41023740
I/bt-btif ( 2605): btif_in_storage_request_copy_cb
D/BluetoothAdapterService( 2605): Broadcasting updateAdapterState() to 1 receivers.
D/BluetoothManagerService(  626): Message: 60
D/BluetoothManagerService(  626): MESSAGE_BLUETOOTH_STATE_CHANGE: prevState = 11, newState=12
D/BluetoothManagerService(  626): Broadcasting onBluetoothStateChange(true) to 10 receivers.
D/BluetoothInputDevice( 2096): onBluetoothStateChange: up=true
D/BluetoothPan(  626): onBluetoothStateChange(on) call bindService
D/BluetoothPan(  626): BluetoothPan(), bindService called
D/BluetoothA2dp(  626): onBluetoothStateChange: up=true
D/BluetoothPbap( 2096): onBluetoothStateChange: up=true
I/UsageStats(  626): Deleting usage file : usage-19700119
W/ApplicationContext(  626): Calling a method in the system process without a qualified user: android.app.ContextImpl.bindService:1437 android.bluetooth.BluetoothPan$1.onBluetoothStateChange:173 com.android.server.BluetoothManagerService.sendBluetoothStateCallback:411 
W/ApplicationContext( 2096): Calling a method in the system process without a qualified user: android.app.ContextImpl.bindService:1437 android.content.ContextWrapper.bindService:473 android.bluetooth.BluetoothPbap$1.onBluetoothStateChange:132 
D/BluetoothAdapterService(1090510256)( 2605): getState(): mAdapterProperties: com.android.bluetooth.btservice.AdapterProperties@40ffee30
I/bt-btif ( 2605): execute storage request event : 2
I/bt-btif ( 2605): type: 7, len 4, 0x6e18c10e
D/BTIF_STORAGE( 2605): prop2cfg(L239): in, bd addr:, prop type:7, len:4
D/BTIF_CORE( 2605): HAL bt_hal_cbacks->adapter_properties_cb
I/BluetoothAdapterProperties( 2605): adapterPropertyChangedCallback with type:7 len:4
I/bt-btif ( 2605): execute storage request event : 2
I/bt-btif ( 2605): type: 9, len 4, 0x6e18c15a
D/BTIF_STORAGE( 2605): prop2cfg(L239): in, bd addr:, prop type:9, len:4
D/BTIF_CORE( 2605): HAL bt_hal_cbacks->adapter_properties_cb
I/BluetoothAdapterProperties( 2605): adapterPropertyChangedCallback with type:9 len:4
E/bt_h4   ( 2605): vendor lib postload completed
D/BluetoothAdapterService(1090510256)( 2605): Get Bonded Devices being called
D/BluetoothHeadset(  626): onBluetoothStateChange: up=true
D/BluetoothHeadset(  938): onBluetoothStateChange: up=true
D/BluetoothA2dp( 2096): onBluetoothStateChange: up=true
D/BluetoothHeadset( 2096): onBluetoothStateChange: up=true
D/BluetoothHeadset(  938): onBluetoothStateChange: up=true
D/BluetoothPan( 2096): onBluetoothStateChange(on) call bindService
W/ApplicationContext( 2096): Calling a method in the system process without a qualified user: android.app.ContextImpl.bindService:1437 android.content.ContextWrapper.bindService:473 android.bluetooth.BluetoothPan$1.onBluetoothStateChange:173 
D/BluetoothPan( 2096): BluetoothPan(), bindService called
D/BluetoothManagerService(  626): Bluetooth State Change Intent: 11 -> 12
D/BluetoothAdapterService( 2605): Auto Connecting Headset Profile with device 00:19:8E:08:1A:8F
D/BluetoothAdapterService(1090510256)( 2605): getState(): mAdapterProperties: com.android.bluetooth.btservice.AdapterProperties@40ffee30
I/BluetoothHeadsetServiceJni( 2605): connectHfpNative: sBluetoothHfpInterface: 0x73f72908
I/bt-btif ( 2605): BTHF: connect
D/        ( 2605): port_release_port: port_release_port, p_port:0x73faa9b4
D/        ( 2605): port_release_port: port_release_port, p_port:0x73faaa60
I/bt-btif ( 2605): btif_dm_upstreams_cback  ev: BTA_DM_BUSY_LEVEL_EVT
D/BluetoothAdapterService(1090510256)( 2605): getState(): mAdapterProperties: com.android.bluetooth.btservice.AdapterProperties@40ffee30
D/BluetoothAdapterProperties( 2605): CONNECTION_STATE_CHANGE: 00:19:8E:08:1A:8F: 0 -> 1
D/dalvikvm( 2605): GC_CONCURRENT freed 247K, 16% free 2429K/2860K, paused 2ms+1ms, total 14ms
D/BluetoothAdapterService(1090510256)( 2605): Get Bonded Devices being called
D/BluetoothAdapterService(1090510256)( 2605): getState(): mAdapterProperties: com.android.bluetooth.btservice.AdapterProperties@40ffee30
D/BluetoothAdapterService( 2605): Auto Connecting A2DP Profile with device 00:19:8E:08:1A:8F
D/BluetoothManagerService(  626): checkIfCallerIsForegroundUser: valid=true callingUser=0 foregroundUser=0
D/A2dpStateMachine( 2605): Disconnected process message: 1
W/BluetoothAdapter( 2605): getBluetoothService() called with no BluetoothManagerCallback
D/BluetoothAdapterService(1090510256)( 2605): getState(): mAdapterProperties: com.android.bluetooth.btservice.AdapterProperties@40ffee30
D/BluetoothAdapterService(1090510256)( 2605): getState(): mAdapterProperties: com.android.bluetooth.btservice.AdapterProperties@40ffee30
D/BluetoothAdapterService(1090510256)( 2605): Get Bonded Devices being called
E/BluetoothServiceJni( 2605): SOCK FLAG = 1 ***********************
D/        ( 2605): port_allocate_port: rfc_cb.port.port[3] allocated, last_port:3
D/dalvikvm(  798): GC_CONCURRENT freed 27K, 14% free 10869K/12628K, paused 20ms+2ms, total 55ms
D/BluetoothAdapterService(1090510256)( 2605): Get Bonded Devices being called
D/BluetoothAdapterService(1090510256)( 2605): getState(): mAdapterProperties: com.android.bluetooth.btservice.AdapterProperties@40ffee30
D/BluetoothAdapterService(1090510256)( 2605): Get Bonded Devices being called
I/BluetoothA2dpServiceJni( 2605): connectA2dpNative: sBluetoothA2dpInterface: 0x73f72960
I/bt-btif ( 2605): connect
I/bt-btif ( 2605): connect
D/A2dpStateMachine( 2605): Exit Disconnected: 1
D/A2dpStateMachine( 2605): Enter Pending: 1
D/BluetoothAdapterService(1090510256)( 2605): getState(): mAdapterProperties: com.android.bluetooth.btservice.AdapterProperties@40ffee30
D/A2dpStateMachine( 2605): Connection state 00:19:8E:08:1A:8F: 0->1
D/BluetoothAdapterService(1090510256)( 2605): getState(): mAdapterProperties: com.android.bluetooth.btservice.AdapterProperties@40ffee30
D/BluetoothAdapterService(1090510256)( 2605): getState(): mAdapterProperties: com.android.bluetooth.btservice.AdapterProperties@40ffee30
E/I       ( 1406): Receive:android.intent.action.SCREEN_OFF
D/BluetoothAdapterService(1090510256)( 2605): Get Bonded Devices being called
E/Command ( 1406): Start Command
E/Command ( 1406): Start Command
E/Command ( 1406): Start Command
D/NfcService(  944): NFC-C OFF, disconnect
D/BluetoothAdapterService(1090510256)( 2605): getState(): mAdapterProperties: com.android.bluetooth.btservice.AdapterProperties@40ffee30
D/BluetoothAdapterService(1090510256)( 2605): Get Bonded Devices being called
D/BluetoothAdapterService(1090510256)( 2605): getState(): mAdapterProperties: com.android.bluetooth.btservice.AdapterProperties@40ffee30
D/BluetoothAdapterService(1090510256)( 2605): getState(): mAdapterProperties: com.android.bluetooth.btservice.AdapterProperties@40ffee30
D/CachedBluetoothDevice( 2096): onProfileStateChanged: profile HEADSET newProfileState 1
D/BluetoothAdapterService(1090510256)( 2605): getState(): mAdapterProperties: com.android.bluetooth.btservice.AdapterProperties@40ffee30
D/NfcService(  944): NFC-EE OFF
W/ApplicationContext( 2096): Calling a method in the system process without a qualified user: android.app.ContextImpl.startService:1383 android.content.ContextWrapper.startService:450 android.content.ContextWrapper.startService:450 
D/BluetoothPbap( 2096): Proxy object connected
D/PbapServerProfile( 2096): Bluetooth service connected
D/CachedBluetoothDevice( 2096): onProfileStateChanged: profile A2DP newProfileState 1
D/BluetoothAdapterService(1090510256)( 2605): getState(): mAdapterProperties: com.android.bluetooth.btservice.AdapterProperties@40ffee30
D/DockEventReceiver( 2096): finishStartingService: stopping service
I/ActivityManager(  626): No longer want com.quoord.tapatalkxda.activity (pid 2293): empty #17
V/BluetoothMasReceiver( 2605): BluetoothMasReceiver onReceive :android.bluetooth.adapter.action.STATE_CHANGED
E/BluetoothMasReceiver( 2605): BluetoothMasReceiver onReceive :android.bluetooth.adapter.action.STATE_CHANGED
D/BluetoothMasReceiver( 2605): Bluetooth STATE CHANGED to 12
E/BluetoothMasService( 2605): Map Service onStartCommand
E/BluetoothMasService( 2605): action: android.bluetooth.adapter.action.STATE_CHANGED
D/BluetoothManagerService(  626): checkIfCallerIsForegroundUser: valid=true callingUser=0 foregroundUser=0
W/BluetoothAdapter( 2605): getBluetoothService() called with no BluetoothManagerCallback
E/BluetoothServiceJni( 2605): SOCK FLAG = 0 ***********************
D/        ( 2605): port_allocate_port: rfc_cb.port.port[4] allocated, last_port:4
I/BtOppRfcommListener( 2605): Accept thread started.
D/dalvikvm( 1112): GC_CONCURRENT freed 386K, 18% free 3090K/3728K, paused 3ms+7ms, total 35ms
D/BluetoothAdapterService(1090510256)( 2605): getState(): mAdapterProperties: com.android.bluetooth.btservice.AdapterProperties@40ffee30
D/dalvikvm(  966): GC_CONCURRENT freed 392K, 19% free 2640K/3236K, paused 2ms+3ms, total 18ms
D/dalvikvm(  626): GC_EXPLICIT freed 343K, 13% free 15809K/18156K, paused 2ms+6ms, total 66ms
D/dalvikvm(  966): GC_CONCURRENT freed 391K, 19% free 2634K/3236K, paused 2ms+4ms, total 17ms
D/dalvikvm(  626): GC_EXPLICIT freed 108K, 13% free 15797K/18156K, paused 2ms+6ms, total 66ms
D/dalvikvm(  966): GC_CONCURRENT freed 394K, 19% free 2647K/3236K, paused 2ms+4ms, total 31ms
D/dalvikvm(  626): GC_EXPLICIT freed 86K, 13% free 15797K/18156K, paused 3ms+6ms, total 69ms
D/dalvikvm(  966): GC_CONCURRENT freed 404K, 19% free 2646K/3236K, paused 6ms+3ms, total 30ms
D/dalvikvm(  626): GC_EXPLICIT freed 86K, 13% free 15797K/18156K, paused 2ms+5ms, total 67ms
D/dalvikvm(  626): GC_EXPLICIT freed 104K, 13% free 15801K/18156K, paused 3ms+6ms, total 91ms
D/dalvikvm(  966): GC_CONCURRENT freed 392K, 19% free 2643K/3236K, paused 2ms+2ms, total 20ms
D/dalvikvm(  626): GC_EXPLICIT freed 87K, 13% free 15800K/18156K, paused 3ms+6ms, total 67ms
D/dalvikvm(  966): GC_CONCURRENT freed 408K, 19% free 2644K/3236K, paused 4ms+4ms, total 35ms
D/dalvikvm(  626): GC_EXPLICIT freed 86K, 13% free 15800K/18156K, paused 2ms+6ms, total 67ms
D/dalvikvm(  966): GC_CONCURRENT freed 404K, 19% free 2644K/3236K, paused 4ms+2ms, total 32ms
D/dalvikvm(  626): GC_EXPLICIT freed 85K, 13% free 15800K/18156K, paused 2ms+6ms, total 67ms
D/dalvikvm(  966): GC_CONCURRENT freed 402K, 19% free 2647K/3236K, paused 5ms+2ms, total 31ms
D/dalvikvm(  626): GC_EXPLICIT freed 86K, 13% free 15800K/18156K, paused 3ms+6ms, total 67ms
D/dalvikvm(  966): GC_CONCURRENT freed 406K, 19% free 2650K/3240K, paused 4ms+7ms, total 39ms
D/dalvikvm(  626): GC_EXPLICIT freed 86K, 13% free 15800K/18156K, paused 3ms+6ms, total 67ms
V/TransportControlView(  626): Create TCV com.android.internal.policy.impl.keyguard.KeyguardTransportControlView{414aff20 V.E..... ......I. 0,0-0,0 #1020308 android:id/keyguard_transport_control}
I/ActivityManager(  626): Start proc com.android.mms for service com.android.mms/.widget.MmsWidgetService: pid=2670 uid=10026 gids={50026, 3003, 1015, 1028}
I/ActivityThread( 2670): Pub mms_temp_file: com.android.mms.TempFileProvider
I/ActivityThread( 2670): Pub com.android.mms.SuggestionsProvider: com.android.mms.SuggestionsProvider
I/ActivityThread( 2670): Pub com.android.cm.mms: com.android.mms.templates.TemplatesProvider
W/bt-sdp  ( 2605): SDP - Rcvd conn cnf with error: 0x4  CID 0x40
D/        ( 2605): port_allocate_port: rfc_cb.port.port[5] allocated, last_port:5
D/        ( 2605): port_allocate_port: rfc_cb.port.port[6] allocated, last_port:6
I/bt-btif ( 2605): btif_dm_upstreams_cback  ev: BTA_DM_BUSY_LEVEL_EVT
D/bt-btif ( 2605): btif_hf_upstreams_evt: event=BTA_AG_OPEN_EVT
D/BTIF_HF ( 2605): HAL bt_hf_callbacks->connection_state_cb
I/BluetoothHeadsetServiceJni( 2605): connection_state_callback
I/bt-btif ( 2605): connect_int
D/bt-btif ( 2605): btif_av_state_idle_handler event:BTIF_AV_CONNECT_REQ_EVT flags 0
E/bt-btif ( 2605): reset flags
D/bt-btif ( 2605): btif_av_state_idle_handler event:BTIF_SM_EXIT_EVT flags 0
D/bt-btif ( 2605): btif_av_state_opening_handler event:BTIF_SM_ENTER_EVT flags 0
D/BTIF_AV ( 2605): HAL bt_av_callbacks->connection_state_cb
I/BluetoothA2dpServiceJni( 2605): bta2dp_connection_state_callback
D/BluetoothAdapterService(1090510256)( 2605): getState(): mAdapterProperties: com.android.bluetooth.btservice.AdapterProperties@40ffee30
D/CountryDetector(  626): The first listener is added
I/bt-btif ( 2605): btif_dm_upstreams_cback  ev: BTA_DM_BUSY_LEVEL_EVT
D/A2dpStateMachine( 2605): Pending process message: 101
D/A2dpStateMachine( 2605): Stack and target device are connecting
I/LocalBluetoothProfileManager( 2096): Failed to connect HEADSET device
D/CachedBluetoothDevice( 2096): onProfileStateChanged: profile HEADSET newProfileState 0
D/BluetoothAdapterService(1090510256)( 2605): getState(): mAdapterProperties: com.android.bluetooth.btservice.AdapterProperties@40ffee30
D/dalvikvm( 2670): GC_CONCURRENT freed 165K, 13% free 2546K/2896K, paused 2ms+1ms, total 29ms
V/MmsConfig( 2670): mnc/mcc: 310120
V/MmsConfig( 2670): tag: int value: maxMessageSize - 307200
V/MmsConfig( 2670): tag: int value: maxImageHeight - 480
V/MmsConfig( 2670): tag: int value: maxImageWidth - 640
V/MmsConfig( 2670): tag: bool value: enableMultipartSMS - true
V/MmsConfig( 2670): tag: bool value: enableSplitSMS - false
V/MmsConfig( 2670): tag: string value: userAgent - SAMSUNG-GT-I9100-Mms
V/MmsConfig( 2670): tag: string value: uaProfUrl - http://wap.samsungmobile.com/uaprof/GT-I9100.xml
D/dalvikvm(  626): GC_EXPLICIT freed 900K, 10% free 17175K/18892K, paused 4ms+10ms, total 140ms
D/dalvikvm( 2670): GC_CONCURRENT freed 226K, 13% free 2790K/3200K, paused 2ms+1ms, total 20ms
D/PhoneStatusBar(  798): disable: < expand icons alerts ticker system_info back home RECENT* clock search >
D/dalvikvm(  938): GC_CONCURRENT freed 311K, 16% free 2753K/3244K, paused 3ms+1ms, total 29ms
D/dalvikvm(  626): GC_FOR_ALLOC freed 167K, 10% free 17083K/18892K, paused 57ms, total 57ms
I/dalvikvm-heap(  626): Grow heap (frag case) to 20.376MB for 3686416-byte allocation
D/dalvikvm( 2670): GC_CONCURRENT freed 216K, 12% free 3049K/3448K, paused 3ms+2ms, total 33ms
D/dalvikvm(  626): GC_FOR_ALLOC freed 6K, 9% free 20676K/22496K, paused 69ms, total 69ms
D/dalvikvm(  966): GC_CONCURRENT freed 396K, 19% free 2640K/3240K, paused 3ms+3ms, total 34ms
D/dalvikvm(  626): GC_CONCURRENT freed 38K, 9% free 20690K/22496K, paused 12ms+8ms, total 84ms
D/PhoneStatusBar(  798): disable: < expand icons alerts ticker system_info BACK* HOME* RECENT CLOCK* search >
D/dalvikvm( 2670): GREF has increased to 201
D/dalvikvm( 2670): GC_CONCURRENT freed 305K, 14% free 3150K/3640K, paused 2ms+13ms, total 36ms
E/Mms     ( 2670): [243] Tried to add duplicate Conversation to Cache for threadId: 2 new conv: [(218) 329-8996] (tid 2)
E/GooglePlusContactsSync( 2180): Could not refresh posts
E/GooglePlusContactsSync( 2180): org.apache.http.conn.ConnectTimeoutException: Connect to /173.194.64.95:443 timed out
E/GooglePlusContactsSync( 2180): 	at org.apache.http.conn.scheme.PlainSocketFactory.connectSocket(PlainSocketFactory.java:121)
E/GooglePlusContactsSync( 2180): 	at org.apache.http.impl.conn.DefaultClientConnectionOperator.openConnection(DefaultClientConnectionOperator.java:144)
E/GooglePlusContactsSync( 2180): 	at org.apache.http.impl.conn.AbstractPoolEntry.open(AbstractPoolEntry.java:164)
E/GooglePlusContactsSync( 2180): 	at org.apache.http.impl.conn.AbstractPooledConnAdapter.open(AbstractPooledConnAdapter.java:119)
E/GooglePlusContactsSync( 2180): 	at org.apache.http.impl.client.DefaultRequestDirector.execute(DefaultRequestDirector.java:360)
E/GooglePlusContactsSync( 2180): 	at org.apache.http.impl.client.AbstractHttpClient.execute(AbstractHttpClient.java:555)
E/GooglePlusContactsSync( 2180): 	at org.apache.http.impl.client.AbstractHttpClient.execute(AbstractHttpClient.java:487)
E/GooglePlusContactsSync( 2180): 	at org.apache.http.impl.client.AbstractHttpClient.execute(AbstractHttpClient.java:465)
E/GooglePlusContactsSync( 2180): 	at com.google.android.apps.plus.network.HttpTransaction.execute(HttpTransaction.java:326)
E/GooglePlusContactsSync( 2180): 	at com.google.android.apps.plus.network.HttpOperation.start(HttpOperation.java:214)
E/GooglePlusContactsSync( 2180): 	at com.google.android.apps.plus.network.HttpOperation.start(HttpOperation.java:179)
E/GooglePlusContactsSync( 2180): 	at com.google.android.apps.plus.content.EsPostsData.doActivityStreamSync(EsPostsData.java:302)
E/GooglePlusContactsSync( 2180): 	at com.google.android.apps.plus.service.AndroidContactsSync.syncRawContact(AndroidContactsSync.java:1122)
E/GooglePlusContactsSync( 2180): 	at com.google.android.apps.plus.service.AndroidContactsSync.updateMyProfile(AndroidContactsSync.java:1436)
E/GooglePlusContactsSync( 2180): 	at com.google.android.apps.plus.service.AndroidContactsSync.syncContactsForCurrentAccount(AndroidContactsSync.java:832)
E/GooglePlusContactsSync( 2180): 	at com.google.android.apps.plus.service.AndroidContactsSync$AndroidContactsSyncThread.syncContactsForCurrentAccount(AndroidContactsSync.java:768)
E/GooglePlusContactsSync( 2180): 	at com.google.android.apps.plus.service.AndroidContactsSync$AndroidContactsSyncThread.run(AndroidContactsSync.java:760)
D/dalvikvm(  938): GC_EXPLICIT freed 81K, 16% free 2736K/3244K, paused 2ms+3ms, total 22ms
D/dalvikvm( 2670): GC_CONCURRENT freed 381K, 16% free 3158K/3724K, paused 2ms+2ms, total 22ms
D/dalvikvm(  626): GC_EXPLICIT freed 6000K, 28% free 16477K/22664K, paused 6ms+9ms, total 91ms
D/dalvikvm( 2670): GC_CONCURRENT freed 384K, 16% free 3174K/3744K, paused 3ms+4ms, total 24ms
D/dalvikvm(  966): GC_CONCURRENT freed 393K, 19% free 2632K/3240K, paused 20ms+2ms, total 42ms
D/dalvikvm( 2670): GC_CONCURRENT freed 430K, 17% free 3175K/3788K, paused 2ms+7ms, total 44ms
D/dalvikvm(  626): GC_EXPLICIT freed 1582K, 27% free 16757K/22664K, paused 3ms+16ms, total 110ms
D/dalvikvm( 2670): GC_CONCURRENT freed 423K, 17% free 3154K/3788K, paused 2ms+4ms, total 30ms
D/dalvikvm( 2670): GC_CONCURRENT freed 391K, 17% free 3159K/3788K, paused 1ms+5ms, total 24ms
D/dalvikvm( 2351): GC_CONCURRENT freed 2641K, 51% free 2793K/5620K, paused 5ms+2ms, total 23ms
D/dalvikvm(  938): GC_EXPLICIT freed 167K, 14% free 2818K/3244K, paused 2ms+3ms, total 22ms
D/dalvikvm( 2670): GC_CONCURRENT freed 388K, 16% free 3185K/3788K, paused 2ms+3ms, total 28ms
D/dalvikvm(  626): GC_EXPLICIT freed 2050K, 26% free 16859K/22664K, paused 3ms+9ms, total 83ms
D/dalvikvm( 2670): GC_CONCURRENT freed 397K, 17% free 3180K/3788K, paused 2ms+3ms, total 21ms
D/dalvikvm( 2670): GC_CONCURRENT freed 414K, 17% free 3174K/3788K, paused 3ms+3ms, total 43ms
D/dalvikvm(  966): GC_CONCURRENT freed 385K, 19% free 2639K/3240K, paused 2ms+8ms, total 100ms
D/dalvikvm( 2670): GC_CONCURRENT freed 413K, 17% free 3175K/3788K, paused 1ms+2ms, total 37ms
D/dalvikvm( 1267): GC_CONCURRENT freed 381K, 19% free 2401K/2964K, paused 1ms+1ms, total 28ms
W/bt-sdp  ( 2605): SDP - Rcvd conn cnf with error: 0x4  CID 0x41
I/bt-btif ( 2605): btif_dm_upstreams_cback  ev: BTA_DM_BUSY_LEVEL_EVT
I/bt-btif ( 2605): btif_dm_upstreams_cback  ev: BTA_DM_BUSY_LEVEL_EVT
D/dalvikvm( 2670): GC_CONCURRENT freed 422K, 16% free 3184K/3788K, paused 2ms+4ms, total 41ms
D/dalvikvm(  626): GC_EXPLICIT freed 2628K, 26% free 16926K/22664K, paused 15ms+10ms, total 108ms
D/dalvikvm(  938): GC_EXPLICIT freed 250K, 14% free 2818K/3256K, paused 1ms+3ms, total 21ms
D/dalvikvm( 2670): GC_CONCURRENT freed 365K, 15% free 3220K/3788K, paused 2ms+3ms, total 25ms
D/dalvikvm(  626): JIT code cache reset in 2 ms (1048540 bytes 1/0)
D/dalvikvm(  626): GC_EXPLICIT freed 1209K, 26% free 16893K/22664K, paused 3ms+9ms, total 86ms
D/dalvikvm(  966): GC_CONCURRENT freed 391K, 19% free 2637K/3240K, paused 12ms+2ms, total 39ms
D/dalvikvm(  626): GC_EXPLICIT freed 164K, 26% free 16815K/22664K, paused 7ms+8ms, total 95ms
D/dalvikvm(  966): GC_CONCURRENT freed 382K, 19% free 2641K/3240K, paused 3ms+3ms, total 19ms
D/dalvikvm(  626): GC_EXPLICIT freed 85K, 26% free 16815K/22664K, paused 4ms+5ms, total 74ms
D/dalvikvm(  966): GC_CONCURRENT freed 399K, 19% free 2638K/3240K, paused 2ms+3ms, total 20ms
D/dalvikvm(  626): GC_EXPLICIT freed 86K, 26% free 16815K/22664K, paused 10ms+8ms, total 94ms
E/MP-Decision( 1257): DOWN Ld:40 Ns:1.100000 Ts:190 rq:1.100000 seq:195.000000
D/dalvikvm(  966): GC_CONCURRENT freed 388K, 19% free 2637K/3240K, paused 2ms+3ms, total 18ms
D/dalvikvm(  626): GC_EXPLICIT freed 85K, 26% free 16815K/22664K, paused 3ms+6ms, total 75ms
D/dalvikvm(  966): GC_CONCURRENT freed 387K, 19% free 2637K/3240K, paused 2ms+2ms, total 16ms
D/dalvikvm(  626): GC_EXPLICIT freed 86K, 26% free 16815K/22664K, paused 3ms+5ms, total 75ms
D/dalvikvm(  966): GC_CONCURRENT freed 387K, 19% free 2638K/3240K, paused 2ms+2ms, total 16ms
D/dalvikvm(  626): GC_EXPLICIT freed 85K, 26% free 16815K/22664K, paused 3ms+8ms, total 78ms
D/dalvikvm(  966): GC_CONCURRENT freed 386K, 19% free 2638K/3240K, paused 2ms+2ms, total 16ms
D/dalvikvm(  626): GC_EXPLICIT freed 86K, 26% free 16815K/22664K, paused 3ms+6ms, total 75ms
D/dalvikvm(  966): GC_CONCURRENT freed 387K, 19% free 2639K/3240K, paused 2ms+4ms, total 20ms
D/dalvikvm(  626): GC_EXPLICIT freed 85K, 26% free 16815K/22664K, paused 3ms+9ms, total 78ms
W/bt-btif ( 2605): bta_dm_rm_cback:0, status:1
W/bt-btif ( 2605): bta_dm_act no entry for connected service cbs
I/bt-btif ( 2605): btif_dm_upstreams_cback  ev: BTA_DM_BUSY_LEVEL_EVT
D/bt-btif ( 2605): btif_av_state_opening_handler event:BTA_AV_OPEN_EVT flags 0
D/bt-btif ( 2605): status:3
W/bt-btif ( 2605): BTA_AV_OPEN_EVT::FAILED status: 3
D/BTIF_AV ( 2605): HAL bt_av_callbacks->connection_state_cb
I/BluetoothA2dpServiceJni( 2605): bta2dp_connection_state_callback
D/bt-btif ( 2605): btif_av_state_opening_handler event:BTIF_SM_EXIT_EVT flags 0
D/bt-btif ( 2605): btif_av_state_idle_handler event:BTIF_SM_ENTER_EVT flags 0
D/A2dpStateMachine( 2605): Pending process message: 101
D/A2dpStateMachine( 2605): Enter Disconnected: 101
D/A2dpStateMachine( 2605): Connection state 00:19:8E:08:1A:8F: 1->0
D/BluetoothAdapterService(1090510256)( 2605): getState(): mAdapterProperties: com.android.bluetooth.btservice.AdapterProperties@40ffee30
