--------- beginning of /dev/log/system
I/Vold    (  237): Vold 2.1 (the revenge) firing up
D/Vold    (  237): Volume sdcard state changing -1 (Initializing) -> 0 (No-Media)
D/Vold    (  237): Volume sda state changing -1 (Initializing) -> 0 (No-Media)
D/Vold    (  237): Volume sdcard state changing 0 (No-Media) -> 2 (Pending)
D/DirectVolume(  237): DirectVolume::handlePartitionAdded -> MAJOR 179, MINOR 97, PARTN 1
D/Vold    (  237): Volume sdcard state changing 2 (Pending) -> 1 (Idle-Unmounted)
D/QMI_FW  (  253): QCCI: xport_open[13]: max_rx_len=0
D/QMI_FW  (  253): QCCI: Lookup: type=24 instance=1
D/QMI_FW  (  253): QCCI: xport_open[14]: max_rx_len=0
D/QMI_FW  (  253): QCCI: Lookup: type=23 instance=1
D/QMI_FW  (  253): QCCI: QMUXD: xport_open[0] for service_id=24 max_rx_len=0
D/QMI_FW  (  253): QCCI: QMUXD: xport_open[0] for service_id=23 max_rx_len=0
D/QMI_FW  (  253): QCCI: xport_open[21]: max_rx_len=0
D/QMI_FW  (  253): QCCI: Lookup: type=24 instance=1
D/QMI_FW  (  253): QCCI: QMUXD: xport_open[0] for service_id=24 max_rx_len=0
D/QMI_FW  (  253): QCCI: reader_thread: wakeup_pipe[0]=1 ch=a
D/QMI_FW  (  253): QCCI: reader_thread: wakeup_pipe[0]=1 ch=a
D/QMI_FW  (  584): QCSI: xport_open[16]: max_rx_len=3086
D/QMI_FW  (  584): QCSI: xport_reg[16]: service_id=0xe version=0x1
D/QMI_FW  (  253): QCCI: reader_thread: wakeup_pipe[0]=1 ch=a
D/QMI_FW  (  253): QCCI: Received NEW_SERVER cmd for 0000000f:00000001
D/QMI_FW  (  253): QCCI: Received NEW_SERVER cmd for 00000100:00000100
D/QMI_FW  (  584): QCSI: QMI_CSI_RX: cntl_flag - 00, txn_id - 0001, msg_id - 0001, msg_len - 0012
D/QMI_FW  (  253): QCCI: Received NEW_SERVER cmd for 0000000f:00000001
D/QMI_FW  (  253): QCCI: Received NEW_SERVER cmd for 00000100:00000100
D/QMI_FW  (  253): QCCI: Received NEW_SERVER cmd for 0000000f:00000001
D/QMI_FW  (  253): QCCI: Received NEW_SERVER cmd for 00000100:00000100
D/QMI_FW  (  584): QCSI: control_thread: wakeup_pipe[0]=1 ch=a
D/QMI_FW  (  584): QCSI: QMI_CSI_TX: cntl_flag - 02, txn_id - 0001, msg_id - 0001, msg_len - 000e
D/QMI_FW  (  584): QCSI: Sent[16]: 21 bytes to port 1024
D/QMI_FW  (  584): QCSI: QMI_CSI_RX: cntl_flag - 00, txn_id - 0001, msg_id - 0001, msg_len - 0012
D/QMI_FW  (  584): QCSI: QMI_CSI_TX: cntl_flag - 02, txn_id - 0001, msg_id - 0001, msg_len - 000e
D/QMI_FW  (  584): QCSI: Sent[16]: 21 bytes to port 1280
D/QMI_FW  (  584): QCSI: QMI_CSI_RX: cntl_flag - 00, txn_id - 0001, msg_id - 0001, msg_len - 0012
D/QMI_FW  (  584): QCSI: QMI_CSI_TX: cntl_flag - 02, txn_id - 0001, msg_id - 0001, msg_len - 000e
D/QMI_FW  (  584): QCSI: Sent[16]: 21 bytes to port 1536
D/QMI_FW  (  584): QCSI: QMI_CSI_RX: cntl_flag - 00, txn_id - 0002, msg_id - 0004, msg_len - 000e
D/QMI_FW  (  584): QCSI: QMI_CSI_TX: cntl_flag - 02, txn_id - 0002, msg_id - 0004, msg_len - 0012
D/QMI_FW  (  584): QCSI: Sent[16]: 25 bytes to port 1024
D/QMI_FW  (  584): QCSI: QMI_CSI_RX: cntl_flag - 00, txn_id - 0002, msg_id - 0003, msg_len - 002b
D/QMI_FW  (  584): QCSI: QMI_CSI_TX: cntl_flag - 02, txn_id - 0002, msg_id - 0003, msg_len - 0007
D/QMI_FW  (  584): QCSI: Sent[16]: 14 bytes to port 1536
D/QMI_FW  (  584): QCSI: QMI_CSI_RX: cntl_flag - 00, txn_id - 0003, msg_id - 0003, msg_len - 002b
D/QMI_FW  (  584): QCSI: QMI_CSI_TX: cntl_flag - 02, txn_id - 0003, msg_id - 0003, msg_len - 0007
D/QMI_FW  (  584): QCSI: Sent[16]: 14 bytes to port 1024
D/QMI_FW  (  584): QCSI: QMI_CSI_RX: cntl_flag - 00, txn_id - 0002, msg_id - 0003, msg_len - 002b
D/QMI_FW  (  584): QCSI: QMI_CSI_TX: cntl_flag - 02, txn_id - 0002, msg_id - 0003, msg_len - 0007
D/QMI_FW  (  584): QCSI: Sent[16]: 14 bytes to port 1280
D/QMI_FW  (  584): QCSI: QMI_CSI_RX: cntl_flag - 00, txn_id - 0003, msg_id - 0003, msg_len - 001f
D/QMI_FW  (  584): QCSI: QMI_CSI_TX: cntl_flag - 02, txn_id - 0003, msg_id - 0003, msg_len - 0007
D/QMI_FW  (  584): QCSI: Sent[16]: 14 bytes to port 1280
D/QMI_FW  (  584): QCSI: xport_handle_event[16]
I/SystemServer(  626): Entered the Android system server!
I/SystemServer(  626): Enabled StrictMode logging for UI Looper
I/SystemServer(  626): Waiting for installd to be ready.
I/Installer(  626): connecting...
I/SystemServer(  626): Entropy Mixer
I/SystemServer(  626): Enabled StrictMode logging for WM Looper
I/SystemServer(  626): Power Manager
I/SystemServer(  626): Activity Manager
I/ActivityManager(  626): Memory class: 192
I/ActivityManager(  626): Enabled StrictMode logging for AThread's Looper
I/SystemServer(  626): Display Manager
I/SystemServer(  626): Telephony Registry
I/DisplayManagerService(  626): Display device added: DisplayDeviceInfo{"Built-in Screen": 720 x 1280, -1.0E9 fps, density 320, 304.799 x 303.85 dpi, touch INTERNAL, FLAG_DEFAULT_DISPLAY, FLAG_ROTATES_WITH_CONTENT, FLAG_SECURE, FLAG_SUPPORTS_PROTECTED_BUFFERS, rotation 0, type BUILT_IN, address null}
I/SystemServer(  626): Scheduling Policy
I/SystemServer(  626): Package Manager
D/QMI_FW  (  253): QCCI: Received NEW_SERVER cmd for 00000016:00000101
D/QMI_FW  (  253): QCCI: Received NEW_SERVER cmd for 00000016:00000101
D/QMI_FW  (  253): QCCI: Received NEW_SERVER cmd for 00000016:00000101
D/QMI_FW  (  253): QCCI: Received NEW_SERVER cmd for 000000e8:00000101
D/QMI_FW  (  253): QCCI: Received NEW_SERVER cmd for 000000e8:00000101
D/QMI_FW  (  253): QCCI: Received NEW_SERVER cmd for 000000e8:00000101
D/QMI_FW  (  253): QCCI: Received NEW_SERVER cmd for 00000018:00000001
D/QMI_FW  (  253): QCCI: Received NEW_SERVER cmd for 00000018:00000001
D/QMI_FW  (  253): QCCI: Received NEW_SERVER cmd for 00000018:00000001
D/QMI_FW  (  253): QCCI: Received NEW_SERVER cmd for 00000013:00000101
D/QMI_FW  (  253): QCCI: Received NEW_SERVER cmd for 00000013:00000101
D/QMI_FW  (  253): QCCI: Received NEW_SERVER cmd for 00000013:00000101
W/PackageManager(  626): Running ENG build: no pre-dexopt!
W/PackageParser(  626): No actions in intent filter at /system/app/Bluetooth.apk Binary XML file line #206
W/PackageParser(  626): No actions in intent filter at /system/app/Bluetooth.apk Binary XML file line #233
W/PackageParser(  626): No actions in intent filter at /system/app/CMFileManager.apk Binary XML file line #127
W/PackageParser(  626): No actions in intent filter at /system/app/Contacts.apk Binary XML file line #546
W/PackageParser(  626): Unknown element under <application>: permission at /system/app/Gallery2.apk Binary XML file line #220
W/PackageParser(  626): Unknown element under <application>: permission at /system/app/Gallery2.apk Binary XML file line #223
W/PackageManager(  626): Skipping provider name com.android.browser (in package com.android.browser.provider): name already used by com.android.browser
W/PackageManager(  626): Skipping provider name browser (in package com.android.browser.provider): name already used by com.android.browser
W/PackageParser(  626): No actions in intent filter at /data/app/com.quoord.tapatalkxda.activity-1.apk Binary XML file line #34
W/PackageParser(  626): No actions in intent filter at /data/app/com.quoord.tapatalkxda.activity-1.apk Binary XML file line #80
W/PackageParser(  626): No actions in intent filter at /data/app/com.quoord.tapatalkxda.activity-1.apk Binary XML file line #98
W/PackageParser(  626): No actions in intent filter at /data/app/com.quoord.tapatalkxda.activity-1.apk Binary XML file line #116
W/PackageParser(  626): No actions in intent filter at /data/app/com.quoord.tapatalkxda.activity-1.apk Binary XML file line #129
W/PackageParser(  626): No actions in intent filter at /data/app/com.quoord.tapatalkxda.activity-1.apk Binary XML file line #142
W/PackageParser(  626): No actions in intent filter at /data/app/com.quoord.tapatalkxda.activity-1.apk Binary XML file line #154
W/PackageParser(  626): No actions in intent filter at /data/app/com.quoord.tapatalkxda.activity-1.apk Binary XML file line #181
W/PackageParser(  626): No actions in intent filter at /data/app/com.quoord.tapatalkxda.activity-1.apk Binary XML file line #191
W/PackageParser(  626): No actions in intent filter at /data/app/com.quoord.tapatalkxda.activity-1.apk Binary XML file line #201
W/PackageParser(  626): No actions in intent filter at /data/app/com.quoord.tapatalkxda.activity-1.apk Binary XML file line #218
W/PackageParser(  626): No actions in intent filter at /data/app/com.quoord.tapatalkxda.activity-1.apk Binary XML file line #228
W/PackageParser(  626): No actions in intent filter at /data/app/com.quoord.tapatalkxda.activity-1.apk Binary XML file line #238
W/PackageParser(  626): No actions in intent filter at /data/app/com.quoord.tapatalkxda.activity-1.apk Binary XML file line #248
W/PackageParser(  626): No actions in intent filter at /data/app/com.quoord.tapatalkxda.activity-1.apk Binary XML file line #258
W/PackageParser(  626): No actions in intent filter at /data/app/com.quoord.tapatalkxda.activity-1.apk Binary XML file line #268
W/PackageParser(  626): No actions in intent filter at /data/app/com.quoord.tapatalkxda.activity-1.apk Binary XML file line #278
W/PackageParser(  626): No actions in intent filter at /data/app/com.quoord.tapatalkxda.activity-1.apk Binary XML file line #288
W/PackageParser(  626): No actions in intent filter at /data/app/com.quoord.tapatalkxda.activity-1.apk Binary XML file line #298
W/PackageParser(  626): No actions in intent filter at /data/app/com.quoord.tapatalkxda.activity-1.apk Binary XML file line #315
W/PackageParser(  626): No actions in intent filter at /data/app/com.quoord.tapatalkxda.activity-1.apk Binary XML file line #328
W/PackageParser(  626): No actions in intent filter at /data/app/com.quoord.tapatalkxda.activity-1.apk Binary XML file line #336
W/PackageParser(  626): No actions in intent filter at /data/app/com.quoord.tapatalkxda.activity-1.apk Binary XML file line #344
W/PackageParser(  626): No actions in intent filter at /data/app/com.quoord.tapatalkxda.activity-1.apk Binary XML file line #353
W/PackageParser(  626): No actions in intent filter at /data/app/com.quoord.tapatalkxda.activity-1.apk Binary XML file line #387
W/PackageParser(  626): No actions in intent filter at /data/app/com.quoord.tapatalkxda.activity-1.apk Binary XML file line #401
I/PackageManager(  626): Linking native library dir for /data/app/com.quoord.tapatalkxda.activity-1.apk
W/PackageManager(  626): Package com.skype.raider desires unavailable shared library com.htc.hardware.twinCamDevice; ignoring!
W/PackageManager(  626): Package com.skype.raider desires unavailable shared library com.motorola.hardware.frontcamera; ignoring!
W/PackageManager(  626): Package com.skype.raider desires unavailable shared library com.sprint.hardware.twinCamDevice; ignoring!
I/PackageManager(  626): Linking native library dir for /data/app/com.skype.raider-1.apk
I/PackageManager(  626): Linking native library dir for /data/app/com.greenecomputing.linpack-1.apk
I/PackageManager(  626): Linking native library dir for /data/app/com.aurorasoftworks.quadrant.ui.standard-1.apk
I/PackageManager(  626): Linking native library dir for /data/app/vStudio.Android.Camera360-1.apk
W/PackageParser(  626): No actions in intent filter at /data/app/com.bytestorm.speedx-1.apk Binary XML file line #63
I/PackageManager(  626): Linking native library dir for /data/app/com.bytestorm.speedx-1.apk
I/PackageManager(  626): Linking native library dir for /data/app/eu.chainfire.triangleaway-1.apk
I/PackageManager(  626): Linking native library dir for /data/app/com.github.mobile-2.apk
I/PackageManager(  626): Linking native library dir for /data/app/com.google.android.apps.plus-2.apk
I/PackageManager(  626): Linking native library dir for /data/app/kr.sira.sound-1.apk
I/PackageManager(  626): Linking native library dir for /data/app/com.coffeebeanventures.easyvoicerecorder-1.apk
W/PackageParser(  626): Unknown element under <manifest>: meta-data at /data/app/org.cerqueira.theme.Orange-1.apk Binary XML file line #44
I/PackageManager(  626): Linking native library dir for /data/app/org.cerqueira.theme.Orange-1.apk
I/PackageManager(  626): Linking native library dir for /data/app/org.zwanoo.android.speedtest-1.apk
W/PackageParser(  626): Problem in package /data/app/com.glbenchmark.glbenchmark25-2.apk:
W/PackageParser(  626): Unknown element under <activity>: action at /data/app/com.glbenchmark.glbenchmark25-2.apk Binary XML file line #63
I/PackageManager(  626): Linking native library dir for /data/app/com.glbenchmark.glbenchmark25-2.apk
I/PackageManager(  626): Linking native library dir for /data/app/com.chartcross.gpstest-2.apk
D/QMI_FW  (  584): QCSI: QMI_CSI_RX: cntl_flag - 00, txn_id - 0001, msg_id - 0003, msg_len - 002b
D/QMI_FW  (  253): QCCI: Received NEW_SERVER cmd for 00000010:00000002
D/QMI_FW  (  253): QCCI: Received NEW_SERVER cmd for 00000010:00000002
D/QMI_FW  (  253): QCCI: Received NEW_SERVER cmd for 00000010:00000002
D/QMI_FW  (  584): QCSI: xport_handle_event[16]
D/QMI_FW  (  584): QCSI: QMI_CSI_TX: cntl_flag - 02, txn_id - 0001, msg_id - 0003, msg_len - 0007
D/QMI_FW  (  584): QCSI: Sent[16]: 14 bytes to port 2816
D/QMI_FW  (  584): QCSI: Received REMOVE_CLIENT cmd for 00000000:0000000b
I/PackageManager(  626): Linking native library dir for /data/app/com.android.chrome-2.apk
I/PackageManager(  626): Linking native library dir for /data/app/com.google.android.apps.googlevoice-1.apk
I/PackageManager(  626): Linking native library dir for /data/app/com.google.android.apps.maps-2.apk
I/PackageManager(  626): Linking native library dir for /data/app/se.nena.nenamark2-1.apk
I/PackageManager(  626): Linking native library dir for /data/app/com.smartbench.twelve-1.apk
I/PackageManager(  626): Linking native library dir for /data/app/com.android.vending-2.apk
I/PackageManager(  626): Linking native library dir for /data/app/com.google.android.apps.books-2.apk
I/PackageManager(  626): Linking native library dir for /data/app/edu.rit.ritmobile-2.apk
I/PackageManager(  626): Linking native library dir for /data/app/com.google.android.googlequicksearchbox-1.apk
I/PackageManager(  626): Linking native library dir for /data/app/com.andrewshu.android.reddit-2.apk
I/PackageManager(  626): Linking native library dir for /data/app/org.codedivine.rgbenchbw-1.apk
W/PackageParser(  626): Unknown element under <manifest>: supports-gl-texture at /data/app/com.instagram.android-1.apk Binary XML file line #29
I/PackageManager(  626): Linking native library dir for /data/app/com.instagram.android-1.apk
I/PackageManager(  626): Linking native library dir for /data/app/org.codedivine.rgbench-1.apk
W/PackageParser(  626): Unknown element under <manifest>: compatible-screen at /data/app/com.cnn.mobile.android.phone-2.apk Binary XML file line #6
I/PackageManager(  626): Linking native library dir for /data/app/com.cnn.mobile.android.phone-2.apk
I/PackageManager(  626): Linking native library dir for /data/app/com.google.zxing.client.android-2.apk
I/PackageManager(  626): Linking native library dir for /data/app/com.google.android.apps.walletnfcrel-2.apk
I/PackageManager(  626): Linking native library dir for /data/app/com.google.android.gms-2.apk
I/PackageManager(  626): Time to scan packages: 4.462 seconds
W/PackageManager(  626): Not granting permission android.permission.READ_LOGS to package com.cnn.mobile.android.phone (protectionLevel=50 flags=0x8be44)
W/PackageManager(  626): Unknown permission android.permission.ADD_SYSTEM_SERVICE in package com.android.phone
W/PackageManager(  626): Not granting permission android.permission.WRITE_SECURE_SETTINGS to package com.google.android.apps.walletnfcrel (protectionLevel=50 flags=0x83e44)
W/PackageManager(  626): Unknown permission com.android.nfc.permission.NFCEE_ADMIN in package com.google.android.apps.walletnfcrel
W/PackageManager(  626): Unknown permission com.android.vending.billing.IBillingAccountService.BIND2 in package com.google.android.gsf.login
W/PackageManager(  626): Unknown permission com.google.android.gallery3d.permission.GALLERY_PROVIDER in package com.android.bluetooth
W/PackageManager(  626): Not granting permission android.permission.SEND_DOWNLOAD_COMPLETED_INTENTS to package com.android.browser (protectionLevel=2 flags=0x9be45)
W/PackageManager(  626): Not granting permission android.permission.SET_ORIENTATION to package com.aurorasoftworks.quadrant.ui.standard (protectionLevel=2 flags=0x8be44)
W/PackageManager(  626): Unknown permission com.google.android.gallery3d.permission.PICASA_STORE in package com.android.dreams.phototable
W/PackageManager(  626): Unknown permission android.permission.READ_OWNER_DATA in package com.google.android.setupwizard
W/PackageManager(  626): Unknown permission android.permission.WRITE_OWNER_DATA in package com.google.android.setupwizard
W/PackageManager(  626): Unknown permission com.google.android.voicesearch.SHORTCUTS_ACCESS in package com.google.android.googlequicksearchbox
W/PackageManager(  626): Unknown permission com.google.android.gallery3d.permission.GALLERY_PROVIDER in package com.android.exchange
W/PackageManager(  626): Unknown permission com.google.android.gallery3d.permission.GALLERY_PROVIDER in package com.android.email
W/PackageManager(  626): Unknown permission com.android.providers.im.permission.READ_ONLY in package com.google.android.apps.maps
W/PackageManager(  626): Not granting permission android.permission.ACCESS_CHECKIN_PROPERTIES to package com.google.android.apps.googlevoice (protectionLevel=18 flags=0x8be44)
W/PackageManager(  626): Unknown permission com.google.android.apps.googlevoice.REMOTE_INTENT in package com.google.android.apps.googlevoice
W/PackageManager(  626): Unknown permission com.google.android.permission.RECEIVE_DATA_MESSAGE in package com.google.android.apps.googlevoice
W/PackageManager(  626): Unknown permission com.google.android.permission.SEND_DATA_MESSAGE in package com.google.android.apps.googlevoice
W/PackageManager(  626): Unknown permission com.android.providers.voicemail.permission.READ_WRITE_ALL_VOICEMAIL in package com.google.android.apps.googlevoice
W/PackageManager(  626): Unknown permission com.android.providers.voicemail.permission.READ_WRITE_OWN_VOICEMAIL in package com.google.android.apps.googlevoice
W/PackageManager(  626): Not granting permission android.permission.READ_LOGS to package vStudio.Android.Camera360 (protectionLevel=50 flags=0x8be44)
W/PackageManager(  626): Unknown permission android.permission.ACCESS_COARSE_UPDATES in package vStudio.Android.Camera360
W/PackageManager(  626): Unknown permission com.cyanogenmod.filemanager.permissions.READ_THEME in package com.cyanogenmod.filemanager
W/PackageManager(  626): Not granting permission android.permission.CALL_PRIVILEGED to package com.skype.raider (protectionLevel=18 flags=0x8be44)
W/PackageManager(  626): Not granting permission android.permission.SEND_DOWNLOAD_COMPLETED_INTENTS to package com.android.vending (protectionLevel=2 flags=0xabec5)
W/PackageManager(  626): Not granting permission android.permission.MANAGE_USERS to package com.android.vending (protectionLevel=18 flags=0xabec5)
W/PackageManager(  626): Not granting permission android.permission.INTERACT_ACROSS_USERS to package com.android.vending (protectionLevel=50 flags=0xabec5)
W/PackageManager(  626): Unknown permission android.permission.ACCESS_4G_RADIO_DISABLE in package com.android.systemui
W/PackageManager(  626): Unknown permission android.permission.ACCESS_4G_STATE in package com.android.systemui
W/PackageManager(  626): Unknown permission android.permission.CHANGE_4G_STATE in package com.android.systemui
W/PackageManager(  626): Unknown permission com.google.android.gallery3d.permission.GALLERY_PROVIDER in package com.google.android.gm
W/PackageManager(  626): Not granting permission android.permission.DEVICE_POWER to package com.android.deskclock (protectionLevel=2 flags=0x8be45)
W/PackageManager(  626): Not granting permission android.permission.READ_DREAM_STATE to package com.google.android.gsf (protectionLevel=2 flags=0x83e45)
D/QMI_FW  (  253): QCCI: QMUXD: xport_open[9] for service_id=24 max_rx_len=0
D/QMI_FW  (  253): QCCI: QMUXD: xport_open[9] for service_id=23 max_rx_len=0
D/QMI_FW  (  253): QCCI: Lookup: type=24 instance=1
D/QMI_FW  (  253): QCCI: QMUXD: xport_open[9] for service_id=24 max_rx_len=0
D/QMI_FW  (  253): QCCI: QMUXD: xport_lookup for service_id=24 on conn_id=0
D/QMI_FW  (  584): QCSI: Received REMOVE_CLIENT cmd for 00000001:0000000c
D/QMI_FW  (  253): QCCI: Lookup: type=23 instance=1
D/QMI_FW  (  253): QCCI: QMUXD: xport_lookup for service_id=23 on conn_id=0
D/QMI_FW  (  584): QCSI: Received REMOVE_CLIENT cmd for 00000001:0000000d
D/QMI_FW  (  253): QCCI: Lookup: type=24 instance=1
D/QMI_FW  (  253): QCCI: QMUXD: xport_lookup for service_id=24 on conn_id=0
D/QMI_FW  (  584): QCSI: Received REMOVE_CLIENT cmd for 00000001:0000000e
D/QMI_FW  (  253): QCCI: QMUXD: xport_lookup for service_id=24 on conn_id=9
D/QMI_FW  (  253): QCCI: Lookup: type=24 instance=1
D/QMI_FW  (  253): QCCI: QMUXD: xport_lookup for service_id=23 on conn_id=9
D/QMI_FW  (  253): QCCI: QMUXD: xport_lookup for service_id=24 on conn_id=0
D/QMI_FW  (  584): QCSI: Received REMOVE_CLIENT cmd for 00000001:0000000f
D/QMI_FW  (  253): QCCI: QMUXD: xport_lookup for service_id=24 on conn_id=9
D/QMI_FW  (  253): QCCI: Lookup: type=24 instance=1
D/QMI_FW  (  253): QCCI: QMUXD: xport_lookup for service_id=24 on conn_id=0
D/QMI_FW  (  584): QCSI: Received REMOVE_CLIENT cmd for 00000001:00000010
D/QMI_FW  (  253): QCCI: QMUXD: xport_lookup for service_id=24 on conn_id=9
D/QMI_FW  (  253): QCCI: xport_open[32]: max_rx_len=1099
D/QMI_FW  (  253): QCCI: reader_thread: wakeup_pipe[0]=1 ch=a
D/QMI_FW  (  253): QCCI: Lookup: type=24 instance=1
D/QMI_FW  (  253): QCCI: QMUXD: xport_lookup for service_id=24 on conn_id=0
D/QMI_FW  (  584): QCSI: Received REMOVE_CLIENT cmd for 00000001:00000013
D/QMI_FW  (  253): QCCI: QMUXD: xport_lookup for service_id=24 on conn_id=9
D/QMI_FW  (  253): QCCI: QMUXD: xport_lookup for service_id=24 on conn_id=9
D/QMI_FW  (  253): QCCI: Lookup: type=24 instance=1
D/QMI_FW  (  584): QCSI: Received REMOVE_CLIENT cmd for 00000001:00000014
D/QMI_FW  (  253): QCCI: QMUXD: xport_lookup for service_id=24 on conn_id=0
D/QMI_FW  (  253): QCCI: QMUXD: xport_lookup for service_id=24 on conn_id=9
D/QMI_FW  (  253): QCCI: QMI_CCI_TX: cntl_flag - 00, txn_id - 0001, msg_id - 0020, msg_len - 0000
D/QMI_FW  (  253): QCCI: Sent[32]: 7 bytes to port 2304
D/QMI_FW  (  253): QCCI: reader_thread: Received 29 bytes from 32
D/QMI_FW  (  253): QCCI: QMI_CCI_RX: cntl_flag - 02, txn_id - 0001, msg_id - 0020, msg_len - 0016
D/QMI_FW  (  253): QCCI: reader_thread: wakeup_pipe[0]=1 ch=d
D/QMI_FW  (  253): QCCI: reader_thread exiting
D/QMI_FW  (  253): QCCI: Close[13]
D/QMI_FW  (  584): QCSI: Received REMOVE_CLIENT cmd for 00000001:00000003
I/SystemServer(  626): User Service
I/SystemServer(  626): Account Manager
I/SystemServer(  626): Content Manager
I/SystemServer(  626): System Content Providers
I/SystemServer(  626): Lights Service
I/SystemServer(  626): Battery Service
I/SystemServer(  626): Vibrator Service
I/SystemServer(  626): Alarm Manager
I/SystemServer(  626): Init Watchdog
I/SystemServer(  626): Input Manager
I/InputManager(  626): Initializing input manager, mUseDevInputEventForAudioJack=false
I/SystemServer(  626): Window Manager
I/InputManager(  626): Starting input manager
I/SystemServer(  626): Bluetooth Manager Service
I/SystemServer(  626): Input Method Service
W/InputMethodManagerService(  626): Couldn't create dir.: /data/system/inputmethod
I/SystemServer(  626): Accessibility Manager
I/ActivityManager(  626): Config changed: {1.0 ?mcc?mnc en_US ldltr sw360dp w360dp h615dp 320dpi nrml long port ?uimode ?night -touch -keyb/v/h -nav/h s.2 themeResource=null}
I/SystemServer(  626): Mount Service
D/MountService(  626): got storage path: /storage/sdcard0 description: Internal storage primary: true removable: false emulated: true mtpReserve: 100 allowMassStorage: false maxFileSize: 0
D/MountService(  626): addVolumeLocked() StorageVolume [mStorageId=65537 mPath=/storage/emulated/0 mDescriptionId=17040640 mPrimary=true mRemovable=false mEmulated=true mMtpReserveSpace=100 mAllowMassStorage=false mMaxFileSize=0 mOwner=UserHandle{0}]
D/MountService(  626): got storage path: /storage/sdcard1 description: SD card primary: false removable: true emulated: false mtpReserve: 0 allowMassStorage: true maxFileSize: 0
D/MountService(  626): addVolumeLocked() StorageVolume [mStorageId=0 mPath=/storage/sdcard1 mDescriptionId=17040641 mPrimary=false mRemovable=true mEmulated=false mMtpReserveSpace=0 mAllowMassStorage=true mMaxFileSize=0 mOwner=null]
D/MountService(  626): got storage path: /storage/usbdisk0 description: USB storage primary: false removable: true emulated: false mtpReserve: 0 allowMassStorage: false maxFileSize: 0
D/MountService(  626): addVolumeLocked() StorageVolume [mStorageId=0 mPath=/storage/usbdisk0 mDescriptionId=17040642 mPrimary=false mRemovable=true mEmulated=false mMtpReserveSpace=0 mAllowMassStorage=false mMaxFileSize=0 mOwner=null]
I/SystemServer(  626): LockSettingsService
I/SystemServer(  626): Device Policy
I/SystemServer(  626): Status Bar
I/SystemServer(  626): Clipboard Service
I/SystemServer(  626): NetworkManagement Service
I/SystemServer(  626): Text Service Manager Service
D/VoldCmdListener(  237): volume list
I/SystemServer(  626): NetworkStats Service
I/MountService(  626): Updating valid state unmounted
D/MountService(  626): volume state changed for /storage/sdcard1 (null -> unmounted)
I/MountService(  626): Updating valid state removed
D/MountService(  626): volume state changed for /storage/usbdisk0 (null -> removed)
I/SystemServer(  626): NetworkPolicy Service
D/VoldCmdListener(  237): asec list
I/SystemServer(  626): Wi-Fi P2pService
I/SystemServer(  626): Wi-Fi Service
D/VoldCmdListener(  237): asec fspath com.koushikdutta.rommanager.license-1
D/VoldCmdListener(  237): asec path com.koushikdutta.rommanager.license-1
D/VoldCmdListener(  237): asec fspath com.dooblou.WiFiFileExplorerPRO-1
D/VoldCmdListener(  237): asec path com.dooblou.WiFiFileExplorerPRO-1
D/VoldCmdListener(  237): asec fspath com.lookout-1
D/VoldCmdListener(  237): asec path com.lookout-1
D/VoldCmdListener(  237): asec fspath com.vectorunit.blue-1
D/VoldCmdListener(  237): asec path com.vectorunit.blue-1
D/VoldCmdListener(  237): asec mount com.lookout-1 {} 1000
I/SystemServer(  626): Connectivity Service
D/ConnectivityService(  626): ConnectivityService starting up
W/ApplicationContext(  626): Calling a method in the system process without a qualified user: android.app.ContextImpl.bindService:1437 android.bluetooth.BluetoothPan.<init>:141 android.bluetooth.BluetoothAdapter.getProfileProxy:1164 
E/MobileDataStateTracker(  626): default: Ignoring feature request because could not acquire PhoneService
E/MobileDataStateTracker(  626): default: Could not enable APN type "default"
I/ActivityManager(  626): Config changed: {1.0 ?mcc?mnc en_US ldltr sw360dp w360dp h615dp 320dpi nrml long port ?uimode ?night finger -keyb/v/h dpad/v s.3 themeResource=null}
I/WifiService(  626): WifiService starting up with Wi-Fi enabled
D/WifiService(  626): setWifiEnabled: true pid=626, uid=1000
I/SystemServer(  626): Network Service Discovery Service
D/NsdService(  626): Network service discovery enabled true
I/SystemServer(  626): Throttle Service
I/SystemServer(  626): UpdateLock Service
D/VoldCmdListener(  237): asec path com.lookout-1
E/PackageManager(  626): Unable to copy native libraries
I/PackageManager(  626): Failed to install pkg from  /mnt/asec/com.lookout-1/pkg.apk from sdcard
D/VoldCmdListener(  237): asec mount com.dooblou.WiFiFileExplorerPRO-1 {} 1000
D/VoldCmdListener(  237): asec path com.dooblou.WiFiFileExplorerPRO-1
I/PackageManager(  626): Linking native library dir for /mnt/asec/com.dooblou.WiFiFileExplorerPRO-1/pkg.apk
D/VoldCmdListener(  237): asec fixperms com.dooblou.WiFiFileExplorerPRO-1 50070 pkg.apk
D/VoldCmdListener(  237): asec mount com.vectorunit.blue-1 {} 1000
D/VoldCmdListener(  237): asec path com.vectorunit.blue-1
W/PackageManager(  626): Package com.vectorunit.blue desires unavailable shared library com.nvidia.nvstereoutils; ignoring!
I/PackageManager(  626): Linking native library dir for /mnt/asec/com.vectorunit.blue-1/pkg.apk
D/VoldCmdListener(  237): asec fixperms com.vectorunit.blue-1 50063 pkg.apk
D/VoldCmdListener(  237): asec mount com.koushikdutta.rommanager.license-1 {} 1000
D/VoldCmdListener(  237): asec path com.koushikdutta.rommanager.license-1
I/PackageManager(  626): Linking native library dir for /mnt/asec/com.koushikdutta.rommanager.license-1/pkg.apk
D/VoldCmdListener(  237): asec fixperms com.koushikdutta.rommanager.license-1 50061 pkg.apk
W/PackageManager(  626): Not granting permission android.permission.READ_LOGS to package com.cnn.mobile.android.phone (protectionLevel=50 flags=0x88be44)
W/PackageManager(  626): Unknown permission android.permission.ADD_SYSTEM_SERVICE in package com.android.phone
W/PackageManager(  626): Not granting permission android.permission.WRITE_SECURE_SETTINGS to package com.google.android.apps.walletnfcrel (protectionLevel=50 flags=0x883e44)
W/PackageManager(  626): Unknown permission com.android.nfc.permission.NFCEE_ADMIN in package com.google.android.apps.walletnfcrel
W/PackageManager(  626): Unknown permission com.android.vending.billing.IBillingAccountService.BIND2 in package com.google.android.gsf.login
W/PackageManager(  626): Unknown permission com.google.android.gallery3d.permission.GALLERY_PROVIDER in package com.android.bluetooth
W/PackageManager(  626): Not granting permission android.permission.SEND_DOWNLOAD_COMPLETED_INTENTS to package com.android.browser (protectionLevel=2 flags=0x89be45)
W/PackageManager(  626): Not granting permission android.permission.SET_ORIENTATION to package com.aurorasoftworks.quadrant.ui.standard (protectionLevel=2 flags=0x88be44)
W/PackageManager(  626): Unknown permission com.google.android.gallery3d.permission.PICASA_STORE in package com.android.dreams.phototable
W/PackageManager(  626): Unknown permission android.permission.READ_OWNER_DATA in package com.google.android.setupwizard
W/PackageManager(  626): Unknown permission android.permission.WRITE_OWNER_DATA in package com.google.android.setupwizard
W/PackageManager(  626): Unknown permission com.google.android.voicesearch.SHORTCUTS_ACCESS in package com.google.android.googlequicksearchbox
W/PackageManager(  626): Unknown permission com.google.android.gallery3d.permission.GALLERY_PROVIDER in package com.android.exchange
W/PackageManager(  626): Unknown permission com.google.android.gallery3d.permission.GALLERY_PROVIDER in package com.android.email
W/PackageManager(  626): Unknown permission com.android.providers.im.permission.READ_ONLY in package com.google.android.apps.maps
W/PackageManager(  626): Not granting permission android.permission.ACCESS_CHECKIN_PROPERTIES to package com.google.android.apps.googlevoice (protectionLevel=18 flags=0x88be44)
W/PackageManager(  626): Unknown permission com.google.android.apps.googlevoice.REMOTE_INTENT in package com.google.android.apps.googlevoice
W/PackageManager(  626): Unknown permission com.google.android.permission.RECEIVE_DATA_MESSAGE in package com.google.android.apps.googlevoice
W/PackageManager(  626): Unknown permission com.google.android.permission.SEND_DATA_MESSAGE in package com.google.android.apps.googlevoice
W/PackageManager(  626): Unknown permission com.android.providers.voicemail.permission.READ_WRITE_ALL_VOICEMAIL in package com.google.android.apps.googlevoice
W/PackageManager(  626): Unknown permission com.android.providers.voicemail.permission.READ_WRITE_OWN_VOICEMAIL in package com.google.android.apps.googlevoice
W/PackageManager(  626): Not granting permission android.permission.READ_LOGS to package vStudio.Android.Camera360 (protectionLevel=50 flags=0x88be44)
W/PackageManager(  626): Unknown permission android.permission.ACCESS_COARSE_UPDATES in package vStudio.Android.Camera360
W/PackageManager(  626): Unknown permission com.cyanogenmod.filemanager.permissions.READ_THEME in package com.cyanogenmod.filemanager
W/PackageManager(  626): Not granting permission android.permission.CALL_PRIVILEGED to package com.skype.raider (protectionLevel=18 flags=0x88be44)
W/PackageManager(  626): Not granting permission android.permission.SEND_DOWNLOAD_COMPLETED_INTENTS to package com.android.vending (protectionLevel=2 flags=0x8abec5)
W/PackageManager(  626): Not granting permission android.permission.MANAGE_USERS to package com.android.vending (protectionLevel=18 flags=0x8abec5)
W/PackageManager(  626): Not granting permission android.permission.INTERACT_ACROSS_USERS to package com.android.vending (protectionLevel=50 flags=0x8abec5)
W/PackageManager(  626): Unknown permission android.permission.ACCESS_4G_RADIO_DISABLE in package com.android.systemui
W/PackageManager(  626): Unknown permission android.permission.ACCESS_4G_STATE in package com.android.systemui
W/PackageManager(  626): Unknown permission android.permission.CHANGE_4G_STATE in package com.android.systemui
W/PackageManager(  626): Unknown permission com.google.android.gallery3d.permission.GALLERY_PROVIDER in package com.google.android.gm
W/PackageManager(  626): Not granting permission android.permission.DEVICE_POWER to package com.android.deskclock (protectionLevel=2 flags=0x88be45)
W/PackageManager(  626): Not granting permission android.permission.READ_DREAM_STATE to package com.google.android.gsf (protectionLevel=2 flags=0x883e45)
I/SystemServer(  626): Profile Manager
I/SystemServer(  626): Notification Manager
I/SystemServer(  626): Device Storage Monitor
I/SystemServer(  626): Location Manager
I/SystemServer(  626): Country Detector
I/SystemServer(  626): Search Service
I/SystemServer(  626): DropBox Service
I/SystemServer(  626): Wallpaper Service
I/SystemServer(  626): Audio Service
I/SystemServer(  626): Dock Observer
I/SystemServer(  626): Wired Accessory Observer
W/WiredAccessoryManager(  626): This kernel does not have usb audio support
I/SystemServer(  626): USB Service
I/SystemServer(  626): Serial Service
I/SystemServer(  626): Twilight Service
I/SystemServer(  626): UI Mode Manager Service
I/SystemServer(  626): Backup Service
I/BackupManagerService(  626): Found stale backup journal, scheduling
I/BackupManagerService(  626):   android
I/BackupManagerService(  626): Backup enabled => true
I/SystemServer(  626): AppWidget Service
I/SystemServer(  626): Recognition Service
I/SystemServer(  626): DiskStats Service
I/SystemServer(  626): SamplingProfiler Service
I/SystemServer(  626): NetworkTimeUpdateService
I/SystemServer(  626): CommonTimeManagementService
I/SystemServer(  626): CertBlacklister
I/SystemServer(  626): Dreams Service
I/SystemServer(  626): AssetRedirectionManager Service
W/DevicePolicyManagerService(  626): Failed loading admin com.lookout/com.lookout.DeviceAdminReceiver
W/DevicePolicyManagerService(  626): java.lang.IllegalArgumentException: Unknown admin: ComponentInfo{com.lookout/com.lookout.DeviceAdminReceiver}
W/DevicePolicyManagerService(  626): 	at com.android.server.DevicePolicyManagerService.findAdmin(DevicePolicyManagerService.java:714)
W/DevicePolicyManagerService(  626): 	at com.android.server.DevicePolicyManagerService.loadSettingsLocked(DevicePolicyManagerService.java:846)
W/DevicePolicyManagerService(  626): 	at com.android.server.DevicePolicyManagerService.getUserData(DevicePolicyManagerService.java:525)
W/DevicePolicyManagerService(  626): 	at com.android.server.DevicePolicyManagerService.systemReady(DevicePolicyManagerService.java:996)
W/DevicePolicyManagerService(  626): 	at com.android.server.ServerThread.run(SystemServer.java:840)
W/DevicePolicyManagerService(  626): Unknown tag: policies
W/DevicePolicyManagerService(  626): Failed loading admin com.lookout/com.lookout.DeviceAdminReceiver
W/DevicePolicyManagerService(  626): java.lang.IllegalArgumentException: Unknown admin: ComponentInfo{com.lookout/com.lookout.DeviceAdminReceiver}
W/DevicePolicyManagerService(  626): 	at com.android.server.DevicePolicyManagerService.findAdmin(DevicePolicyManagerService.java:714)
W/DevicePolicyManagerService(  626): 	at com.android.server.DevicePolicyManagerService.loadSettingsLocked(DevicePolicyManagerService.java:846)
W/DevicePolicyManagerService(  626): 	at com.android.server.DevicePolicyManagerService.systemReady(DevicePolicyManagerService.java:996)
W/DevicePolicyManagerService(  626): 	at com.android.server.ServerThread.run(SystemServer.java:840)
W/DevicePolicyManagerService(  626): Unknown tag: policies
I/ActivityManager(  626): System now ready
I/SystemServer(  626): Making services ready
D/SystemServer(  626): Starting service: Intent { cmp=com.android.systemui/.SystemUIService }
I/ActivityManager(  626): Start proc com.android.systemui for service com.android.systemui/.SystemUIService: pid=798 uid=10036 gids={50036, 1028, 1015, 3002, 3001}
I/MountService(  626): doMountVolume: Mouting /storage/sdcard1
D/VoldCmdListener(  237): volume mount /storage/sdcard1
D/NetworkManagementService(  626): enabling bandwidth control
I/Vold    (  237): /dev/block/vold/179:97 being considered for volume sdcard
D/Vold    (  237): Volume sdcard state changing 1 (Idle-Unmounted) -> 3 (Checking)
I/MountService(  626): onEvent:: raw= 605 Volume sdcard /storage/sdcard1 state changed from 1 (Idle-Unmounted) to 3 (Checking) cooked =  605 Volume sdcard /storage/sdcard1 state changed from 1 (Idle-Unmounted) to 3 (Checking)
I/MountService(  626): notifyVolumeStateChange::unmounted
I/MountService(  626): updating volume state checking
D/MountService(  626): volume state changed for /storage/sdcard1 (unmounted -> checking)
D/MountService(  626): sendStorageIntent Intent { act=android.intent.action.MEDIA_CHECKING dat=file:///storage/sdcard1 (has extras) } to UserHandle{-1}
D/SystemUIService(  798): loading: class com.android.systemui.statusbar.phone.PhoneStatusBar
D/SystemUIService(  798): running: com.android.systemui.statusbar.phone.PhoneStatusBar@41015020
I/StatusBarManagerService(  626): registerStatusBar bar=com.android.internal.statusbar.IStatusBar$Stub$Proxy@412bd9a0
I/ActivityManager(  626): Start proc com.android.settings for broadcast com.android.settings/.widget.SettingsAppWidgetProvider: pid=849 uid=1000 gids={41000, 1015, 1028, 3002, 3001, 3003, 3007}
I/Vold    (  237): Filesystem check completed OK
I/Vold    (  237): Device /dev/block/vold/179:97, target /storage/sdcard1 mounted @ /mnt/secure/staging
D/Vold    (  237): Volume sdcard state changing 3 (Checking) -> 4 (Mounted)
I/MountService(  626): onEvent:: raw= 605 Volume sdcard /storage/sdcard1 state changed from 3 (Checking) to 4 (Mounted) cooked =  605 Volume sdcard /storage/sdcard1 state changed from 3 (Checking) to 4 (Mounted)
I/MountService(  626): notifyVolumeStateChange::checking
I/MountService(  626): updating volume state mounted
E/VoldConnector(  626): NDC Command {22 volume mount /storage/sdcard1} took too long (927ms)
D/MountService(  626): volume state changed for /storage/sdcard1 (checking -> mounted)
D/MountService(  626): sendStorageIntent Intent { act=android.intent.action.MEDIA_MOUNTED dat=file:///storage/sdcard1 (has extras) } to UserHandle{-1}
W/MountService(  626): Duplicate state transition (mounted -> mounted) for /storage/emulated/0
W/ApplicationContext(  849): Calling a method in the system process without a qualified user: android.app.ContextImpl.bindService:1437 android.content.ContextWrapper.bindService:473 android.bluetooth.BluetoothInputDevice.<init>:240 
W/ApplicationContext(  849): Calling a method in the system process without a qualified user: android.app.ContextImpl.bindService:1437 android.content.ContextWrapper.bindService:473 android.bluetooth.BluetoothPan.<init>:141 
W/ApplicationContext(  849): Calling a method in the system process without a qualified user: android.app.ContextImpl.bindService:1437 android.content.ContextWrapper.bindService:473 android.bluetooth.BluetoothPbap.<init>:161 
W/BroadcastQueue(  626): Permission Denial: broadcasting Intent { act=android.net.conn.TETHER_STATE_CHANGED flg=0x68000010 (has extras) } from null (pid=-1, uid=-1) requires android.permission.CONNECTIVITY_INTERNAL due to registered receiver BroadcastFilter{4153c1b0 u0 ReceiverList{4153c130 626 system/1000/u0 local:415093c0}}
W/BroadcastQueue(  626): Permission Denial: broadcasting Intent { act=android.net.wifi.STATE_CHANGE flg=0x8000010 (has extras) } from null (pid=-1, uid=-1) requires android.permission.CONNECTIVITY_INTERNAL due to registered receiver BroadcastFilter{414d26e0 u0 ReceiverList{414c1680 626 system/1000/u0 local:414c14c0}}
I/ActivityManager(  626): Config changed: {1.0 ?mcc?mnc en_US ldltr sw360dp w360dp h615dp 320dpi nrml long port finger -keyb/v/h dpad/v s.4 themeResource=null}
I/ActivityManager(  626): Start proc com.android.noisefield for service com.android.noisefield/.NoiseFieldWallpaper: pid=906 uid=10027 gids={50027, 1028}
W/InputMethodManagerService(  626): Ignoring setImeWindowStatus of uid 1000 token: null
I/ActivityManager(  626): Start proc com.android.inputmethod.latin for service com.android.inputmethod.latin/.LatinIME: pid=919 uid=10021 gids={50021, 1028}
I/LocationBlacklist(  626): whitelist: []
I/LocationBlacklist(  626): blacklist: []
W/ThrottleService(  626): unable to find stats for iface rmnet0
I/ActivityManager(  626): Start proc com.android.phone for added application com.android.phone: pid=938 uid=1001 gids={41001, 3002, 3001, 3003, 1015, 1028}
I/ActivityManager(  626): Start proc com.android.nfc for added application com.android.nfc: pid=944 uid=1027 gids={41027, 3002, 3001, 1015, 1028}
W/ActivityManager(  626): Broadcast Intent { act=android.intent.action.USER_STARTING flg=0x40000010 (has extras) } not ordered but result callback requested!
I/ActivityManager(  626): START u0 {act=android.intent.action.MAIN cat=[android.intent.category.HOME] flg=0x10000000 cmp=com.cyanogenmod.trebuchet/.Launcher} from pid 0
I/ActivityManager(  626): Start proc com.cyanogenmod.trebuchet for activity com.cyanogenmod.trebuchet/.Launcher: pid=958 uid=10071 gids={50071, 1028}
I/SystemServer(  626): Enabled StrictMode for system server main thread.
I/ActivityManager(  626): Start proc android.process.media for broadcast com.android.providers.downloads/.DownloadReceiver: pid=966 uid=10014 gids={50014, 1015, 1023, 1024, 1028, 2001, 3003, 3007}
D/PackageManager(  626): generateServicesMap() for 0
I/ActivityManager(  626): Start proc android.process.acore for content provider com.android.providers.contacts/.ContactsProvider2: pid=999 uid=10001 gids={50001, 3003, 1015, 1028}
D/PhoneStatusBar(  798): disable: < expand icons alerts ticker system_info back home recent clock search >
D/StorageNotification(  798): Startup with UMS connection false (media state mounted)
I/StorageNotification(  798): UMS connection changed to false (media state mounted)
I/ActivityManager(  626): Start proc com.google.android.inputmethod.latin.dictionarypack for content provider com.google.android.inputmethod.latin.dictionarypack/.DictionaryProvider: pid=1031 uid=10078 gids={50078, 3003, 1015, 1028}
D/SystemUIService(  798): loading: class com.android.systemui.power.PowerUI
D/SystemUIService(  798): running: com.android.systemui.power.PowerUI@4142cb18
D/SystemUIService(  798): loading: class com.android.systemui.media.RingtonePlayer
D/SystemUIService(  798): running: com.android.systemui.media.RingtonePlayer@4142d8f8
I/ActivityManager(  626): Start proc com.android.smspush for service com.android.smspush/.WapPushManager: pid=1044 uid=10044 gids={50044, 1028}
I/ActivityManager(  626): Start proc com.google.android.youtube for broadcast com.google.android.youtube/.app.prefetch.PrefetchService$DeviceStateReceiver: pid=1074 uid=10079 gids={50079, 3003, 1015, 1006, 1028}
I/WifiService(  626): WifiService trying to set country code to us with persist set to true
I/ActivityManager(  626): Config changed: {1.0 310mcc120mnc en_US ldltr sw360dp w360dp h615dp 320dpi nrml long port finger -keyb/v/h dpad/v s.5 themeResource=null}
W/ActivityManager(  626): Unable to start service Intent { act=com.android.ussd.IExtendedNetworkService } U=0: not found
D/PhoneStatusBar(  798): disable: < expand icons alerts ticker system_info back home RECENT* clock search >
I/ActivityManager(  626): Start proc com.google.process.gapps for content provider com.google.android.gsf/.settings.GoogleSettingsProvider: pid=1112 uid=10045 gids={50045, 3003, 1007, 1028, 1015, 2001, 3006}
I/ActivityManager(  626): Start proc com.google.process.location for service com.google.android.location/.NetworkLocationService: pid=1128 uid=10045 gids={50045, 3003, 1007, 1028, 1015, 2001, 3006}
D/PhoneStatusBar(  798): disable: < expand icons alerts ticker system_info BACK* HOME* RECENT CLOCK* search >
D/PackageManager(  626): generateServicesMap() for 0
I/ActivityManager(  626): Start proc com.android.location.fused for service com.android.location.fused/.FusedLocationService: pid=1142 uid=10101 gids={50101, 1028}
D/DevicePolicyManagerService(  626): Handling package changes for user 0
I/ActivityManager(  626): Start proc com.android.bluetooth for on-hold: pid=1204 uid=1002 gids={41002, 3003, 3002, 3001, 1015, 3005, 1016, 3008, 1028}
W/DevicePolicyManagerService(  626): Failed loading admin com.lookout/com.lookout.DeviceAdminReceiver
W/DevicePolicyManagerService(  626): java.lang.IllegalArgumentException: Unknown admin: ComponentInfo{com.lookout/com.lookout.DeviceAdminReceiver}
W/DevicePolicyManagerService(  626): 	at com.android.server.DevicePolicyManagerService.findAdmin(DevicePolicyManagerService.java:714)
W/DevicePolicyManagerService(  626): 	at com.android.server.DevicePolicyManagerService.loadSettingsLocked(DevicePolicyManagerService.java:846)
W/DevicePolicyManagerService(  626): 	at com.android.server.DevicePolicyManagerService.getUserData(DevicePolicyManagerService.java:525)
W/DevicePolicyManagerService(  626): 	at com.android.server.DevicePolicyManagerService.handlePackagesChanged(DevicePolicyManagerService.java:472)
W/DevicePolicyManagerService(  626): 	at com.android.server.DevicePolicyManagerService.access$100(DevicePolicyManagerService.java:90)
W/DevicePolicyManagerService(  626): 	at com.android.server.DevicePolicyManagerService$1.onReceive(DevicePolicyManagerService.java:170)
W/DevicePolicyManagerService(  626): 	at android.app.LoadedApk$ReceiverDispatcher$Args.run(LoadedApk.java:758)
W/DevicePolicyManagerService(  626): 	at android.os.Handler.handleCallback(Handler.java:725)
W/DevicePolicyManagerService(  626): 	at android.os.Handler.dispatchMessage(Handler.java:92)
W/DevicePolicyManagerService(  626): 	at android.os.Looper.loop(Looper.java:137)
W/DevicePolicyManagerService(  626): 	at com.android.server.ServerThread.run(SystemServer.java:1072)
W/DevicePolicyManagerService(  626): Unknown tag: policies
I/ActivityManager(  626): Start proc com.google.android.gsf.login for service com.google.android.gsf.login/com.google.android.gsf.loginservice.GoogleLoginService: pid=1267 uid=10045 gids={50045, 3003, 1007, 1028, 1015, 2001, 3006}
D/PackageManager(  626): generateServicesMap() for 0
D/PackageManager(  626): generateServicesMap() for 0
I/ActivityManager(  626): Start proc com.google.android.apps.plus for broadcast com.google.android.apps.plus/.service.PackagesMediaMonitor: pid=1294 uid=10091 gids={50091, 3003, 3002, 1015, 1006, 1028}
I/ActivityManager(  626): Config changed: {1.0 310mcc120mnc en_US ldltr sw360dp w360dp h615dp 320dpi nrml long port finger -keyb/v/h dpad/v s.6 themeResource=null}
V/DevicePolicyManagerService(  626): Sending password expiration notifications for action android.intent.action.BOOT_COMPLETED for user 0
W/ApplicationContext(  626): Calling a method in the system process without a qualified user: android.app.ContextImpl.bindService:1437 android.bluetooth.BluetoothHeadset.<init>:273 android.bluetooth.BluetoothAdapter.getProfileProxy:1155 
W/ApplicationContext(  626): Calling a method in the system process without a qualified user: android.app.ContextImpl.bindService:1437 android.bluetooth.BluetoothA2dp.<init>:160 android.bluetooth.BluetoothAdapter.getProfileProxy:1158 
V/WiredAccessoryManager(  626): init()
I/PowerManagerService(  626): Boot animation finished.
D/TelephonyRegistry(  626): MSG_USER_SWITCHED userId=0
D/ConnectivityService(  626): Captive portal check NetworkInfo: type: WIFI[], state: CONNECTING/CAPTIVE_PORTAL_CHECK, reason: (unspecified), extra: "shareef", roaming: false, failover: false, isAvailable: true
D/ConnectivityService(  626): Captive portal check NetworkInfo: type: WIFI[], state: CONNECTING/CAPTIVE_PORTAL_CHECK, reason: (unspecified), extra: "shareef", roaming: false, failover: false, isAvailable: true
D/ConnectivityService(  626): ConnectivityChange for WIFI: CONNECTED/CONNECTED
D/ConnectivityService(  626): ConnectivityChange for WIFI: CONNECTED/CONNECTED
D/ConnectivityService(  626): handleConnectivityChange: address are the same reset per doReset linkProperty[1]: resetMask=0
--------- beginning of /dev/log/main
D/dalvikvm( 1294): WAIT_FOR_CONCURRENT_GC blocked 43ms
D/dalvikvm(  958): GC_CONCURRENT freed 266K, 18% free 3827K/4652K, paused 2ms+3ms, total 24ms
E/WVMExtractor(  246): Failed to open libwvm.so
D/dalvikvm( 1128): GC_CONCURRENT freed 662K, 25% free 2618K/3468K, paused 2ms+19ms, total 173ms
W/WifiNormalizer( 1128): No specific device detected. Offset set to -7.
D/dalvikvm( 1294): GC_CONCURRENT freed 118K, 6% free 4667K/4932K, paused 6ms+5ms, total 52ms
I/dalvikvm( 1128): Total arena pages for JIT: 11
I/dalvikvm( 1128): Total arena pages for JIT: 12
I/dalvikvm( 1128): Total arena pages for JIT: 13
I/dalvikvm( 1128): Total arena pages for JIT: 14
I/dalvikvm( 1128): Total arena pages for JIT: 15
I/dalvikvm( 1128): Total arena pages for JIT: 16
I/dalvikvm( 1128): Total arena pages for JIT: 17
