D/BluetoothAdapterService(1090510256)( 2605): getState(): mAdapterProperties: com.android.bluetooth.btservice.AdapterProperties@40ffee30
D/bt-btif ( 2605): UIPC_Close : ch_id 1
I/bt-btif ( 2605): CHANNEL 1 ALREADY CLOSED
D/BluetoothAdapterProperties( 2605): CONNECTION_STATE_CHANGE: 00:19:8E:08:1A:8F: 1 -> 0
D/BluetoothAdapterService(1090510256)( 2605): Get Bonded Devices being called
D/BluetoothAdapterService(1090510256)( 2605): getState(): mAdapterProperties: com.android.bluetooth.btservice.AdapterProperties@40ffee30
D/BluetoothAdapterService(1090510256)( 2605): Get Bonded Devices being called
I/LocalBluetoothProfileManager( 2096): Failed to connect A2DP device
D/CachedBluetoothDevice( 2096): onProfileStateChanged: profile A2DP newProfileState 0
D/BluetoothAdapterService(1090510256)( 2605): getState(): mAdapterProperties: com.android.bluetooth.btservice.AdapterProperties@40ffee30
D/dalvikvm(  626): GC_EXPLICIT freed 91K, 26% free 16816K/22664K, paused 3ms+5ms, total 82ms
D/Volley  ( 1858): [146] BasicNetwork.logSlowRequests: HTTP response for request=<[ ] https://android.clients.google.com/fdfe/replicateLibrary NORMAL 2> [lifetime=13933], [size=116], [rc=200], [retryCount=1]
D/dalvikvm(  966): GC_CONCURRENT freed 386K, 19% free 2640K/3240K, paused 2ms+3ms, total 21ms
D/dalvikvm( 1858): GC_CONCURRENT freed 258K, 13% free 3092K/3536K, paused 2ms+4ms, total 21ms
E/MP-Decision( 1257): UP Ld:25 Nw:1.990000 Tw:140 rq:2.500000 seq:146.000000
D/dalvikvm( 1858): GC_CONCURRENT freed 256K, 12% free 3348K/3788K, paused 3ms+3ms, total 34ms
I/ActivityManager(  626): No longer want com.skcc.gtec.otaproxy (pid 2377): empty #17
D/dalvikvm( 1858): GC_CONCURRENT freed 249K, 13% free 3529K/4028K, paused 3ms+1ms, total 23ms
D/dalvikvm( 1858): WAIT_FOR_CONCURRENT_GC blocked 19ms
D/dalvikvm( 1858): GC_FOR_ALLOC freed 184K, 14% free 3567K/4140K, paused 17ms, total 18ms
D/dalvikvm( 1858): GC_FOR_ALLOC freed 212K, 15% free 3636K/4244K, paused 16ms, total 18ms
D/dalvikvm( 1858): GC_FOR_ALLOC freed 92K, 13% free 3732K/4244K, paused 16ms, total 17ms
D/dalvikvm( 1858): GC_CONCURRENT freed 190K, 9% free 3942K/4316K, paused 3ms+2ms, total 26ms
D/dalvikvm( 1858): GC_CONCURRENT freed 94K, 7% free 4276K/4556K, paused 2ms+2ms, total 21ms
D/dalvikvm(  626): GC_EXPLICIT freed 94K, 26% free 16811K/22664K, paused 2ms+5ms, total 73ms
D/dalvikvm( 1858): GC_CONCURRENT freed 330K, 11% free 4493K/5008K, paused 2ms+1ms, total 26ms
D/dalvikvm(  966): GC_CONCURRENT freed 391K, 19% free 2633K/3240K, paused 3ms+2ms, total 16ms
D/dalvikvm( 1858): GC_CONCURRENT freed 413K, 12% free 4702K/5300K, paused 2ms+4ms, total 33ms
D/Volley  ( 1858): [1] Request.finish: 14729 ms: [ ] https://android.clients.google.com/fdfe/replicateLibrary NORMAL 2
D/dalvikvm(  626): GC_EXPLICIT freed 149K, 26% free 16814K/22664K, paused 3ms+6ms, total 89ms
D/dalvikvm(  966): GC_CONCURRENT freed 392K, 19% free 2639K/3240K, paused 5ms+5ms, total 30ms
D/dalvikvm( 1858): GC_CONCURRENT freed 687K, 16% free 4740K/5612K, paused 3ms+3ms, total 38ms
D/dalvikvm(  626): GC_EXPLICIT freed 87K, 26% free 16813K/22664K, paused 4ms+7ms, total 90ms
W/Finsky  ( 1858): [1] 1.onResponse: No document details for app: pkg=vStudio.Android.Camera360
D/dalvikvm( 1858): GC_CONCURRENT freed 274K, 9% free 5190K/5668K, paused 4ms+2ms, total 37ms
D/dalvikvm(  966): GC_CONCURRENT freed 393K, 19% free 2641K/3240K, paused 1ms+2ms, total 15ms
D/dalvikvm(  626): GC_EXPLICIT freed 115K, 26% free 16813K/22664K, paused 6ms+5ms, total 89ms
D/dalvikvm(  966): GC_CONCURRENT freed 404K, 19% free 2648K/3240K, paused 3ms+2ms, total 33ms
D/dalvikvm(  626): GC_EXPLICIT freed 86K, 26% free 16813K/22664K, paused 3ms+8ms, total 76ms
D/dalvikvm(  966): GC_CONCURRENT freed 406K, 19% free 2648K/3240K, paused 3ms+7ms, total 35ms
D/dalvikvm(  626): GC_EXPLICIT freed 86K, 26% free 16813K/22664K, paused 3ms+5ms, total 73ms
E/MP-Decision( 1257): DOWN Ld:30 Ns:1.100000 Ts:190 rq:1.000000 seq:196.000000
D/dalvikvm(  966): GC_CONCURRENT freed 392K, 19% free 2641K/3240K, paused 2ms+3ms, total 21ms
E/MP-Decision( 1257): UP Ld:26 Nw:1.990000 Tw:140 rq:2.500000 seq:147.000000
D/dalvikvm(  626): GC_EXPLICIT freed 86K, 26% free 16814K/22664K, paused 3ms+8ms, total 87ms
D/dalvikvm(  626): GC_EXPLICIT freed 101K, 26% free 16818K/22664K, paused 3ms+6ms, total 96ms
D/dalvikvm( 1112): GC_CONCURRENT freed 393K, 18% free 3104K/3756K, paused 6ms+5ms, total 29ms
D/dalvikvm(  966): GC_CONCURRENT freed 385K, 19% free 2639K/3240K, paused 2ms+3ms, total 30ms
D/dalvikvm( 1355): GC_CONCURRENT freed 314K, 17% free 2508K/3008K, paused 2ms+2ms, total 18ms
D/dalvikvm(  626): GC_EXPLICIT freed 135K, 26% free 16821K/22664K, paused 2ms+5ms, total 75ms
D/dalvikvm(  966): GC_CONCURRENT freed 397K, 19% free 2640K/3240K, paused 3ms+4ms, total 21ms
D/dalvikvm( 1355): GREF has increased to 201
D/dalvikvm(  626): GC_EXPLICIT freed 154K, 26% free 16823K/22664K, paused 3ms+5ms, total 75ms
D/dalvikvm( 1112): GC_CONCURRENT freed 407K, 18% free 3097K/3756K, paused 2ms+4ms, total 23ms
D/dalvikvm(  966): GC_CONCURRENT freed 394K, 19% free 2642K/3240K, paused 1ms+3ms, total 21ms
D/dalvikvm(  626): GC_EXPLICIT freed 138K, 26% free 16827K/22664K, paused 3ms+5ms, total 75ms
D/dalvikvm( 1355): GC_CONCURRENT freed 340K, 17% free 2560K/3084K, paused 6ms+4ms, total 36ms
I/Gmail   ( 1726): MainSyncRequestProto: lowestBkwdConvoId: 0, highestHandledServerOp: 406843, normalSync: true
D/dalvikvm( 1726): GC_CONCURRENT freed 438K, 18% free 3314K/4004K, paused 2ms+2ms, total 26ms
D/dalvikvm(  626): GC_EXPLICIT freed 180K, 26% free 16844K/22664K, paused 2ms+5ms, total 73ms
D/dalvikvm(  966): GC_CONCURRENT freed 397K, 19% free 2645K/3240K, paused 4ms+6ms, total 35ms
D/dalvikvm( 1112): GC_CONCURRENT freed 411K, 18% free 3091K/3756K, paused 2ms+3ms, total 21ms
D/dalvikvm( 1726): GC_EXPLICIT freed 260K, 18% free 3299K/4004K, paused 4ms+4ms, total 39ms
I/Gmail   ( 1726): MainSyncRequestProto: lowestBkwdConvoId: 0, highestHandledServerOp: 406843, normalSync: true
I/Gmail   ( 1726): lowestBackward conversation id 0
W/Gmail   ( 1726): Scheduling index for 300000 ms from now
D/dalvikvm( 1726): GC_CONCURRENT freed 366K, 17% free 3328K/4004K, paused 3ms+1ms, total 23ms
D/dalvikvm(  626): GC_EXPLICIT freed 159K, 26% free 16837K/22664K, paused 3ms+5ms, total 75ms
D/dalvikvm(  966): GC_CONCURRENT freed 409K, 19% free 2643K/3240K, paused 5ms+5ms, total 35ms
D/dalvikvm(  626): GC_EXPLICIT freed 102K, 26% free 16833K/22664K, paused 3ms+5ms, total 73ms
D/dalvikvm(  966): GC_CONCURRENT freed 395K, 19% free 2639K/3240K, paused 3ms+2ms, total 37ms
D/dalvikvm(  626): GC_EXPLICIT freed 88K, 26% free 16832K/22664K, paused 3ms+8ms, total 90ms
D/dalvikvm(  966): GC_CONCURRENT freed 399K, 19% free 2644K/3240K, paused 4ms+2ms, total 29ms
D/dalvikvm(  626): GC_EXPLICIT freed 86K, 26% free 16831K/22664K, paused 3ms+8ms, total 76ms
D/dalvikvm(  966): GC_CONCURRENT freed 403K, 19% free 2647K/3240K, paused 4ms+3ms, total 33ms
D/dalvikvm(  626): GC_EXPLICIT freed 86K, 26% free 16831K/22664K, paused 2ms+8ms, total 75ms
D/dalvikvm(  966): GC_CONCURRENT freed 405K, 19% free 2651K/3244K, paused 5ms+4ms, total 38ms
D/dalvikvm(  626): GC_EXPLICIT freed 86K, 26% free 16831K/22664K, paused 3ms+8ms, total 76ms
D/dalvikvm(  626): GC_EXPLICIT freed 120K, 26% free 16836K/22664K, paused 3ms+5ms, total 74ms
D/dalvikvm(  966): GC_CONCURRENT freed 400K, 19% free 2646K/3244K, paused 3ms+3ms, total 22ms
D/dalvikvm( 1726): GC_CONCURRENT freed 446K, 18% free 3312K/4004K, paused 2ms+5ms, total 21ms
D/dalvikvm(  626): GC_EXPLICIT freed 124K, 26% free 16836K/22664K, paused 3ms+5ms, total 77ms
D/dalvikvm(  966): GC_CONCURRENT freed 396K, 19% free 2637K/3244K, paused 2ms+3ms, total 19ms
D/dalvikvm(  626): GC_EXPLICIT freed 140K, 26% free 16835K/22664K, paused 2ms+5ms, total 73ms
D/dalvikvm(  966): GC_CONCURRENT freed 399K, 19% free 2647K/3244K, paused 4ms+3ms, total 31ms
D/dalvikvm(  626): GC_EXPLICIT freed 87K, 26% free 16834K/22664K, paused 6ms+8ms, total 91ms
D/dalvikvm(  966): GC_CONCURRENT freed 394K, 19% free 2640K/3244K, paused 3ms+4ms, total 17ms
D/dalvikvm(  626): GC_EXPLICIT freed 85K, 26% free 16835K/22664K, paused 3ms+8ms, total 76ms
D/dalvikvm(  966): GC_CONCURRENT freed 396K, 19% free 2647K/3244K, paused 5ms+7ms, total 56ms
D/dalvikvm(  626): GC_EXPLICIT freed 86K, 26% free 16834K/22664K, paused 6ms+8ms, total 91ms
D/dalvikvm(  626): GC_EXPLICIT freed 85K, 26% free 16835K/22664K, paused 4ms+8ms, total 87ms
D/dalvikvm(  966): GC_CONCURRENT freed 391K, 19% free 2642K/3244K, paused 3ms+2ms, total 17ms
D/dalvikvm(  626): GC_EXPLICIT freed 86K, 26% free 16834K/22664K, paused 3ms+8ms, total 76ms
D/dalvikvm(  966): GC_CONCURRENT freed 391K, 19% free 2637K/3244K, paused 2ms+2ms, total 14ms
D/dalvikvm(  626): GC_EXPLICIT freed 93K, 26% free 16836K/22664K, paused 3ms+5ms, total 74ms
D/dalvikvm(  966): GC_CONCURRENT freed 389K, 19% free 2636K/3244K, paused 2ms+2ms, total 16ms
D/dalvikvm(  626): GC_EXPLICIT freed 87K, 26% free 16835K/22664K, paused 3ms+8ms, total 76ms
D/dalvikvm(  966): GC_CONCURRENT freed 392K, 19% free 2642K/3244K, paused 2ms+2ms, total 21ms
D/dalvikvm(  626): GC_EXPLICIT freed 88K, 26% free 16835K/22664K, paused 5ms+8ms, total 90ms
I/ActivityManager(  626): No longer want com.android.calendar (pid 2121): empty #17
D/dalvikvm(  966): GC_CONCURRENT freed 393K, 19% free 2641K/3244K, paused 2ms+4ms, total 19ms
D/dalvikvm(  626): GC_EXPLICIT freed 141K, 26% free 16829K/22664K, paused 3ms+5ms, total 75ms
D/Finsky  ( 1858): [1] 5.onFinished: Installation state replication succeeded.
D/dalvikvm(  966): GC_CONCURRENT freed 386K, 19% free 2638K/3244K, paused 3ms+4ms, total 21ms
D/dalvikvm(  626): GC_EXPLICIT freed 103K, 26% free 16825K/22664K, paused 8ms+6ms, total 99ms
D/dalvikvm(  966): GC_CONCURRENT freed 388K, 19% free 2643K/3244K, paused 4ms+4ms, total 29ms
D/dalvikvm(  626): GC_EXPLICIT freed 85K, 26% free 16825K/22664K, paused 10ms+8ms, total 104ms
D/dalvikvm(  966): GC_CONCURRENT freed 392K, 19% free 2645K/3244K, paused 4ms+6ms, total 35ms
D/dalvikvm(  626): GC_EXPLICIT freed 86K, 26% free 16825K/22664K, paused 3ms+8ms, total 77ms
D/dalvikvm(  626): GC_EXPLICIT freed 86K, 26% free 16825K/22664K, paused 9ms+8ms, total 100ms
D/dalvikvm(  966): GC_CONCURRENT freed 397K, 19% free 2649K/3244K, paused 4ms+6ms, total 35ms
I/HeadsetService( 1567): Audio session removed: 7
I/HeadsetService( 1567): Selected configuration: speaker
I/AudioService(  626):  AudioFocus  abandonAudioFocus() from android.media.AudioManager@40feff98com.andrew.apollo.service.ApolloService$3@40feeb98
I/ActivityManager(  626): No longer want com.andrew.apollo:main (pid 2009): empty #17
W/AudioService(  626):   RemoteControlClient died
D/dalvikvm(  626): GC_EXPLICIT freed 96K, 26% free 16823K/22664K, paused 7ms+6ms, total 94ms
D/dalvikvm(  966): GC_CONCURRENT freed 403K, 19% free 2639K/3244K, paused 4ms+4ms, total 48ms
D/dalvikvm(  626): GC_EXPLICIT freed 89K, 26% free 16820K/22664K, paused 3ms+8ms, total 76ms
D/dalvikvm(  966): GC_CONCURRENT freed 389K, 19% free 2635K/3244K, paused 2ms+3ms, total 18ms
D/dalvikvm(  626): GC_EXPLICIT freed 86K, 26% free 16820K/22664K, paused 8ms+7ms, total 91ms
D/dalvikvm(  966): GC_CONCURRENT freed 388K, 19% free 2637K/3244K, paused 4ms+3ms, total 32ms
D/dalvikvm(  626): GC_EXPLICIT freed 90K, 26% free 16819K/22664K, paused 9ms+8ms, total 94ms
D/dalvikvm(  966): GC_CONCURRENT freed 388K, 19% free 2633K/3244K, paused 3ms+4ms, total 28ms
D/dalvikvm(  626): GC_EXPLICIT freed 86K, 26% free 16819K/22664K, paused 5ms+8ms, total 89ms
D/dalvikvm(  966): GC_CONCURRENT freed 405K, 19% free 2638K/3244K, paused 3ms+3ms, total 30ms
D/dalvikvm(  626): GC_EXPLICIT freed 86K, 26% free 16819K/22664K, paused 3ms+8ms, total 77ms
D/dalvikvm(  966): GC_CONCURRENT freed 397K, 19% free 2638K/3244K, paused 4ms+3ms, total 34ms
D/dalvikvm(  626): GC_EXPLICIT freed 85K, 26% free 16819K/22664K, paused 9ms+8ms, total 85ms
W/MediaScanner(  966): Error opening directory '/storage/usbdisk0/', skipping: Permission denied.
E/WVMExtractor(  246): Failed to open libwvm.so
E/MediaScannerService(  966): Exception in handleMessage
E/MediaScannerService(  966): android.os.DeadObjectException
E/MediaScannerService(  966): 	at android.os.BinderProxy.transact(Native Method)
E/MediaScannerService(  966): 	at android.media.IMediaScannerListener$Stub$Proxy.scanCompleted(IMediaScannerListener.java:100)
E/MediaScannerService(  966): 	at com.android.providers.media.MediaScannerService$ServiceHandler.handleMessage(MediaScannerService.java:251)
E/MediaScannerService(  966): 	at android.os.Handler.dispatchMessage(Handler.java:99)
E/MediaScannerService(  966): 	at android.os.Looper.loop(Looper.java:137)
E/MediaScannerService(  966): 	at com.android.providers.media.MediaScannerService.run(MediaScannerService.java:186)
E/MediaScannerService(  966): 	at java.lang.Thread.run(Thread.java:856)
D/dalvikvm(  966): GC_CONCURRENT freed 409K, 20% free 2624K/3244K, paused 2ms+3ms, total 20ms
D/dalvikvm(  966): GREF has increased to 301
D/dalvikvm(  626): GC_EXPLICIT freed 106K, 26% free 16820K/22664K, paused 3ms+6ms, total 75ms
D/dalvikvm(  966): GC_CONCURRENT freed 374K, 19% free 2648K/3244K, paused 3ms+3ms, total 21ms
D/dalvikvm(  626): GC_EXPLICIT freed 113K, 26% free 16821K/22664K, paused 3ms+5ms, total 74ms
D/dalvikvm(  966): GC_CONCURRENT freed 415K, 20% free 2619K/3244K, paused 2ms+4ms, total 19ms
D/dalvikvm(  966): GC_CONCURRENT freed 507K, 23% free 2502K/3244K, paused 2ms+1ms, total 20ms
D/dalvikvm(  966): GC_CONCURRENT freed 383K, 23% free 2502K/3244K, paused 2ms+1ms, total 14ms
D/dalvikvm(  966): GC_CONCURRENT freed 383K, 23% free 2502K/3244K, paused 2ms+2ms, total 15ms
E/        (  626): ../../accel.c|inv_get_accel_offset|211 returning 19
D/Sensors (  626): enable accel bias check
V/Sensors (  626): enable - sensor Accelerometer (handle 4) dis -> en
E/Sensors (  626): mEnabled = 10
V/Sensors (  626): setDelay - sensor Accelerometer (handle 4), rate 200 ms (5.00 Hz)
V/Sensors (  626): setDelay - sensor Accelerometer (handle 4), rate 20 ms (50.00 Hz)
E/Sensors (  626): activatePendingSensors : mEnabled = 10
E/Sensors (  626): requested_sensors(0) from kernel
V/Sensors (  626): calling inv_set_mpu_sensors(000070)
I/MPL-fifo(  626): Actual ODR: 14285 mHz
E/Sensors (  626): set fifo rate - divider : 3, delay : 20 ms (50.00 Hz)
I/MPL-fifo(  626): Actual ODR: 50000 mHz
V/Sensors (  626): Starting DMP
W/MPL-9_sup(  626): 9 axis sensor fusion not available - No compass detected.
I/Sensors (  626): Enabled 9 axis sensor fusion
I/MPL-mldl_cfg_mpu:(  626): inv_mpu_resume(,,,,0070) -> 0070
E/Sensors (  626): accelHandler 0.092208 0.523312 9.878258
D/dalvikvm(  966): GC_CONCURRENT freed 387K, 23% free 2503K/3244K, paused 2ms+2ms, total 17ms
D/MediaProvider(  966): object removed 18779
D/dalvikvm(  626): GC_EXPLICIT freed 131K, 26% free 16826K/22664K, paused 9ms+6ms, total 94ms
D/dalvikvm(  966): GC_CONCURRENT freed 282K, 20% free 2605K/3244K, paused 2ms+3ms, total 16ms
D/dalvikvm( 1500): GC_CONCURRENT freed 480K, 19% free 3589K/4424K, paused 3ms+2ms, total 28ms
D/dalvikvm( 1500): WAIT_FOR_CONCURRENT_GC blocked 13ms
I/dalvikvm( 2337): Total arena pages for JIT: 11
I/dalvikvm( 2337): Total arena pages for JIT: 12
I/dalvikvm( 2337): Total arena pages for JIT: 13
I/dalvikvm( 2337): Total arena pages for JIT: 14
I/dalvikvm( 2337): Total arena pages for JIT: 15
I/dalvikvm( 2337): Total arena pages for JIT: 16
I/dalvikvm( 2337): Total arena pages for JIT: 17
I/dalvikvm( 2337): Total arena pages for JIT: 18
D/dalvikvm( 2337): GC_CONCURRENT freed 434K, 15% free 3537K/4156K, paused 2ms+1ms, total 40ms
E/Sensors (  626): accelHandler 0.102986 0.481399 9.871073
D/dalvikvm(  626): GC_EXPLICIT freed 108K, 26% free 16829K/22664K, paused 3ms+5ms, total 80ms
D/dalvikvm(  966): GC_CONCURRENT freed 334K, 19% free 2655K/3244K, paused 3ms+3ms, total 23ms
D/dalvikvm(  626): GC_EXPLICIT freed 88K, 26% free 16827K/22664K, paused 10ms+5ms, total 94ms
D/dalvikvm(  966): GC_CONCURRENT freed 399K, 19% free 2661K/3248K, paused 3ms+3ms, total 28ms
E/Sensors (  626): accelHandler 0.100591 0.517324 9.909393
D/dalvikvm(  626): GC_EXPLICIT freed 99K, 26% free 16828K/22664K, paused 4ms+6ms, total 86ms
D/dalvikvm(  966): GC_CONCURRENT freed 395K, 19% free 2661K/3248K, paused 3ms+6ms, total 30ms
D/dalvikvm(  626): GC_EXPLICIT freed 85K, 26% free 16827K/22664K, paused 3ms+6ms, total 73ms
E/Sensors (  626): accelHandler 0.114961 0.499362 9.954899
D/dalvikvm(  626): GC_EXPLICIT freed 85K, 26% free 16827K/22664K, paused 3ms+5ms, total 73ms
D/dalvikvm(  966): GC_CONCURRENT freed 412K, 19% free 2664K/3260K, paused 4ms+2ms, total 29ms
D/dalvikvm(  626): GC_EXPLICIT freed 87K, 26% free 16828K/22664K, paused 3ms+5ms, total 74ms
V/Sensors (  626): enable - sensor Accelerometer (handle 4) en -> dis
E/Sensors (  626): mEnabled = 0
V/Sensors (  626): setDelay - sensor Accelerometer (handle 4), rate 20 ms (50.00 Hz)
E/Sensors (  626): activatePendingSensors : mEnabled = 0
E/Sensors (  626): requested_sensors(70) from kernel
I/Sensors (  626): Disabled 9 axis sensor fusion
I/MPL-mldl_cfg_mpu:(  626): inv_mpu_suspend(,,,,7fff) -> 0000
V/Sensors (  626): calling inv_set_mpu_sensors(000000)
V/Sensors (  626): Starting DMP
W/MPL-9_sup(  626): 9 axis sensor fusion not available - No compass detected.
I/Sensors (  626): Enabled 9 axis sensor fusion
I/MPL-mldl_cfg_mpu:(  626): inv_mpu_resume(,,,,0000) -> 0000
V/Sensors (  626): Stopping DMP
I/Sensors (  626): Disabled 9 axis sensor fusion
I/MPL-mldl_cfg_mpu:(  626): inv_mpu_suspend(,,,,7fff) -> 0000
D/dalvikvm(  966): GC_CONCURRENT freed 416K, 19% free 2652K/3260K, paused 1ms+2ms, total 24ms
D/dalvikvm( 1500): GC_CONCURRENT freed 396K, 17% free 3705K/4424K, paused 4ms+3ms, total 25ms
D/dalvikvm( 1500): WAIT_FOR_CONCURRENT_GC blocked 14ms
D/dalvikvm(  626): GC_EXPLICIT freed 88K, 26% free 16828K/22664K, paused 3ms+6ms, total 73ms
D/dalvikvm(  966): GC_CONCURRENT freed 402K, 19% free 2651K/3260K, paused 3ms+6ms, total 37ms
D/dalvikvm(  626): GC_EXPLICIT freed 85K, 26% free 16826K/22664K, paused 3ms+5ms, total 73ms
E/MP-Decision( 1257): DOWN Ld:22 Ns:1.100000 Ts:190 rq:1.000000 seq:196.000000
D/dalvikvm(  966): GC_CONCURRENT freed 393K, 19% free 2644K/3260K, paused 2ms+2ms, total 17ms
I/rmt_storage(  584): rmt_storage_rw_iovec_cb: /boot/modem_fs2: clnt_h=0x2: req_h=0xa msg_id=3: R/W request received
I/rmt_storage(  584): wakelock acquired: 1, error no: 110
I/rmt_storage(  584): rmt_storage_client_thread: /boot/modem_fs2: clnt_h=0x2 Unblock worker thread (th_id: 1105981160)
D/QMI_FW  (  584): QCSI: QMI_CSI_RX: cntl_flag - 00, txn_id - 0004, msg_id - 0003, msg_len - 002b
D/QMI_FW  (  584): QCSI: xport_handle_event[16]
D/dalvikvm(  626): GC_EXPLICIT freed 82K, 26% free 16827K/22664K, paused 3ms+5ms, total 75ms
I/rmt_storage(  584): rmt_storage_client_thread: /boot/modem_fs2: clnt_h=0x2: req_h=0xa msg_id=3: Bytes written = 3145216
I/rmt_storage(  584): rmt_storage_client_thread: /boot/modem_fs2: clnt_h=0x2: req_h=0xa msg_id=3: Bytes written = 512
I/rmt_storage(  584): rmt_storage_client_thread: /boot/modem_fs2: clnt_h=0x2: req_h=0xa msg_id=3: Send response: res=0 err=0
I/rmt_storage(  584): rmt_storage_client_thread: /boot/modem_fs2: clnt_h=0x2 About to block rmt_storage client thread (th_id: 1105981160) wakelock released: 1, error no: 0
I/rmt_storage(  584): 
D/QMI_FW  (  584): QCSI: QMI_CSI_TX: cntl_flag - 02, txn_id - 0004, msg_id - 0003, msg_len - 0007
D/QMI_FW  (  584): QCSI: Sent[16]: 14 bytes to port 1280
D/dalvikvm(  966): GC_CONCURRENT freed 387K, 19% free 2641K/3260K, paused 2ms+2ms, total 16ms
D/dalvikvm(  626): GC_EXPLICIT freed 83K, 26% free 16826K/22664K, paused 3ms+5ms, total 76ms
D/dalvikvm(  966): GC_CONCURRENT freed 375K, 19% free 2653K/3260K, paused 3ms+2ms, total 17ms
D/dalvikvm(  626): GC_EXPLICIT freed 82K, 26% free 16827K/22664K, paused 2ms+5ms, total 74ms
D/dalvikvm(  966): GC_CONCURRENT freed 379K, 19% free 2663K/3260K, paused 3ms+2ms, total 25ms
D/dalvikvm(  626): GC_EXPLICIT freed 83K, 26% free 16826K/22664K, paused 3ms+6ms, total 75ms
W/ThrottleService(  626): unable to find stats for iface rmnet0
D/dalvikvm(  966): GC_CONCURRENT freed 386K, 19% free 2664K/3260K, paused 3ms+3ms, total 19ms
D/dalvikvm(  626): GC_EXPLICIT freed 108K, 26% free 16827K/22664K, paused 2ms+5ms, total 74ms
D/dalvikvm(  626): GC_EXPLICIT freed 83K, 26% free 16827K/22664K, paused 3ms+5ms, total 75ms
D/dalvikvm(  966): GC_CONCURRENT freed 385K, 19% free 2664K/3260K, paused 2ms+3ms, total 17ms
D/dalvikvm(  626): GC_EXPLICIT freed 83K, 26% free 16827K/22664K, paused 2ms+5ms, total 74ms
D/dalvikvm(  966): GC_CONCURRENT freed 391K, 19% free 2658K/3260K, paused 3ms+3ms, total 16ms
D/dalvikvm(  626): GC_EXPLICIT freed 82K, 26% free 16827K/22664K, paused 3ms+5ms, total 75ms
D/dalvikvm(  966): GC_CONCURRENT freed 386K, 19% free 2659K/3260K, paused 3ms+3ms, total 16ms
D/dalvikvm(  626): GC_EXPLICIT freed 83K, 26% free 16827K/22664K, paused 3ms+5ms, total 74ms
D/dalvikvm(  966): GC_CONCURRENT freed 386K, 19% free 2659K/3260K, paused 2ms+3ms, total 16ms
D/dalvikvm(  626): GC_EXPLICIT freed 87K, 26% free 16827K/22664K, paused 3ms+5ms, total 75ms
E/        (  626): ../../accel.c|inv_get_accel_offset|211 returning 19
D/Sensors (  626): enable accel bias check
V/Sensors (  626): enable - sensor Accelerometer (handle 4) dis -> en
E/Sensors (  626): mEnabled = 10
V/Sensors (  626): setDelay - sensor Accelerometer (handle 4), rate 200 ms (5.00 Hz)
V/Sensors (  626): setDelay - sensor Accelerometer (handle 4), rate 20 ms (50.00 Hz)
E/Sensors (  626): activatePendingSensors : mEnabled = 10
E/Sensors (  626): requested_sensors(0) from kernel
V/Sensors (  626): calling inv_set_mpu_sensors(000070)
I/MPL-fifo(  626): Actual ODR: 50000 mHz
E/Sensors (  626): set fifo rate - divider : 3, delay : 20 ms (50.00 Hz)
I/MPL-fifo(  626): Actual ODR: 50000 mHz
V/Sensors (  626): Starting DMP
W/MPL-9_sup(  626): 9 axis sensor fusion not available - No compass detected.
I/Sensors (  626): Enabled 9 axis sensor fusion
I/MPL-mldl_cfg_mpu:(  626): inv_mpu_resume(,,,,0070) -> 0070
D/dalvikvm(  966): GC_CONCURRENT freed 385K, 19% free 2660K/3260K, paused 2ms+4ms, total 17ms
D/dalvikvm(  626): GC_EXPLICIT freed 86K, 26% free 16829K/22664K, paused 3ms+5ms, total 79ms
E/Sensors (  626): accelHandler 0.108973 0.512534 9.892628
D/dalvikvm(  966): GC_CONCURRENT freed 383K, 19% free 2661K/3260K, paused 3ms+2ms, total 18ms
D/dalvikvm(  626): GC_EXPLICIT freed 82K, 26% free 16828K/22664K, paused 3ms+5ms, total 78ms
D/dalvikvm(  966): GC_CONCURRENT freed 386K, 19% free 2662K/3260K, paused 3ms+2ms, total 17ms
D/dalvikvm(  626): GC_EXPLICIT freed 81K, 26% free 16829K/22664K, paused 3ms+6ms, total 78ms
E/Sensors (  626): accelHandler 0.104183 0.519719 9.924961
D/dalvikvm(  966): GC_CONCURRENT freed 386K, 19% free 2664K/3260K, paused 3ms+3ms, total 19ms
D/dalvikvm(  626): GC_EXPLICIT freed 82K, 26% free 16828K/22664K, paused 3ms+5ms, total 78ms
D/dalvikvm(  626): GC_EXPLICIT freed 96K, 26% free 16829K/22664K, paused 3ms+6ms, total 78ms
D/dalvikvm(  966): GC_CONCURRENT freed 385K, 19% free 2663K/3260K, paused 3ms+2ms, total 18ms
E/Sensors (  626): accelHandler 0.107776 0.514929 9.918973
D/dalvikvm(  626): GC_EXPLICIT freed 83K, 26% free 16828K/22664K, paused 2ms+5ms, total 77ms
D/dalvikvm(  966): GC_CONCURRENT freed 392K, 19% free 2657K/3260K, paused 2ms+4ms, total 19ms
D/dalvikvm(  626): GC_EXPLICIT freed 81K, 26% free 16828K/22664K, paused 3ms+5ms, total 77ms
D/dalvikvm(  966): GC_CONCURRENT freed 385K, 19% free 2660K/3260K, paused 2ms+4ms, total 18ms
E/Sensors (  626): accelHandler 0.119751 0.525707 9.897418
D/dalvikvm(  626): GC_EXPLICIT freed 82K, 26% free 16828K/22664K, paused 3ms+5ms, total 76ms
V/Sensors (  626): enable - sensor Accelerometer (handle 4) en -> dis
E/Sensors (  626): mEnabled = 0
V/Sensors (  626): setDelay - sensor Accelerometer (handle 4), rate 20 ms (50.00 Hz)
E/Sensors (  626): activatePendingSensors : mEnabled = 0
E/Sensors (  626): requested_sensors(70) from kernel
I/Sensors (  626): Disabled 9 axis sensor fusion
I/MPL-mldl_cfg_mpu:(  626): inv_mpu_suspend(,,,,7fff) -> 0000
V/Sensors (  626): calling inv_set_mpu_sensors(000000)
V/Sensors (  626): Starting DMP
W/MPL-9_sup(  626): 9 axis sensor fusion not available - No compass detected.
I/Sensors (  626): Enabled 9 axis sensor fusion
I/MPL-mldl_cfg_mpu:(  626): inv_mpu_resume(,,,,0000) -> 0000
V/Sensors (  626): Stopping DMP
I/Sensors (  626): Disabled 9 axis sensor fusion
I/MPL-mldl_cfg_mpu:(  626): inv_mpu_suspend(,,,,7fff) -> 0000
D/dalvikvm( 1500): GC_CONCURRENT freed 514K, 17% free 3702K/4424K, paused 8ms+1ms, total 30ms
D/dalvikvm( 1500): WAIT_FOR_CONCURRENT_GC blocked 22ms
D/dalvikvm(  966): GC_CONCURRENT freed 385K, 19% free 2660K/3260K, paused 2ms+2ms, total 16ms
D/dalvikvm(  626): GC_EXPLICIT freed 90K, 26% free 16829K/22664K, paused 3ms+5ms, total 75ms
D/dalvikvm(  966): GC_CONCURRENT freed 385K, 19% free 2660K/3260K, paused 2ms+3ms, total 16ms
D/dalvikvm(  626): GC_EXPLICIT freed 83K, 26% free 16828K/22664K, paused 2ms+5ms, total 74ms
D/dalvikvm(  966): GC_CONCURRENT freed 384K, 19% free 2661K/3260K, paused 2ms+2ms, total 17ms
D/dalvikvm(  626): GC_EXPLICIT freed 82K, 26% free 16827K/22664K, paused 2ms+5ms, total 74ms
D/dalvikvm(  966): GC_CONCURRENT freed 384K, 19% free 2661K/3260K, paused 3ms+2ms, total 17ms
D/dalvikvm(  626): GC_EXPLICIT freed 83K, 26% free 16828K/22664K, paused 2ms+5ms, total 74ms
D/dalvikvm(  966): GC_CONCURRENT freed 383K, 19% free 2662K/3260K, paused 3ms+2ms, total 17ms
D/dalvikvm(  626): GC_EXPLICIT freed 82K, 26% free 16827K/22664K, paused 3ms+5ms, total 75ms
D/dalvikvm(  966): GC_CONCURRENT freed 385K, 19% free 2664K/3260K, paused 3ms+2ms, total 17ms
D/dalvikvm(  626): GC_EXPLICIT freed 81K, 26% free 16828K/22664K, paused 2ms+5ms, total 74ms
D/dalvikvm(  626): GC_EXPLICIT freed 82K, 26% free 16827K/22664K, paused 3ms+5ms, total 75ms
D/dalvikvm(  966): GC_CONCURRENT freed 384K, 19% free 2664K/3260K, paused 2ms+2ms, total 17ms
D/dalvikvm(  626): GC_EXPLICIT freed 81K, 26% free 16828K/22664K, paused 3ms+5ms, total 74ms
D/dalvikvm(  966): GC_CONCURRENT freed 391K, 19% free 2659K/3260K, paused 2ms+3ms, total 17ms
D/dalvikvm(  626): GC_EXPLICIT freed 82K, 26% free 16827K/22664K, paused 3ms+6ms, total 75ms
D/dalvikvm(  966): GC_CONCURRENT freed 385K, 19% free 2659K/3260K, paused 3ms+2ms, total 18ms
D/dalvikvm(  626): GC_EXPLICIT freed 81K, 26% free 16828K/22664K, paused 3ms+5ms, total 75ms
D/dalvikvm(  966): GC_CONCURRENT freed 385K, 19% free 2660K/3260K, paused 2ms+3ms, total 16ms
D/dalvikvm(  626): GC_EXPLICIT freed 82K, 26% free 16827K/22664K, paused 3ms+5ms, total 74ms
D/dalvikvm(  966): GC_CONCURRENT freed 385K, 19% free 2660K/3260K, paused 3ms+2ms, total 17ms
D/dalvikvm(  626): GC_EXPLICIT freed 84K, 26% free 16828K/22664K, paused 4ms+6ms, total 82ms
E/        (  626): ../../accel.c|inv_get_accel_offset|211 returning 19
D/Sensors (  626): enable accel bias check
V/Sensors (  626): enable - sensor Accelerometer (handle 4) dis -> en
E/Sensors (  626): mEnabled = 10
V/Sensors (  626): setDelay - sensor Accelerometer (handle 4), rate 200 ms (5.00 Hz)
V/Sensors (  626): setDelay - sensor Accelerometer (handle 4), rate 20 ms (50.00 Hz)
E/Sensors (  626): activatePendingSensors : mEnabled = 10
E/Sensors (  626): requested_sensors(0) from kernel
V/Sensors (  626): calling inv_set_mpu_sensors(000070)
I/MPL-fifo(  626): Actual ODR: 50000 mHz
E/Sensors (  626): set fifo rate - divider : 3, delay : 20 ms (50.00 Hz)
I/MPL-fifo(  626): Actual ODR: 50000 mHz
V/Sensors (  626): Starting DMP
W/MPL-9_sup(  626): 9 axis sensor fusion not available - No compass detected.
I/Sensors (  626): Enabled 9 axis sensor fusion
I/MPL-mldl_cfg_mpu:(  626): inv_mpu_resume(,,,,0070) -> 0070
D/dalvikvm(  966): GC_CONCURRENT freed 383K, 19% free 2662K/3260K, paused 3ms+2ms, total 18ms
D/dalvikvm(  626): GC_EXPLICIT freed 82K, 26% free 16830K/22664K, paused 3ms+5ms, total 78ms
E/MP-Decision( 1257): UP Ld:25 Nw:1.990000 Tw:140 rq:2.100000 seq:147.000000
E/Sensors (  626): accelHandler 0.070653 0.525707 9.988429
D/dalvikvm(  966): GC_CONCURRENT freed 390K, 19% free 2669K/3260K, paused 5ms+3ms, total 32ms
D/dalvikvm(  626): GC_EXPLICIT freed 81K, 26% free 16829K/22664K, paused 9ms+5ms, total 89ms
D/dalvikvm(  626): GC_EXPLICIT freed 80K, 26% free 16830K/22664K, paused 3ms+5ms, total 73ms
D/dalvikvm(  966): GC_CONCURRENT freed 393K, 19% free 2670K/3260K, paused 3ms+3ms, total 22ms
E/Sensors (  626): accelHandler 0.104183 0.530497 9.910591
D/dalvikvm(  626): GC_EXPLICIT freed 80K, 26% free 16830K/22664K, paused 3ms+5ms, total 73ms
D/dalvikvm(  966): GC_CONCURRENT freed 394K, 19% free 2664K/3260K, paused 2ms+2ms, total 16ms
D/dalvikvm(  626): GC_EXPLICIT freed 81K, 26% free 16829K/22664K, paused 3ms+5ms, total 73ms
D/dalvikvm(  966): GC_CONCURRENT freed 391K, 19% free 2661K/3260K, paused 2ms+2ms, total 16ms
E/Sensors (  626): accelHandler 0.114961 0.506547 9.909393
D/dalvikvm(  626): GC_EXPLICIT freed 80K, 26% free 16830K/22664K, paused 3ms+5ms, total 73ms
D/dalvikvm(  966): GC_CONCURRENT freed 384K, 19% free 2660K/3260K, paused 2ms+2ms, total 16ms
D/dalvikvm(  626): GC_EXPLICIT freed 80K, 26% free 16829K/22664K, paused 3ms+6ms, total 73ms
D/dalvikvm(  966): GC_CONCURRENT freed 384K, 19% free 2662K/3260K, paused 2ms+2ms, total 17ms
V/Sensors (  626): enable - sensor Accelerometer (handle 4) en -> dis
E/Sensors (  626): mEnabled = 0
V/Sensors (  626): setDelay - sensor Accelerometer (handle 4), rate 20 ms (50.00 Hz)
E/Sensors (  626): activatePendingSensors : mEnabled = 0
E/Sensors (  626): requested_sensors(70) from kernel
I/Sensors (  626): Disabled 9 axis sensor fusion
I/MPL-mldl_cfg_mpu:(  626): inv_mpu_suspend(,,,,7fff) -> 0000
V/Sensors (  626): calling inv_set_mpu_sensors(000000)
V/Sensors (  626): Starting DMP
W/MPL-9_sup(  626): 9 axis sensor fusion not available - No compass detected.
I/Sensors (  626): Enabled 9 axis sensor fusion
I/MPL-mldl_cfg_mpu:(  626): inv_mpu_resume(,,,,0000) -> 0000
V/Sensors (  626): Stopping DMP
I/Sensors (  626): Disabled 9 axis sensor fusion
I/MPL-mldl_cfg_mpu:(  626): inv_mpu_suspend(,,,,7fff) -> 0000
D/dalvikvm( 1500): GC_CONCURRENT freed 464K, 16% free 3749K/4424K, paused 1ms+2ms, total 20ms
D/dalvikvm( 1500): WAIT_FOR_CONCURRENT_GC blocked 12ms
D/dalvikvm(  626): GC_EXPLICIT freed 96K, 26% free 16832K/22664K, paused 3ms+5ms, total 74ms
D/dalvikvm(  966): GC_CONCURRENT freed 388K, 19% free 2664K/3260K, paused 2ms+3ms, total 17ms
D/dalvikvm(  626): GC_EXPLICIT freed 82K, 26% free 16830K/22664K, paused 8ms+5ms, total 97ms
D/dalvikvm(  966): GC_CONCURRENT freed 384K, 19% free 2664K/3260K, paused 3ms+3ms, total 16ms
D/dalvikvm(  626): GC_EXPLICIT freed 81K, 26% free 16830K/22664K, paused 3ms+5ms, total 74ms
D/dalvikvm(  626): GC_EXPLICIT freed 91K, 26% free 16833K/22664K, paused 3ms+5ms, total 73ms
D/dalvikvm(  966): GC_CONCURRENT freed 384K, 19% free 2665K/3260K, paused 3ms+10ms, total 30ms
D/dalvikvm(  626): GC_EXPLICIT freed 81K, 26% free 16832K/22664K, paused 3ms+5ms, total 74ms
D/dalvikvm(  966): GC_CONCURRENT freed 399K, 18% free 2678K/3260K, paused 3ms+9ms, total 44ms
D/dalvikvm(  626): GC_EXPLICIT freed 80K, 26% free 16833K/22664K, paused 3ms+5ms, total 73ms
D/dalvikvm(  966): GC_CONCURRENT freed 415K, 19% free 2672K/3272K, paused 6ms+7ms, total 37ms
D/dalvikvm(  626): GC_EXPLICIT freed 80K, 26% free 16832K/22664K, paused 3ms+5ms, total 74ms
D/dalvikvm(  966): GC_CONCURRENT freed 396K, 19% free 2665K/3272K, paused 5ms+7ms, total 47ms
D/dalvikvm(  626): GC_EXPLICIT freed 80K, 26% free 16833K/22664K, paused 9ms+5ms, total 100ms
D/dalvikvm(  966): GC_CONCURRENT freed 388K, 19% free 2665K/3272K, paused 3ms+2ms, total 17ms
D/dalvikvm(  626): GC_EXPLICIT freed 80K, 26% free 16832K/22664K, paused 7ms+5ms, total 86ms
D/dalvikvm(  966): GC_CONCURRENT freed 397K, 19% free 2670K/3272K, paused 3ms+3ms, total 43ms
D/dalvikvm(  626): GC_EXPLICIT freed 80K, 26% free 16833K/22664K, paused 6ms+5ms, total 86ms
D/dalvikvm(  966): GC_CONCURRENT freed 398K, 19% free 2673K/3272K, paused 4ms+8ms, total 38ms
D/dalvikvm(  626): GC_EXPLICIT freed 80K, 26% free 16832K/22664K, paused 3ms+5ms, total 73ms
D/dalvikvm(  626): GC_EXPLICIT freed 81K, 26% free 16832K/22664K, paused 9ms+5ms, total 96ms
D/dalvikvm(  966): GC_CONCURRENT freed 405K, 19% free 2674K/3272K, paused 5ms+7ms, total 39ms
D/dalvikvm(  626): GC_EXPLICIT freed 91K, 26% free 16833K/22664K, paused 3ms+5ms, total 74ms
D/dalvikvm(  966): GC_CONCURRENT freed 401K, 19% free 2662K/3272K, paused 4ms+6ms, total 35ms
D/dalvikvm(  626): GC_EXPLICIT freed 81K, 26% free 16833K/22664K, paused 9ms+5ms, total 97ms
D/dalvikvm(  966): GC_CONCURRENT freed 398K, 19% free 2671K/3272K, paused 5ms+6ms, total 37ms
D/dalvikvm(  626): GC_EXPLICIT freed 80K, 26% free 16833K/22664K, paused 3ms+5ms, total 74ms
D/dalvikvm(  966): GC_CONCURRENT freed 405K, 19% free 2673K/3272K, paused 3ms+7ms, total 38ms
D/dalvikvm(  626): GC_EXPLICIT freed 80K, 26% free 16833K/22664K, paused 3ms+5ms, total 74ms
E/MP-Decision( 1257): DOWN Ld:49 Ns:1.100000 Ts:190 rq:1.100000 seq:196.000000
D/dalvikvm(  966): GC_CONCURRENT freed 394K, 19% free 2666K/3272K, paused 3ms+2ms, total 17ms
D/dalvikvm(  626): GC_EXPLICIT freed 80K, 26% free 16833K/22664K, paused 2ms+6ms, total 75ms
D/dalvikvm(  966): GC_CONCURRENT freed 389K, 19% free 2664K/3272K, paused 2ms+2ms, total 16ms
D/dalvikvm(  626): GC_EXPLICIT freed 80K, 26% free 16833K/22664K, paused 3ms+5ms, total 75ms
D/dalvikvm(  626): GC_EXPLICIT freed 80K, 26% free 16833K/22664K, paused 3ms+5ms, total 74ms
D/dalvikvm(  966): GC_CONCURRENT freed 384K, 19% free 2665K/3272K, paused 2ms+2ms, total 17ms
D/dalvikvm(  626): GC_EXPLICIT freed 80K, 26% free 16833K/22664K, paused 3ms+5ms, total 75ms
D/dalvikvm(  966): GC_CONCURRENT freed 390K, 19% free 2661K/3272K, paused 2ms+2ms, total 17ms
D/dalvikvm(  626): GC_EXPLICIT freed 80K, 26% free 16833K/22664K, paused 3ms+5ms, total 74ms
D/dalvikvm(  966): GC_CONCURRENT freed 387K, 19% free 2661K/3272K, paused 2ms+2ms, total 16ms
D/dalvikvm(  626): GC_EXPLICIT freed 80K, 26% free 16833K/22664K, paused 3ms+5ms, total 74ms
D/dalvikvm(  966): GC_CONCURRENT freed 387K, 19% free 2661K/3272K, paused 2ms+2ms, total 15ms
D/dalvikvm(  626): GC_EXPLICIT freed 80K, 26% free 16833K/22664K, paused 3ms+6ms, total 75ms
D/dalvikvm(  966): GC_CONCURRENT freed 386K, 19% free 2662K/3272K, paused 2ms+2ms, total 18ms
D/dalvikvm(  626): GC_EXPLICIT freed 80K, 26% free 16833K/22664K, paused 3ms+5ms, total 75ms
D/dalvikvm(  966): GC_CONCURRENT freed 385K, 19% free 2663K/3272K, paused 2ms+3ms, total 16ms
D/dalvikvm(  626): GC_EXPLICIT freed 80K, 26% free 16833K/22664K, paused 3ms+6ms, total 74ms
D/dalvikvm(  966): GC_CONCURRENT freed 384K, 19% free 2664K/3272K, paused 3ms+2ms, total 17ms
D/dalvikvm(  626): GC_EXPLICIT freed 80K, 26% free 16833K/22664K, paused 3ms+6ms, total 75ms
D/dalvikvm(  966): GC_CONCURRENT freed 385K, 19% free 2664K/3272K, paused 2ms+2ms, total 17ms
D/dalvikvm(  626): GC_EXPLICIT freed 80K, 26% free 16833K/22664K, paused 3ms+5ms, total 74ms
D/dalvikvm(  626): GC_EXPLICIT freed 80K, 26% free 16833K/22664K, paused 2ms+5ms, total 75ms
D/dalvikvm(  966): GC_CONCURRENT freed 384K, 19% free 2665K/3272K, paused 3ms+2ms, total 18ms
D/dalvikvm(  626): GC_EXPLICIT freed 80K, 26% free 16833K/22664K, paused 3ms+5ms, total 75ms
D/dalvikvm(  966): GC_CONCURRENT freed 390K, 19% free 2659K/3272K, paused 3ms+2ms, total 16ms
D/dalvikvm(  626): GC_EXPLICIT freed 80K, 26% free 16833K/22664K, paused 3ms+5ms, total 75ms
D/dalvikvm(  966): GC_CONCURRENT freed 385K, 19% free 2659K/3272K, paused 3ms+2ms, total 16ms
D/dalvikvm(  626): GC_EXPLICIT freed 80K, 26% free 16833K/22664K, paused 3ms+5ms, total 74ms
D/dalvikvm(  966): GC_CONCURRENT freed 385K, 19% free 2660K/3272K, paused 3ms+2ms, total 16ms
D/dalvikvm(  626): GC_EXPLICIT freed 81K, 26% free 16833K/22664K, paused 3ms+5ms, total 75ms
D/dalvikvm(  966): GC_CONCURRENT freed 384K, 19% free 2661K/3272K, paused 2ms+2ms, total 17ms
D/dalvikvm(  626): GC_EXPLICIT freed 80K, 26% free 16833K/22664K, paused 3ms+5ms, total 75ms
D/dalvikvm(  966): GC_CONCURRENT freed 385K, 19% free 2664K/3272K, paused 3ms+2ms, total 16ms
D/dalvikvm(  626): GC_EXPLICIT freed 81K, 26% free 16833K/22664K, paused 3ms+5ms, total 75ms
D/dalvikvm(  966): GC_CONCURRENT freed 386K, 19% free 2664K/3272K, paused 2ms+2ms, total 18ms
D/dalvikvm(  626): GC_EXPLICIT freed 80K, 26% free 16833K/22664K, paused 3ms+6ms, total 74ms
D/dalvikvm(  966): GC_CONCURRENT freed 384K, 19% free 2664K/3272K, paused 3ms+2ms, total 17ms
D/dalvikvm(  626): GC_EXPLICIT freed 80K, 26% free 16833K/22664K, paused 2ms+6ms, total 74ms
D/dalvikvm(  626): GC_EXPLICIT freed 80K, 26% free 16833K/22664K, paused 3ms+5ms, total 74ms
D/dalvikvm(  966): GC_CONCURRENT freed 384K, 19% free 2665K/3272K, paused 2ms+3ms, total 17ms
D/dalvikvm(  626): GC_EXPLICIT freed 80K, 26% free 16833K/22664K, paused 3ms+5ms, total 74ms
D/dalvikvm(  966): GC_CONCURRENT freed 390K, 19% free 2659K/3272K, paused 2ms+3ms, total 16ms
D/dalvikvm(  626): GC_EXPLICIT freed 80K, 26% free 16833K/22664K, paused 3ms+5ms, total 75ms
D/dalvikvm(  966): GC_CONCURRENT freed 385K, 19% free 2660K/3272K, paused 2ms+2ms, total 15ms
D/dalvikvm(  626): GC_EXPLICIT freed 81K, 26% free 16833K/22664K, paused 3ms+5ms, total 75ms
D/dalvikvm(  966): GC_CONCURRENT freed 385K, 19% free 2660K/3272K, paused 2ms+3ms, total 16ms
D/dalvikvm(  626): GC_EXPLICIT freed 80K, 26% free 16833K/22664K, paused 3ms+5ms, total 74ms
D/dalvikvm(  966): GC_CONCURRENT freed 384K, 19% free 2661K/3272K, paused 2ms+3ms, total 16ms
D/dalvikvm(  626): GC_EXPLICIT freed 80K, 26% free 16833K/22664K, paused 3ms+5ms, total 75ms
D/dalvikvm(  966): GC_CONCURRENT freed 383K, 19% free 2662K/3272K, paused 3ms+2ms, total 48ms
D/dalvikvm(  626): GC_EXPLICIT freed 118K, 26% free 16834K/22664K, paused 3ms+5ms, total 76ms
D/dalvikvm(  966): GC_CONCURRENT freed 384K, 19% free 2664K/3272K, paused 2ms+3ms, total 16ms
D/dalvikvm(  626): GC_EXPLICIT freed 81K, 26% free 16833K/22664K, paused 3ms+5ms, total 75ms
D/dalvikvm(  966): GC_CONCURRENT freed 385K, 19% free 2665K/3272K, paused 2ms+4ms, total 18ms
D/dalvikvm(  626): GC_EXPLICIT freed 80K, 26% free 16833K/22664K, paused 3ms+5ms, total 75ms
D/dalvikvm(  626): GC_EXPLICIT freed 80K, 26% free 16833K/22664K, paused 2ms+5ms, total 74ms
D/dalvikvm(  966): GC_CONCURRENT freed 387K, 19% free 2666K/3272K, paused 3ms+2ms, total 17ms
D/dalvikvm(  626): GC_EXPLICIT freed 80K, 26% free 16833K/22664K, paused 3ms+5ms, total 74ms
D/dalvikvm(  966): GC_CONCURRENT freed 401K, 19% free 2652K/3272K, paused 2ms+3ms, total 16ms
D/dalvikvm(  626): GC_EXPLICIT freed 80K, 26% free 16833K/22664K, paused 3ms+5ms, total 75ms
D/dalvikvm(  966): GC_CONCURRENT freed 385K, 19% free 2652K/3272K, paused 3ms+2ms, total 18ms
D/dalvikvm(  626): GC_EXPLICIT freed 80K, 26% free 16833K/22664K, paused 3ms+5ms, total 75ms
D/dalvikvm(  966): GC_CONCURRENT freed 383K, 19% free 2654K/3272K, paused 2ms+2ms, total 16ms
W/MediaScanner(  966): Error opening directory '/storage/usbdisk0/', skipping: Permission denied.
E/WVMExtractor(  246): Failed to open libwvm.so
E/MP-Decision( 1257): UP Ld:161 Nw:1.990000 Tw:140 rq:1.000000 seq:149.000000
I/ActivityManager(  626): No longer want com.android.sharedstoragebackup (pid 2450): empty #17
E/MP-Decision( 1257): DOWN Ld:28 Ns:1.100000 Ts:190 rq:0.100000 seq:196.000000
E/MP-Decision( 1257): UP Ld:15 Nw:1.990000 Tw:140 rq:2.100000 seq:142.000000
E/MP-Decision( 1257): DOWN Ld:19 Ns:1.100000 Ts:190 rq:0.000000 seq:194.000000
D/dalvikvm( 1500): GC_CONCURRENT freed 676K, 20% free 3581K/4444K, paused 2ms+2ms, total 37ms
D/dalvikvm( 1500): WAIT_FOR_CONCURRENT_GC blocked 12ms
D/dalvikvm(  626): GC_EXPLICIT freed 210K, 26% free 16839K/22664K, paused 3ms+5ms, total 76ms
D/dalvikvm( 2337): GC_CONCURRENT freed 386K, 15% free 3552K/4156K, paused 4ms+10ms, total 35ms
E/MP-Decision( 1257): UP Ld:25 Nw:1.990000 Tw:140 rq:282.100000 seq:144.000000
E/MP-Decision( 1257): DOWN Ld:13 Ns:1.100000 Ts:190 rq:0.000000 seq:196.000000
D/dalvikvm( 1112): GC_CONCURRENT freed 389K, 17% free 3089K/3704K, paused 1ms+21ms, total 47ms
E/MP-Decision( 1257): UP Ld:20 Nw:1.990000 Tw:140 rq:2.900000 seq:147.000000
D/dalvikvm( 2337): GC_CONCURRENT freed 434K, 15% free 3614K/4232K, paused 2ms+21ms, total 75ms
E/MP-Decision( 1257): DOWN Ld:19 Ns:1.100000 Ts:190 rq:0.000000 seq:196.000000
D/dalvikvm( 1128): GC_CONCURRENT freed 338K, 21% free 2766K/3464K, paused 1ms+2ms, total 16ms
E/        (  626): ../../accel.c|inv_get_accel_offset|211 returning 19
D/Sensors (  626): enable accel bias check
V/Sensors (  626): enable - sensor Accelerometer (handle 4) dis -> en
E/Sensors (  626): mEnabled = 10
V/Sensors (  626): setDelay - sensor Accelerometer (handle 4), rate 200 ms (5.00 Hz)
V/Sensors (  626): setDelay - sensor Accelerometer (handle 4), rate 20 ms (50.00 Hz)
E/Sensors (  626): activatePendingSensors : mEnabled = 10
E/Sensors (  626): requested_sensors(0) from kernel
V/Sensors (  626): calling inv_set_mpu_sensors(000070)
I/MPL-fifo(  626): Actual ODR: 50000 mHz
E/Sensors (  626): set fifo rate - divider : 3, delay : 20 ms (50.00 Hz)
I/MPL-fifo(  626): Actual ODR: 50000 mHz
V/Sensors (  626): Starting DMP
W/MPL-9_sup(  626): 9 axis sensor fusion not available - No compass detected.
I/Sensors (  626): Enabled 9 axis sensor fusion
I/MPL-mldl_cfg_mpu:(  626): inv_mpu_resume(,,,,0070) -> 0070
E/Sensors (  626): accelHandler -0.001198 0.513732 -10.265054
E/Sensors (  626): accelHandler -0.005988 0.524509 -10.157278
D/dalvikvm( 1500): GC_CONCURRENT freed 359K, 19% free 3605K/4444K, paused 2ms+2ms, total 21ms
E/Sensors (  626): accelHandler 0.020358 0.523312 -10.180031
E/Sensors (  626): accelHandler 0.002395 0.510139 -10.220746
V/Sensors (  626): enable - sensor Accelerometer (handle 4) en -> dis
E/Sensors (  626): mEnabled = 0
V/Sensors (  626): setDelay - sensor Accelerometer (handle 4), rate 20 ms (50.00 Hz)
E/Sensors (  626): activatePendingSensors : mEnabled = 0
E/Sensors (  626): requested_sensors(70) from kernel
I/Sensors (  626): Disabled 9 axis sensor fusion
I/MPL-mldl_cfg_mpu:(  626): inv_mpu_suspend(,,,,7fff) -> 0000
V/Sensors (  626): calling inv_set_mpu_sensors(000000)
V/Sensors (  626): Starting DMP
W/MPL-9_sup(  626): 9 axis sensor fusion not available - No compass detected.
I/Sensors (  626): Enabled 9 axis sensor fusion
I/MPL-mldl_cfg_mpu:(  626): inv_mpu_resume(,,,,0000) -> 0000
V/Sensors (  626): Stopping DMP
I/Sensors (  626): Disabled 9 axis sensor fusion
I/MPL-mldl_cfg_mpu:(  626): inv_mpu_suspend(,,,,7fff) -> 0000
D/dalvikvm( 1500): GC_CONCURRENT freed 427K, 17% free 3690K/4444K, paused 3ms+2ms, total 29ms
D/dalvikvm( 1500): WAIT_FOR_CONCURRENT_GC blocked 5ms
E/MP-Decision( 1257): UP Ld:25 Nw:1.990000 Tw:140 rq:275.900000 seq:168.000000
E/MP-Decision( 1257): DOWN Ld:9 Ns:1.100000 Ts:190 rq:0.000000 seq:195.000000
I/PowerManagerService(  626): Waking up from sleep...
E/Sensors (  626): requested_sensors(0) from kernel
V/Sensors (  626): calling inv_set_mpu_sensors(000070)
I/MPL-fifo(  626): Actual ODR: 50000 mHz
E/Sensors (  626): set fifo rate - divider : -28092523, delay : 18446744073709 ms (0.00 Hz)
I/MPL-fifo(  626): Actual ODR: 8 mHz
V/Sensors (  626): Starting DMP
W/MPL-9_sup(  626): 9 axis sensor fusion not available - No compass detected.
I/Sensors (  626): Enabled 9 axis sensor fusion
I/MPL-mldl_cfg_mpu:(  626): inv_mpu_resume(,,,,0070) -> 0070
E/Sensors (  626): wakeEvent : mEnabled = 0, mOldEnabled = 10
E/        (  626): ACCEL_BIAS:0,0,0,
E/MPL-accel(  626): ACCEL_OFFSET:        0,        0,        0
D/Sensors (  626): enable accel bias check
V/Sensors (  626): enable - sensor Accelerometer (handle 4) dis -> en
E/Sensors (  626): mEnabled = 10
E/Sensors (  626): activatePendingSensors : mEnabled = 10
E/Sensors (  626): requested_sensors(70) from kernel
I/Sensors (  626): Disabled 9 axis sensor fusion
V/Sensors (  626): setDelay - sensor Accelerometer (handle 4), rate 200 ms (5.00 Hz)
I/MPL-mldl_cfg_mpu:(  626): inv_mpu_suspend(,,,,7fff) -> 0000
E/Sensors (  626): set fifo rate - divider : 3, delay : 20 ms (50.00 Hz)
I/MPL-fifo(  626): Actual ODR: 50000 mHz
V/Sensors (  626): Starting DMP
W/MPL-9_sup(  626): 9 axis sensor fusion not available - No compass detected.
I/Sensors (  626): Enabled 9 axis sensor fusion
E/CM PowerHAL(  626): Error opening /sys/devices/system/cpu/cpufreq/ondemand/sampling_rate: No such file or directory
D/SurfaceFlinger(  243): Screen acquired, type=0 flinger=0x4112b318
D/qdhwcomposer(  243): hwc_blank: Doing Dpy=0, blank=0
I/MPL-mldl_cfg_mpu:(  626): inv_mpu_resume(,,,,0070) -> 0070
V/Sensors (  626): setDelay - sensor Accelerometer (handle 4), rate 66 ms (15.00 Hz)
E/MP-Decision( 1257): UP Ld:25 Nw:1.990000 Tw:140 rq:321.500000 seq:171.000000
E/Sensors (  626): activatePendingSensors : mEnabled = 10
E/Sensors (  626): requested_sensors(70) from kernel
I/Sensors (  626): Disabled 9 axis sensor fusion
I/MPL-mldl_cfg_mpu:(  626): inv_mpu_suspend(,,,,7fff) -> 0000
E/Sensors (  626): set fifo rate - divider : 13, delay : 66 ms (15.00 Hz)
I/MPL-fifo(  626): Actual ODR: 14285 mHz
V/Sensors (  626): Starting DMP
W/MPL-9_sup(  626): 9 axis sensor fusion not available - No compass detected.
I/Sensors (  626): Enabled 9 axis sensor fusion
I/MPL-mldl_cfg_mpu:(  626): inv_mpu_resume(,,,,0070) -> 0070
D/qdhwcomposer(  243): hwc_blank: Done Dpy=0, blank=0
D/Surface (  626): Excessive delay in unblankDisplay() while turning screen on: 267ms
D/qdoverlay(  243): Set pipe=RGB0 dpy=0; 
I/WindowManager(  626): Lock screen displayed!
D/qdoverlay(  243): Set pipe=VG0 dpy=0; Set pipe=VG1 dpy=0; 
D/qdoverlay(  243): Unset pipe=VG0 dpy=0; Unset pipe=VG1 dpy=0; 
D/qdoverlay(  243): Set pipe=VG0 dpy=0; Set pipe=VG1 dpy=0; 
E/I       ( 1406): Receive:android.intent.action.SCREEN_ON
E/Command ( 1406): Start Command
E/Command ( 1406): Start Command
E/Command ( 1406): Start Command
D/NfcService(  944): NFC-EE ON
D/qdoverlay(  243): Unset pipe=VG0 dpy=0; Unset pipe=VG1 dpy=0; 
D/qdoverlay(  243): Set pipe=VG0 dpy=0; Set pipe=VG1 dpy=0; 
D/NfcService(  944): NFC-C ON
D/PhoneStatusBar(  798): disable: < expand icons alerts ticker system_info BACK HOME recent* CLOCK search >
D/PhoneStatusBar(  798): disable: < expand icons alerts ticker system_info back* home* recent clock* search >
D/qdoverlay(  243): Unset pipe=VG0 dpy=0; Unset pipe=VG1 dpy=0; 
W/InputMethodManagerService(  626): Window already focused, ignoring focus gain of: com.android.internal.view.IInputMethodClient$Stub$Proxy@41884af8 attribute=android.view.inputmethod.EditorInfo@41dd48f0, token = android.os.BinderProxy@41c71428
D/dalvikvm( 2351): GC_CONCURRENT freed 409K, 51% free 2776K/5620K, paused 2ms+2ms, total 33ms
D/qdoverlay(  243): Set pipe=VG0 dpy=0; Set pipe=VG1 dpy=0; 
D/CM PowerHAL(  626): Opened interactive boostpulse interface
I/ControllerAppletUpgradeService( 1990): Begin controller applet check
I/NfcExecutionEnvironmentManagerImpl( 1990): Wakelock WakeLock{410267c8 held=true, refCount=1} acquired 1356311110754 ms
D/dalvikvm( 1990): GC_CONCURRENT freed 420K, 16% free 3360K/3992K, paused 2ms+2ms, total 25ms
D/NfcService(  944): NFC-EE ON
D/NfcService(  944): NFC-C ON
I/NfcExecutionEnvironmentManagerImpl( 1990): Wakelock WakeLock{410267c8 held=false, refCount=0} released 1356311110958 ms
E/Sensors (  626): accelHandler 2.349514 13.922249 7.889194
E/RequirementsCheckerManagerImpl( 1990): Requirements check: CONTINUE
I/ControllerAppletUpgradeService( 1990): Crossbar controller applet check: Continue.
E/MP-Decision( 1257): DOWN Ld:40 Ns:1.100000 Ts:190 rq:0.300000 seq:196.000000
I/AudioMixer(  246): found effect "Multichannel Downmix To Stereo" from The Android Open Source Project
D/AudioStreamOutALSA(  246): mHandle->useCase: HiFi
D/ALSAModule(  246): s_route: devices 0x2 in mode 0
D/ALSAModule(  246): switchDevice: device 2 mode:0
D/ALSAModule(  246): No valid input device: 0
D/ALSAModule(  246): switchDevice,rxDev:Speaker, txDev:(null), curRxDev:Speaker, curTxDev:None
D/alsa_ucm(  246): snd_use_case_set(): uc_mgr 0x40de43b8 identifier _enadev value Speaker
D/ALSAModule(  246): switchDevice: curTxUCMDevivce None curRxDevDevice Speaker
D/alsa_ucm(  246): snd_use_case_set(): uc_mgr 0x40de43b8 identifier _verb value HiFi
D/alsa_ucm(  246): Set mixer controls for Speaker enable 1
D/alsa_ucm(  246): Set mixer controls for HiFi enable 1
D/ALSAModule(  246): Device value returned is hw:0,0
D/ALSAModule(  246): setHardwareParams: reqBuffSize 2048 channels 2 sampleRate 48000
D/ALSAModule(  246): setHardwareParams: buffer_size 16384, period_size 2048, period_cnt 8
E/MP-Decision( 1257): UP Ld:3 Nw:1.990000 Tw:140 rq:4.400000 seq:147.000000
D/dalvikvm(  958): GC_CONCURRENT freed 2148K, 17% free 11524K/13852K, paused 3ms+14ms, total 79ms
E/Sensors (  626): accelHandler 0.106578 0.546064 9.793235
E/MP-Decision( 1257): DOWN Ld:28 Ns:1.100000 Ts:190 rq:0.200000 seq:196.000000
E/MP-Decision( 1257): UP Ld:36 Nw:1.990000 Tw:140 rq:2.000000 seq:146.000000
D/qdoverlay(  243): Unset pipe=VG1 dpy=0; 
D/dalvikvm(  958): GC_FOR_ALLOC freed 1026K, 17% free 12049K/14472K, paused 28ms, total 28ms
D/dalvikvm(  958): GC_FOR_ALLOC freed 792K, 19% free 12580K/15348K, paused 21ms, total 21ms
D/dalvikvm(  958): GC_FOR_ALLOC freed 853K, 18% free 13276K/16068K, paused 21ms, total 22ms
D/dalvikvm(  958): GC_FOR_ALLOC freed 4K, 17% free 13476K/16068K, paused 28ms, total 28ms
I/dalvikvm-heap(  958): Grow heap (frag case) to 14.902MB for 1644560-byte allocation
D/dalvikvm(  958): GC_FOR_ALLOC freed 0K, 15% free 15082K/17676K, paused 22ms, total 22ms
D/dalvikvm(  958): GC_FOR_ALLOC freed 2176K, 21% free 15555K/19488K, paused 26ms, total 34ms
E/MP-Decision( 1257): DOWN Ld:46 Ns:1.100000 Ts:190 rq:0.300000 seq:196.000000
E/MP-Decision( 1257): UP Ld:4 Nw:1.990000 Tw:140 rq:4.000000 seq:148.000000
E/MP-Decision( 1257): DOWN Ld:38 Ns:1.100000 Ts:190 rq:0.600000 seq:196.000000
D/alsa_ucm(  246): snd_use_case_set(): uc_mgr 0x40de43b8 identifier _verb value Inactive
