I/ActivityThread( 2312): Pub com.google.android.talk.SuggestionProvider: com.google.android.talk.SuggestionsProvider
D/dalvikvm( 2312): GC_CONCURRENT freed 176K, 13% free 2608K/2976K, paused 1ms+1ms, total 14ms
D/dalvikvm( 2312): WAIT_FOR_CONCURRENT_GC blocked 6ms
D/vclib:CallStateClient( 2312): startListening
I/talk    ( 2312): onMcsConnectionStarted
I/ActivityManager(  626): Start proc com.google.android.apps.maps:LocationFriendService for broadcast com.google.android.apps.maps/com.google.googlenav.friend.reporting.LocationReportingIntentReceiver: pid=2337 uid=10067 gids={50067, 3003, 1015, 1028}
D/dalvikvm( 1726): GC_CONCURRENT freed 408K, 18% free 3023K/3684K, paused 12ms+2ms, total 32ms
D/dalvikvm(  244): GC_EXPLICIT freed 39K, 9% free 2289K/2512K, paused 2ms+1ms, total 17ms
D/dalvikvm(  244): GC_EXPLICIT freed <1K, 9% free 2289K/2512K, paused 2ms+1ms, total 16ms
D/dalvikvm(  244): GC_EXPLICIT freed <1K, 9% free 2289K/2512K, paused 1ms+1ms, total 15ms
I/ActivityManager(  626): No longer want com.android.mms (pid 1661): empty #17
E/Sensors (  626): accelHandler 0.107776 0.560435 10.039922
W/Gmail   ( 1726): Showing notification with unreadCount of 438 and unseenCount of 1
I/ActivityManager(  626): Start proc android.process.acore for content provider com.android.providers.contacts/.ContactsProvider2: pid=2351 uid=10001 gids={50001, 3003, 1015, 1028}
D/dalvikvm( 2337): GC_CONCURRENT freed 179K, 13% free 2612K/2976K, paused 4ms+3ms, total 43ms
D/CountryDetector(  626): No listener is left
I/ActivityThread( 2351): Pub call_log: com.android.providers.contacts.CallLogProvider
I/ActivityThread( 2351): Pub com.android.voicemail: com.android.providers.contacts.VoicemailContentProvider
I/ActivityThread( 2351): Pub com.android.contacts.dumpfile: com.android.providers.contacts.debug.DumpFileProvider
I/ActivityThread( 2351): Pub user_dictionary: com.android.providers.userdictionary.UserDictionaryProvider
I/ActivityThread( 2351): Pub applications: com.android.providers.applications.ApplicationsProvider
D/dalvikvm( 2337): GC_CONCURRENT freed 144K, 11% free 2971K/3308K, paused 3ms+2ms, total 29ms
D/dalvikvm( 2337): WAIT_FOR_CONCURRENT_GC blocked 6ms
I/ActivityThread( 2351): Pub contacts;com.android.contacts: com.android.providers.contacts.ContactsProvider2
D/dalvikvm( 2351): GC_CONCURRENT freed 212K, 14% free 2514K/2912K, paused 3ms+4ms, total 21ms
D/dalvikvm(  626): GC_EXPLICIT freed 588K, 17% free 14815K/17792K, paused 3ms+7ms, total 88ms
D/dalvikvm( 2337): GC_CONCURRENT freed 262K, 13% free 3203K/3652K, paused 2ms+2ms, total 31ms
I/ActivityManager(  626): No longer want com.google.android.ears (pid 2023): empty #17
D/dalvikvm( 1726): GC_FOR_ALLOC freed 169K, 17% free 3081K/3684K, paused 20ms, total 20ms
I/ActivityManager(  626): No longer want com.koushikdutta.rommanager (pid 2214): empty #17
I/GTalkService/c( 1112): [GTalkConnection@1090856864] connect: acct=1, state=CONNECTING
I/ActivityManager(  626): Start proc com.skcc.gtec.otaproxy for broadcast com.google.android.apps.walletnfcrel/com.skcc.gtec.otaproxy.receiver.WalletReceiver: pid=2377 uid=10068 gids={50068, 3003, 1028}
D/lights  (  626): set_light_leds: type=2, color=0x00ffffff, fM=2, fOnMS=7, fOffMs=1000.
D/lights  (  626): write_leds: color=0xffffff, delay_on=7, delay_off=1000, blink="0xffffff 7 1000".
D/lights  (  626): set_light_leds: type=2, color=0000000000, fM=0, fOnMS=0, fOffMs=0.
D/lights  (  626): write_leds: color=00000000, delay_on=0, delay_off=0, blink="00000000 0 0".
D/dalvikvm(  798): GC_FOR_ALLOC freed 110K, 7% free 8629K/9264K, paused 15ms, total 17ms
D/dalvikvm( 2377): GC_CONCURRENT freed 140K, 12% free 2581K/2904K, paused 3ms+2ms, total 26ms
I/ActivityManager(  626): No longer want com.koushikdutta.rommanager.license (pid 2241): empty #17
I/Sensors (  626): **** Motion ****
W/bt-btif ( 1204): bta_dm_rm_cback:0, status:1
W/bt-btif ( 1204): bta_dm_act no entry for connected service cbs
I/bt-btif ( 1204): btif_dm_upstreams_cback  ev: BTA_DM_BUSY_LEVEL_EVT
D/bt-btif ( 1204): btif_av_state_opening_handler event:BTA_AV_OPEN_EVT flags 0
D/bt-btif ( 1204): status:3
W/bt-btif ( 1204): BTA_AV_OPEN_EVT::FAILED status: 3
D/BTIF_AV ( 1204): HAL bt_av_callbacks->connection_state_cb
I/BluetoothA2dpServiceJni( 1204): bta2dp_connection_state_callback
D/bt-btif ( 1204): btif_av_state_opening_handler event:BTIF_SM_EXIT_EVT flags 0
D/bt-btif ( 1204): btif_av_state_idle_handler event:BTIF_SM_ENTER_EVT flags 0
D/bt-btif ( 1204): UIPC_Close : ch_id 1
I/bt-btif ( 1204): CHANNEL 1 ALREADY CLOSED
D/A2dpStateMachine( 1204): Pending process message: 101
D/A2dpStateMachine( 1204): Enter Disconnected: 101
D/A2dpStateMachine( 1204): Connection state 00:19:8E:08:1A:8F: 1->0
D/BluetoothAdapterService(1090439688)( 1204): getState(): mAdapterProperties: com.android.bluetooth.btservice.AdapterProperties@40fee330
D/BluetoothAdapterProperties( 1204): CONNECTION_STATE_CHANGE: 00:19:8E:08:1A:8F: 1 -> 0
I/LocalBluetoothProfileManager( 2096): Failed to connect A2DP device
D/CachedBluetoothDevice( 2096): onProfileStateChanged: profile A2DP newProfileState 0
D/BluetoothAdapterService(1090439688)( 1204): getState(): mAdapterProperties: com.android.bluetooth.btservice.AdapterProperties@40fee330
D/BluetoothAdapterService(1090439688)( 1204): getState(): mAdapterProperties: com.android.bluetooth.btservice.AdapterProperties@40fee330
D/BluetoothAdapterService(1090439688)( 1204): Get Bonded Devices being called
D/BluetoothAdapterService(1090439688)( 1204): getState(): mAdapterProperties: com.android.bluetooth.btservice.AdapterProperties@40fee330
D/BluetoothAdapterService(1090439688)( 1204): Get Bonded Devices being called
E/PeriodicExecutionSchedulerImpl( 1990): entry com.google.android.apps.wallet.services.SECURE_ELEMENT_VERIFICATION_SERVICE not scheduled! Strange, since this can  only be called by an action that was scheduled!
D/dalvikvm( 2337): GC_CONCURRENT freed 330K, 14% free 3298K/3816K, paused 5ms+1ms, total 24ms
D/dalvikvm( 2312): GC_CONCURRENT freed 279K, 15% free 2748K/3216K, paused 11ms+1ms, total 52ms
D/dalvikvm( 1990): GC_CONCURRENT freed 335K, 14% free 3357K/3876K, paused 1ms+3ms, total 26ms
D/dalvikvm( 1112): GC_CONCURRENT freed 343K, 15% free 2849K/3344K, paused 4ms+3ms, total 43ms
I/NfcExecutionEnvironmentManagerImpl( 1990): Wakelock WakeLock{410267c8 held=true, refCount=1} acquired 1356310814563 ms
D/NfcService(  944): NFC-EE ON
D/NfcService(  944): NFC-C ON
D/dalvikvm(  626): GC_EXPLICIT freed 402K, 15% free 15142K/17792K, paused 7ms+6ms, total 104ms
D/dalvikvm( 1355): GC_CONCURRENT freed 239K, 15% free 2436K/2860K, paused 5ms+4ms, total 50ms
I/NfcExecutionEnvironmentManagerImpl( 1990): Wakelock WakeLock{410267c8 held=false, refCount=0} released 1356310814789 ms
D/dalvikvm( 2351): GC_CONCURRENT freed 106K, 10% free 2792K/3084K, paused 50ms+6ms, total 113ms
D/dalvikvm( 1726): GC_CONCURRENT freed 352K, 17% free 3142K/3752K, paused 1ms+1ms, total 18ms
D/dalvikvm( 1726): GC_CONCURRENT freed 457K, 17% free 3141K/3784K, paused 1ms+2ms, total 24ms
D/dalvikvm(  966): GC_CONCURRENT freed 403K, 19% free 2629K/3216K, paused 2ms+2ms, total 18ms
D/PerformBackupTask(  626): starting agent for backup of BackupRequest{pkg=android}
D/BackupManagerService(  626): awaiting agent for ApplicationInfo{410a3cf0 android}
D/BackupManagerService(  626): agentConnected pkg=android agent=android.app.backup.BackupAgent$BackupServiceBinder@412d7838
V/BackupServiceBinder(  626): doBackup() invoked
D/BackupHelperDispatcher(  626): handling existing helper 'wallpaper' android.app.backup.WallpaperBackupHelper@4152bbe8
D/dalvikvm(  966): null clazz in OP_INSTANCE_OF, single-stepping
D/dalvikvm(  626): GC_EXPLICIT freed 245K, 15% free 15128K/17792K, paused 2ms+6ms, total 64ms
D/dalvikvm(  966): GC_CONCURRENT freed 387K, 19% free 2626K/3216K, paused 3ms+2ms, total 15ms
D/dalvikvm( 1112): GC_CONCURRENT freed 368K, 17% free 2873K/3428K, paused 4ms+1ms, total 22ms
D/Sync    ( 1112): stopping since the sync was cancelled
D/SyncManager(  626): handleSyncHandlerMessage: dropping since the sync is no longer active: startTime 25001, mTimeoutStartTime 25001, mHistoryRowId 0, syncOperation shareefalis@gmail.com u0 (com.google), subscribedfeeds, PERIODIC, earliestRunTime 24140
E/BluetoothMasService( 1204): Handler(): got msg=1
E/BluetoothMasService( 1204): Map Service startRfcommSocketListener
E/BluetoothMasService( 1204): Map Service initSocket
D/BluetoothManagerService(  626): checkIfCallerIsForegroundUser: valid=true callingUser=0 foregroundUser=0
W/BluetoothAdapter( 1204): getBluetoothService() called with no BluetoothManagerCallback
W/dalvikvm( 1204): JNI WARNING: received null jstring
W/dalvikvm( 1204):              in Lcom/android/bluetooth/btservice/AdapterService;.createSocketChannelNative:(ILjava/lang/String;[BII)I (GetStringUTFChars)
I/dalvikvm( 1204): "main" prio=5 tid=1 NATIVE
I/dalvikvm( 1204):   | group="main" sCount=0 dsCount=0 obj=0x40d739a0 self=0x6ceb1010
I/dalvikvm( 1204):   | sysTid=1204 nice=0 sched=0/0 cgrp=apps handle=1074783196
I/dalvikvm( 1204):   | state=R schedstat=( 0 0 0 ) utm=7 stm=6 core=0
D/dalvikvm(  626): GC_EXPLICIT freed 117K, 15% free 15127K/17792K, paused 3ms+5ms, total 65ms
I/dalvikvm( 1204):   #00  pc 000012a0  /system/lib/libcorkscrew.so (unwind_backtrace_thread+27)
I/dalvikvm( 1204):   #01  pc 0005fd7c  /system/lib/libdvm.so (dvmDumpNativeStack(DebugOutputTarget const*, int)+35)
I/dalvikvm( 1204):   #02  pc 00053bb4  /system/lib/libdvm.so (dvmDumpThreadEx(DebugOutputTarget const*, Thread*, bool)+303)
I/dalvikvm( 1204):   #03  pc 00053c4e  /system/lib/libdvm.so (dvmDumpThread(Thread*, bool)+25)
I/dalvikvm( 1204):   #04  pc 00038bde  /system/lib/libdvm.so
I/dalvikvm( 1204):   #05  pc 00038eb2  /system/lib/libdvm.so
I/dalvikvm( 1204):   #06  pc 00039f6e  /system/lib/libdvm.so
I/dalvikvm( 1204):   #07  pc 0003c112  /system/lib/libdvm.so
I/dalvikvm( 1204):   #08  pc 00001748  /system/lib/libbluetooth_jni.so
I/dalvikvm( 1204):   #09  pc 0001e390  /system/lib/libdvm.so (dvmPlatformInvoke+112)
I/dalvikvm( 1204):   #10  pc 0004d45c  /system/lib/libdvm.so (dvmCallJNIMethod(unsigned int const*, JValue*, Method const*, Thread*)+395)
I/dalvikvm( 1204):   #11  pc 00038c68  /system/lib/libdvm.so (dvmCheckCallJNIMethod(unsigned int const*, JValue*, Method const*, Thread*)+7)
I/dalvikvm( 1204):   #12  pc 000277a0  /system/lib/libdvm.so
I/dalvikvm( 1204):   #13  pc 0002b690  /system/lib/libdvm.so (dvmInterpret(Thread*, Method const*, JValue*)+184)
I/dalvikvm( 1204):   #14  pc 0005ff7e  /system/lib/libdvm.so (dvmInvokeMethod(Object*, Method const*, ArrayObject*, ArrayObject*, ClassObject*, bool)+373)
I/dalvikvm( 1204):   #15  pc 00067948  /system/lib/libdvm.so
I/dalvikvm( 1204):   #16  pc 000277a0  /system/lib/libdvm.so
I/dalvikvm( 1204):   #17  pc 0002b690  /system/lib/libdvm.so (dvmInterpret(Thread*, Method const*, JValue*)+184)
I/dalvikvm( 1204):   #18  pc 0005fca8  /system/lib/libdvm.so (dvmCallMethodV(Thread*, Method const*, Object*, bool, JValue*, std::__va_list)+271)
I/dalvikvm( 1204):   #19  pc 00049a46  /system/lib/libdvm.so
I/dalvikvm( 1204):   #20  pc 0003cfbc  /system/lib/libdvm.so
I/dalvikvm( 1204):   #21  pc 000476a2  /system/lib/libandroid_runtime.so
I/dalvikvm( 1204):   #22  pc 0004828a  /system/lib/libandroid_runtime.so (android::AndroidRuntime::start(char const*, char const*)+389)
I/dalvikvm( 1204):   #23  pc 00000db6  /system/bin/app_process
I/dalvikvm( 1204):   #24  pc 00012768  /system/lib/libc.so (__libc_init+35)
I/dalvikvm( 1204):   at com.android.bluetooth.btservice.AdapterService.createSocketChannelNative(Native Method)
I/dalvikvm( 1204):   at com.android.bluetooth.btservice.AdapterService.createSocketChannel(AdapterService.java:1298)
I/dalvikvm( 1204):   at com.android.bluetooth.btservice.AdapterService$AdapterServiceBinder.createSocketChannel(AdapterService.java:861)
I/dalvikvm( 1204):   at android.bluetooth.BluetoothSocket.bindListen(BluetoothSocket.java:348)
I/dalvikvm( 1204):   at android.bluetooth.BluetoothAdapter.listenUsingRfcommOn(BluetoothAdapter.java:917)
I/dalvikvm( 1204):   at com.android.bluetooth.map.BluetoothMasService.initSocket(BluetoothMasService.java:331)
I/dalvikvm( 1204):   at com.android.bluetooth.map.BluetoothMasService.startRfcommSocketListener(BluetoothMasService.java:308)
I/dalvikvm( 1204):   at com.android.bluetooth.map.BluetoothMasService.access$800(BluetoothMasService.java:59)
I/dalvikvm( 1204):   at com.android.bluetooth.map.BluetoothMasService$1.handleMessage(BluetoothMasService.java:558)
I/dalvikvm( 1204):   at android.os.Handler.dispatchMessage(Handler.java:99)
I/dalvikvm( 1204):   at android.os.Looper.loop(Looper.java:137)
I/dalvikvm( 1204):   at android.app.ActivityThread.main(ActivityThread.java:5191)
I/dalvikvm( 1204):   at java.lang.reflect.Method.invokeNative(Native Method)
I/dalvikvm( 1204):   at java.lang.reflect.Method.invoke(Method.java:511)
I/dalvikvm( 1204):   at com.android.internal.os.ZygoteInit$MethodAndArgsCaller.run(ZygoteInit.java:795)
I/dalvikvm( 1204):   at com.android.internal.os.ZygoteInit.main(ZygoteInit.java:562)
I/dalvikvm( 1204):   at dalvik.system.NativeStart.main(Native Method)
I/dalvikvm( 1204): 
E/dalvikvm( 1204): VM aborting
F/libc    ( 1204): Fatal signal 11 (SIGSEGV) at 0xdeadd00d (code=1), thread 1204 (droid.bluetooth)
I/DEBUG   (  241): *** *** *** *** *** *** *** *** *** *** *** *** *** *** *** ***
I/DEBUG   (  241): Build fingerprint: 'd2spr-user 4.0.4 IMM76D L710VPALG2 release-keys'
I/DEBUG   (  241): Revision: '14'
I/DEBUG   (  241): pid: 1204, tid: 1204, name: droid.bluetooth  >>> com.android.bluetooth <<<
I/DEBUG   (  241): signal 11 (SIGSEGV), code 1 (SEGV_MAPERR), fault addr deadd00d
I/DEBUG   (  241):     r0 00000000  r1 00000000  r2 deadd00d  r3 00000000
I/DEBUG   (  241):     r4 408ff1b0  r5 0000020c  r6 408e0008  r7 40d650e0
I/DEBUG   (  241):     r8 408e0031  r9 000542fa  sl 0005434c  fp 408ff1b0
I/DEBUG   (  241):     ip 00000001  sp becf8210  lr 4011c265  pc 40896cd8  cpsr 60070030
I/DEBUG   (  241):     d0  72646e612e6d6f63  d1  65746e692e64696f
I/DEBUG   (  241):     d2  2e736f2e6c616e72  d3  6e4965746f67795a
I/DEBUG   (  241):     d4  0061006500720068  d5  0061006d002e0064
I/DEBUG   (  241):     d6  00410028006e0069  d7  0076006900740063
I/DEBUG   (  241):     d8  0000000000000000  d9  0000000000000000
I/DEBUG   (  241):     d10 0000000000000000  d11 0000000000000000
I/DEBUG   (  241):     d12 0000000000000000  d13 0000000000000000
I/DEBUG   (  241):     d14 0000000000000000  d15 0000000000000000
I/DEBUG   (  241):     d16 2065766974614e28  d17 0a29646f6874654d
I/DEBUG   (  241):     d18 616d2e68746f6f74  d19 6f7465756c422e70
I/DEBUG   (  241):     d20 655373614d68746f  d21 74732e6563697672
I/DEBUG   (  241):     d22 6d6f636652747261  d23 4c74656b636f536d
I/DEBUG   (  241):     d24 3fede16b9c24a98f  d25 3fe55559ee5e69f9
I/DEBUG   (  241):     d26 0000000000000000  d27 0000000000000000
I/DEBUG   (  241):     d28 0000000000000000  d29 0000000000000000
I/DEBUG   (  241):     d30 0000000000000000  d31 0000000000000000
I/DEBUG   (  241):     scr 60000010
I/DEBUG   (  241): 
I/DEBUG   (  241): backtrace:
I/DEBUG   (  241):     #00  pc 00045cd8  /system/lib/libdvm.so (dvmAbort+75)
I/DEBUG   (  241):     #01  pc 00038eb3  /system/lib/libdvm.so
I/DEBUG   (  241):     #02  pc 00039f6f  /system/lib/libdvm.so
I/DEBUG   (  241):     #03  pc 0003c113  /system/lib/libdvm.so
I/DEBUG   (  241):     #04  pc 0000174b  /system/lib/libbluetooth_jni.so
I/DEBUG   (  241):     #05  pc 0001e390  /system/lib/libdvm.so (dvmPlatformInvoke+112)
I/DEBUG   (  241):     #06  pc 0004d45d  /system/lib/libdvm.so (dvmCallJNIMethod(unsigned int const*, JValue*, Method const*, Thread*)+396)
I/DEBUG   (  241):     #07  pc 00038c69  /system/lib/libdvm.so (dvmCheckCallJNIMethod(unsigned int const*, JValue*, Method const*, Thread*)+8)
I/DEBUG   (  241):     #08  pc 000277a0  /system/lib/libdvm.so
I/DEBUG   (  241):     #09  pc 0002b690  /system/lib/libdvm.so (dvmInterpret(Thread*, Method const*, JValue*)+184)
I/DEBUG   (  241):     #10  pc 0005ff7f  /system/lib/libdvm.so (dvmInvokeMethod(Object*, Method const*, ArrayObject*, ArrayObject*, ClassObject*, bool)+374)
I/DEBUG   (  241):     #11  pc 00067949  /system/lib/libdvm.so
I/DEBUG   (  241):     #12  pc 000277a0  /system/lib/libdvm.so
I/DEBUG   (  241):     #13  pc 0002b690  /system/lib/libdvm.so (dvmInterpret(Thread*, Method const*, JValue*)+184)
I/DEBUG   (  241):     #14  pc 0005fca9  /system/lib/libdvm.so (dvmCallMethodV(Thread*, Method const*, Object*, bool, JValue*, std::__va_list)+272)
I/DEBUG   (  241):     #15  pc 00049a47  /system/lib/libdvm.so
I/DEBUG   (  241):     #16  pc 0003cfbf  /system/lib/libdvm.so
I/DEBUG   (  241):     #17  pc 000476a5  /system/lib/libandroid_runtime.so
I/DEBUG   (  241):     #18  pc 0004828b  /system/lib/libandroid_runtime.so (android::AndroidRuntime::start(char const*, char const*)+390)
I/DEBUG   (  241):     #19  pc 00000db7  /system/bin/app_process
I/DEBUG   (  241): 
I/DEBUG   (  241): stack:
I/DEBUG   (  241):          becf81d0  00000001  
I/DEBUG   (  241):          becf81d4  401471b4  /system/lib/libc.so
I/DEBUG   (  241):          becf81d8  401471b4  /system/lib/libc.so
I/DEBUG   (  241):          becf81dc  401471b4  /system/lib/libc.so
I/DEBUG   (  241):          becf81e0  401471b4  /system/lib/libc.so
I/DEBUG   (  241):          becf81e4  4011c265  /system/lib/libc.so (__sflush_locked+36)
I/DEBUG   (  241):          becf81e8  40147254  /system/lib/libc.so
I/DEBUG   (  241):          becf81ec  401471b4  /system/lib/libc.so
I/DEBUG   (  241):          becf81f0  00000000  
I/DEBUG   (  241):          becf81f4  4011d235  /system/lib/libc.so (_fwalk+32)
I/DEBUG   (  241):          becf81f8  408ff1b0  /system/lib/libdvm.so
I/DEBUG   (  241):          becf81fc  0000020c  
I/DEBUG   (  241):          becf8200  408e0008  /system/lib/libdvm.so
I/DEBUG   (  241):          becf8204  40d650e0  /dev/ashmem/dalvik-heap (deleted)
I/DEBUG   (  241):          becf8208  df0027ad  
I/DEBUG   (  241):          becf820c  00000000  
I/DEBUG   (  241):     #00  becf8210  becf8230  [stack]
I/DEBUG   (  241):          becf8214  6c756e28  /dev/ashmem/dalvik-mark-stack (deleted)
I/DEBUG   (  241):          becf8218  0000296c  
I/DEBUG   (  241):          becf821c  00000000  
I/DEBUG   (  241):          becf8220  00000000  
I/DEBUG   (  241):          becf8224  00000000  
I/DEBUG   (  241):          becf8228  00000000  
I/DEBUG   (  241):          becf822c  00000000  
I/DEBUG   (  241):          becf8230  00000000  
I/DEBUG   (  241):          becf8234  00000000  
I/DEBUG   (  241):          becf8238  00000000  
I/DEBUG   (  241):          becf823c  00000000  
I/DEBUG   (  241):          becf8240  00000000  
I/DEBUG   (  241):          becf8244  00000000  
I/DEBUG   (  241):          becf8248  00000000  
I/DEBUG   (  241):          becf824c  00000000  
I/DEBUG   (  241):          ........  ........
I/DEBUG   (  241):     #01  becf8428  becf8534  [stack]
I/DEBUG   (  241):          becf842c  00000000  
I/DEBUG   (  241):          becf8430  40d650e0  /dev/ashmem/dalvik-heap (deleted)
I/DEBUG   (  241):          becf8434  408e0008  /system/lib/libdvm.so
I/DEBUG   (  241):          becf8438  408e003d  /system/lib/libdvm.so
I/DEBUG   (  241):          becf843c  becf8534  [stack]
I/DEBUG   (  241):          becf8440  00000073  
I/DEBUG   (  241):          becf8444  408e00bb  /system/lib/libdvm.so
I/DEBUG   (  241):          becf8448  408e0031  /system/lib/libdvm.so
I/DEBUG   (  241):          becf844c  4088af73  /system/lib/libdvm.so
I/DEBUG   (  241):     #02  becf8450  00000008  
I/DEBUG   (  241):          becf8454  6ff340f8  
I/DEBUG   (  241):          becf8458  739ff058  /dev/binder
I/DEBUG   (  241):          becf845c  401de6eb  /system/lib/libbinder.so (android::Parcel::ipcSetDataReference(unsigned char const*, unsigned int, unsigned int const*, unsigned int, void (*)(android::Parcel*, unsigned char const*, unsigned int, unsigned int const*, unsigned int, void*), void*)+26)
I/DEBUG   (  241):          becf8460  00000000  
I/DEBUG   (  241):          becf8464  408e00b9  /system/lib/libdvm.so
I/DEBUG   (  241):          becf8468  408ff1b0  /system/lib/libdvm.so
I/DEBUG   (  241):          becf846c  4014a228  
I/DEBUG   (  241):          becf8470  00007205  
I/DEBUG   (  241):          becf8474  00000000  
I/DEBUG   (  241):          becf8478  becf852c  [stack]
I/DEBUG   (  241):          becf847c  401dbbd9  /system/lib/libbinder.so (android::IPCThreadState::waitForResponse(android::Parcel*, int*)+232)
I/DEBUG   (  241):          becf8480  00000000  
I/DEBUG   (  241):          becf8484  401db4cd  /system/lib/libbinder.so (android::IPCThreadState::freeBuffer(android::Parcel*, unsigned char const*, unsigned int, unsigned int const*, unsigned int, void*))
I/DEBUG   (  241):          becf8488  6e28ca80  
I/DEBUG   (  241):          becf848c  401de95d  /system/lib/libbinder.so (android::Parcel::write(void const*, unsigned int)+24)
I/DEBUG   (  241):          ........  ........
I/DEBUG   (  241): 
I/DEBUG   (  241): memory near r4:
I/DEBUG   (  241):     408ff190 00000000 00000000 00000000 00000000  
I/DEBUG   (  241):     408ff1a0 00000000 00000000 00000000 00000000  
I/DEBUG   (  241):     408ff1b0 40cda9a0 40c0cfd0 00800000 20000000  
I/DEBUG   (  241):     408ff1c0 0c000000 00000000 00000000 3fe80000  
I/DEBUG   (  241):     408ff1d0 00080000 00800000 00004000 00006000  
I/DEBUG   (  241):     408ff1e0 00000001 00000101 00000002 00000001  
I/DEBUG   (  241):     408ff1f0 00000000 00000000 00000000 00000002  
I/DEBUG   (  241):     408ff200 00000000 40232629 40232f79 00000000  
I/DEBUG   (  241):     408ff210 40232615 000007d0 00000000 00000000  
I/DEBUG   (  241):     408ff220 40cda828 00000000 00000002 00000003  
I/DEBUG   (  241):     408ff230 00000001 00000001 00010100 00000100  
I/DEBUG   (  241):     408ff240 00000000 40cdaaf0 00000003 00000000  
I/DEBUG   (  241):     408ff250 40cda818 6ceb1e50 00000000 00000000  
I/DEBUG   (  241):     408ff260 40cdafb8 50000b6d 6e205008 00000000  
I/DEBUG   (  241):     408ff270 6d025ed0 6d025ef0 40d641e8 40d642a8  
I/DEBUG   (  241):     408ff280 40d64350 40d643f8 40d644a0 40d64548  
I/DEBUG   (  241): 
I/DEBUG   (  241): memory near r6:
I/DEBUG   (  241):     408dffe8 62203a47 76206461 65756c61 726f6620  
I/DEBUG   (  241):     408dfff8 646f6d20 25282065 28202964 00297325  
I/DEBUG   (  241):     408e0008 7274736a 00676e69 20494e4a 4e524157  
I/DEBUG   (  241):     408e0018 3a474e49 67656e20 76697461 736a2065  
I/DEBUG   (  241):     408e0028 20657a69 29732528 49434200 66625a53  
I/DEBUG   (  241):     408e0038 7645706d 6b6e7500 6e776f6e 65686320  
I/DEBUG   (  241):     408e0048 66206b63 616d726f 70732074 66696365  
I/DEBUG   (  241):     408e0058 20726569 76006325 49007070 45007600  
I/DEBUG   (  241):     408e0068 004a004c 70450070 4e4a004a 41572049  
I/DEBUG   (  241):     408e0078 4e494e52 69203a47 6c61766e 76206469  
I/DEBUG   (  241):     408e0088 65756c61 6f662073 64612072 73657264  
I/DEBUG   (  241):     408e0098 25282073 6f202970 61632072 69636170  
I/DEBUG   (  241):     408e00a8 28207974 29646c25 45004c00 56006200  
I/DEBUG   (  241):     408e00b8 70734500 494e4a00 6166203a 64656c69  
I/DEBUG   (  241):     408e00c8 61756720 64656472 706f6320 68632079  
I/DEBUG   (  241):     408e00d8 206b6365 52206e69 61656c65 74536573  
I/DEBUG   (  241): 
I/DEBUG   (  241): memory near r7:
I/DEBUG   (  241):     40d650c0 40d65008 6e580f0c 6e52a834 0000001a  
I/DEBUG   (  241):     40d650d0 2636dd85 6109c59a 00000000 0000010b  
I/DEBUG   (  241):     40d650e0 40d641e8 00000000 00000000 00000000  
I/DEBUG   (  241):     40d650f0 00000000 00000000 6e52e628 00000000  
I/DEBUG   (  241):     40d65100 00030011 50000016 6e708000 00000007  
I/DEBUG   (  241):     40d65110 00000000 00000001 00000018 00000000  
I/DEBUG   (  241):     40d65120 00000000 00000000 40d64890 00000000  
I/DEBUG   (  241):     40d65130 00000000 00000000 00000003 6d1229f8  
I/DEBUG   (  241):     40d65140 0000002a 6d122a60 00000036 6d123398  
I/DEBUG   (  241):     40d65150 0000003e 6d124098 00000003 6d1241a0  
I/DEBUG   (  241):     40d65160 00000005 6d1241c0 00000004 00000001  
I/DEBUG   (  241):     40d65170 6d122a08 80000000 6e554d24 00000004  
I/DEBUG   (  241):     40d65180 40d650e0 6e51c048 6e55a456 0000001a  
I/DEBUG   (  241):     40d65190 40d71670 40d64008 40d650e0 6e51ecf0  
I/DEBUG   (  241):     40d651a0 6e535fe6 00000019 40d71660 40d64008  
I/DEBUG   (  241):     40d651b0 40d650e0 6e5506fb 6e51ec18 0000001a  
I/DEBUG   (  241): 
I/DEBUG   (  241): memory near r8:
I/DEBUG   (  241):     408e0010 20494e4a 4e524157 3a474e49 67656e20  
I/DEBUG   (  241):     408e0020 76697461 736a2065 20657a69 29732528  
I/DEBUG   (  241):     408e0030 49434200 66625a53 7645706d 6b6e7500  
I/DEBUG   (  241):     408e0040 6e776f6e 65686320 66206b63 616d726f  
I/DEBUG   (  241):     408e0050 70732074 66696365 20726569 76006325  
I/DEBUG   (  241):     408e0060 49007070 45007600 004a004c 70450070  
I/DEBUG   (  241):     408e0070 4e4a004a 41572049 4e494e52 69203a47  
I/DEBUG   (  241):     408e0080 6c61766e 76206469 65756c61 6f662073  
I/DEBUG   (  241):     408e0090 64612072 73657264 25282073 6f202970  
I/DEBUG   (  241):     408e00a0 61632072 69636170 28207974 29646c25  
I/DEBUG   (  241):     408e00b0 45004c00 56006200 70734500 494e4a00  
I/DEBUG   (  241):     408e00c0 6166203a 64656c69 61756720 64656472  
I/DEBUG   (  241):     408e00d0 706f6320 68632079 206b6365 52206e69  
I/DEBUG   (  241):     408e00e0 61656c65 74536573 676e6972 74697243  
I/DEBUG   (  241):     408e00f0 6c616369 70614500 61450072 73450070  
I/DEBUG   (  241):     408e0100 00704949 45007045 63450063 45004970  
I/DEBUG   (  241): 
I/DEBUG   (  241): memory near r9:
I/DEBUG   (  241):     000542d8 ffffffff ffffffff ffffffff ffffffff  
I/DEBUG   (  241):     000542e8 ffffffff ffffffff ffffffff ffffffff  
I/DEBUG   (  241):     000542f8 ffffffff ffffffff ffffffff ffffffff  
I/DEBUG   (  241):     00054308 ffffffff ffffffff ffffffff ffffffff  
I/DEBUG   (  241):     00054318 ffffffff ffffffff ffffffff ffffffff  
I/DEBUG   (  241):     00054328 ffffffff ffffffff ffffffff ffffffff  
I/DEBUG   (  241):     00054338 ffffffff ffffffff ffffffff ffffffff  
I/DEBUG   (  241):     00054348 ffffffff ffffffff ffffffff ffffffff  
I/DEBUG   (  241):     00054358 ffffffff ffffffff ffffffff ffffffff  
I/DEBUG   (  241):     00054368 ffffffff ffffffff ffffffff ffffffff  
I/DEBUG   (  241):     00054378 ffffffff ffffffff ffffffff ffffffff  
I/DEBUG   (  241):     00054388 ffffffff ffffffff ffffffff ffffffff  
I/DEBUG   (  241):     00054398 ffffffff ffffffff ffffffff ffffffff  
I/DEBUG   (  241):     000543a8 ffffffff ffffffff ffffffff ffffffff  
I/DEBUG   (  241):     000543b8 ffffffff ffffffff ffffffff ffffffff  
I/DEBUG   (  241):     000543c8 ffffffff ffffffff ffffffff ffffffff  
I/DEBUG   (  241): 
I/DEBUG   (  241): memory near sl:
I/DEBUG   (  241):     0005432c ffffffff ffffffff ffffffff ffffffff  
I/DEBUG   (  241):     0005433c ffffffff ffffffff ffffffff ffffffff  
I/DEBUG   (  241):     0005434c ffffffff ffffffff ffffffff ffffffff  
I/DEBUG   (  241):     0005435c ffffffff ffffffff ffffffff ffffffff  
I/DEBUG   (  241):     0005436c ffffffff ffffffff ffffffff ffffffff  
I/DEBUG   (  241):     0005437c ffffffff ffffffff ffffffff ffffffff  
I/DEBUG   (  241):     0005438c ffffffff ffffffff ffffffff ffffffff  
I/DEBUG   (  241):     0005439c ffffffff ffffffff ffffffff ffffffff  
I/DEBUG   (  241):     000543ac ffffffff ffffffff ffffffff ffffffff  
I/DEBUG   (  241):     000543bc ffffffff ffffffff ffffffff ffffffff  
I/DEBUG   (  241):     000543cc ffffffff ffffffff ffffffff ffffffff  
I/DEBUG   (  241):     000543dc ffffffff ffffffff ffffffff ffffffff  
I/DEBUG   (  241):     000543ec ffffffff ffffffff ffffffff ffffffff  
I/DEBUG   (  241):     000543fc ffffffff ffffffff ffffffff ffffffff  
I/DEBUG   (  241):     0005440c ffffffff ffffffff ffffffff ffffffff  
I/DEBUG   (  241):     0005441c ffffffff ffffffff ffffffff ffffffff  
I/DEBUG   (  241): 
I/DEBUG   (  241): memory near fp:
I/DEBUG   (  241):     408ff190 00000000 00000000 00000000 00000000  
I/DEBUG   (  241):     408ff1a0 00000000 00000000 00000000 00000000  
I/DEBUG   (  241):     408ff1b0 40cda9a0 40c0cfd0 00800000 20000000  
I/DEBUG   (  241):     408ff1c0 0c000000 00000000 00000000 3fe80000  
I/DEBUG   (  241):     408ff1d0 00080000 00800000 00004000 00006000  
I/DEBUG   (  241):     408ff1e0 00000001 00000101 00000002 00000001  
I/DEBUG   (  241):     408ff1f0 00000000 00000000 00000000 00000002  
I/DEBUG   (  241):     408ff200 00000000 40232629 40232f79 00000000  
I/DEBUG   (  241):     408ff210 40232615 000007d0 00000000 00000000  
I/DEBUG   (  241):     408ff220 40cda828 00000000 00000002 00000003  
I/DEBUG   (  241):     408ff230 00000001 00000001 00010100 00000100  
I/DEBUG   (  241):     408ff240 00000000 40cdaaf0 00000003 00000000  
I/DEBUG   (  241):     408ff250 40cda818 6ceb1e50 00000000 00000000  
I/DEBUG   (  241):     408ff260 40cdafb8 50000b6d 6e205008 00000000  
I/DEBUG   (  241):     408ff270 6d025ed0 6d025ef0 40d641e8 40d642a8  
I/DEBUG   (  241):     408ff280 40d64350 40d643f8 40d644a0 40d64548  
I/DEBUG   (  241): 
I/DEBUG   (  241): memory near sp:
I/DEBUG   (  241):     becf81f0 00000000 4011d235 408ff1b0 0000020c  
I/DEBUG   (  241):     becf8200 408e0008 40d650e0 df0027ad 00000000  
I/DEBUG   (  241):     becf8210 becf8230 6c756e28 0000296c 00000000  
I/DEBUG   (  241):     becf8220 00000000 00000000 00000000 00000000  
I/DEBUG   (  241):     becf8230 00000000 00000000 00000000 00000000  
I/DEBUG   (  241):     becf8240 00000000 00000000 00000000 00000000  
I/DEBUG   (  241):     becf8250 00000000 00000000 00000000 00000000  
I/DEBUG   (  241):     becf8260 00000000 00000000 00000000 00000000  
I/DEBUG   (  241):     becf8270 00000000 00000000 00000000 00000000  
I/DEBUG   (  241):     becf8280 00000000 00000000 00000000 00000000  
I/DEBUG   (  241):     becf8290 00000000 00000000 00000000 00000000  
I/DEBUG   (  241):     becf82a0 00000000 00000000 00000000 00000000  
I/DEBUG   (  241):     becf82b0 00000000 00000000 00000000 00000000  
I/DEBUG   (  241):     becf82c0 00000000 00000000 00000000 00000000  
I/DEBUG   (  241):     becf82d0 00000000 00000000 00000000 00000000  
I/DEBUG   (  241):     becf82e0 00000000 00000000 00000000 00000000  
I/DEBUG   (  241): 
I/DEBUG   (  241): code around pc:
I/DEBUG   (  241):     40896cb8 447a34cc efcef7d7 461d2300 b1525d1a  
I/DEBUG   (  241):     40896cc8 18ad3301 7f00f5b3 e004d1f8 4a0a4798  
I/DEBUG   (  241):     40896cd8 f7d77015 490cefc6 4a0c2006 44794c0c  
I/DEBUG   (  241):     40896ce8 f7d7447a 447cee68 f7d72000 6de3ef0c  
I/DEBUG   (  241):     40896cf8 d1eb2b00 bf00e7eb deadd00d 00063e5e  
I/DEBUG   (  241):     40896d08 000684f8 00049241 0004861c 0004a4a1  
I/DEBUG   (  241):     40896d18 000684be 4605b530 b08b4c15 462aa803  
I/DEBUG   (  241):     40896d28 447c4914 68236824 93094479 f999f009  
I/DEBUG   (  241):     40896d38 aa0a2100 1d20f842 f0099808 b958fdbd  
I/DEBUG   (  241):     40896d48 462b9802 4a0d490c 20069000 447a4479  
I/DEBUG   (  241):     40896d58 ee30f7d7 ff96f7ff f7f2a803 9a09ff6b  
I/DEBUG   (  241):     40896d68 428a6821 f7d7d001 b00beeaa bf00bd30  
I/DEBUG   (  241):     40896d78 00063dce 0004a465 000485ae 0004a448  
I/DEBUG   (  241):     40896d88 1a55b5f8 4617460e 46041c69 ecd6f7e5  
I/DEBUG   (  241):     40896d98 696042b7 4631d004 f7d7462a 1940ee12  
I/DEBUG   (  241):     40896da8 61202300 bdf87003 4604b538 6120460d  
I/DEBUG   (  241): 
I/DEBUG   (  241): code around lr:
I/DEBUG   (  241):     4011c244 447e4e08 68336836 f000b10b 4620fa4c  
I/DEBUG   (  241):     4011c254 ffccf7ff 68304605 4620b110 fa50f000  
I/DEBUG   (  241):     4011c264 bd704628 0002acf6 4604b570 4811b928  
I/DEBUG   (  241):     4011c274 e8bd4478 f0004070 4e0fbfcb 6836447e  
I/DEBUG   (  241):     4011c284 b10b6833 fa2ff000 f01089a0 d1060f18  
I/DEBUG   (  241):     4011c294 fe50f7f1 f04f2109 600135ff 4620e003  
I/DEBUG   (  241):     4011c2a4 ffa4f7ff 68324605 4620b112 fa28f000  
I/DEBUG   (  241):     4011c2b4 bd704628 ffffffc9 0002acbc 44794909  
I/DEBUG   (  241):     4011c2c4 680b6809 6843b963 2a001e5a da016042  
I/DEBUG   (  241):     4011c2d4 bba6f001 f8116801 6001cb01 47704660  
I/DEBUG   (  241):     4011c2e4 bff4f000 0002ac7a 47f0e92d 4f3e4604  
I/DEBUG   (  241):     4011c2f4 447f4688 683b683f f000b10b 6860f9f4  
I/DEBUG   (  241):     4011c304 dc042800 f0014620 2800fad7 6826d15f  
I/DEBUG   (  241):     4011c314 6865210a 462a4630 fe2ff007 3001b168  
I/DEBUG   (  241):     4011c324 c00cf8b4 f8c81b81 68621000 5300f44c  
I/DEBUG   (  241):     4011c334 1a5381a3 0009e884 4606e043 f1056ca0  
I/DEBUG   (  241): 
I/DEBUG   (  241): memory map around fault addr deadd00d:
I/DEBUG   (  241):     becd8000-becf9000 [stack]
I/DEBUG   (  241):     (no map for address)
I/DEBUG   (  241):     ffff0000-ffff1000 [vectors]
D/ConnectivityService(  626): handleInetConditionHoldEnd: net=1, condition=100, published condition=0
D/dalvikvm(  966): GC_CONCURRENT freed 389K, 19% free 2624K/3216K, paused 3ms+3ms, total 23ms
D/dalvikvm(  626): GC_EXPLICIT freed 93K, 15% free 15128K/17792K, paused 3ms+7ms, total 69ms
I/BootReceiver(  626): Copying /data/tombstones/tombstone_05 to DropBox (SYSTEM_TOMBSTONE)
I/ActivityManager(  626): Process com.android.bluetooth (pid 1204) has died.
D/BluetoothManagerService(  626): BluetoothServiceConnection: disconnected from AdapterService
D/BluetoothHeadset(  626): Proxy object disconnected
D/BluetoothA2dp(  626): Proxy object disconnected
D/BluetoothPan(  626): BluetoothPAN Proxy object disconnected
D/BluetoothManagerService(  626): Message: 41
E/BluetoothManagerService(  626): MESSAGE_BLUETOOTH_SERVICE_DISCONNECTED
D/BluetoothManagerService(  626): Calling onBluetoothServiceDown callbacks
D/BluetoothManagerService(  626): Broadcasting onBluetoothServiceDown() to 5 receivers.
D/BluetoothHeadset(  938): Proxy object disconnected
D/BluetoothHeadset(  938): Proxy object disconnected
D/BluetoothPbap( 2096): Proxy object disconnected
D/PbapServerProfile( 2096): Bluetooth service disconnected
D/BluetoothHeadset( 2096): Proxy object disconnected
D/HeadsetProfile( 2096): Bluetooth service disconnected
D/BluetoothAdapter(  938): onBluetoothServiceDown: android.bluetooth.IBluetooth$Stub$Proxy@4102e670
D/BluetoothAdapter(  798): onBluetoothServiceDown: android.bluetooth.IBluetooth$Stub$Proxy@41486e98
D/BluetoothAdapter( 2096): onBluetoothServiceDown: android.bluetooth.IBluetooth$Stub$Proxy@410201f8
D/BluetoothAdapter(  944): onBluetoothServiceDown: android.bluetooth.IBluetooth$Stub$Proxy@40ff3e40
D/BluetoothAdapter(  626): onBluetoothServiceDown: android.bluetooth.IBluetooth$Stub$Proxy@41debdc0
D/BluetoothManagerService(  626): Bluetooth State Change Intent: 12 -> 13
D/BluetoothA2dp( 2096): Proxy object disconnected
D/A2dpProfile( 2096): Bluetooth service disconnected
D/BluetoothInputDevice( 2096): Proxy object disconnected
D/HidProfile( 2096): Bluetooth service disconnected
D/BluetoothPan( 2096): BluetoothPAN Proxy object disconnected
D/PanProfile( 2096): Bluetooth service disconnected
D/BluetoothAdapter(  798): 1092160040: getState() :  mService = null. Returning STATE_OFF
D/BluetoothAdapter(  798): 1092160040: getState() :  mService = null. Returning STATE_OFF
W/ActivityManager(  626): Scheduling restart of crashed service com.android.bluetooth/.hid.HidService in 5000ms
W/ActivityManager(  626): Scheduling restart of crashed service com.android.bluetooth/.map.BluetoothMasService in 15000ms
W/ActivityManager(  626): Scheduling restart of crashed service com.android.bluetooth/.opp.BluetoothOppService in 25000ms
W/ActivityManager(  626): Scheduling restart of crashed service com.android.bluetooth/.pan.PanService in 25000ms
W/ActivityManager(  626): Scheduling restart of crashed service com.android.bluetooth/.hdp.HealthService in 35000ms
W/ActivityManager(  626): Scheduling restart of crashed service com.android.bluetooth/.hfp.HeadsetService in 34999ms
W/ActivityManager(  626): Scheduling restart of crashed service com.android.bluetooth/.pbap.BluetoothPbapService in 44999ms
W/ActivityManager(  626): Scheduling restart of crashed service com.android.bluetooth/.a2dp.A2dpService in 54999ms
W/ActivityManager(  626): Scheduling restart of crashed service com.android.bluetooth/.btservice.AdapterService in 64999ms
D/BluetoothAdapter(  798): 1092160040: getState() :  mService = null. Returning STATE_OFF
E/BluetoothDevice( 2096): BT not enabled. Cannot get bond state
E/BluetoothDevice( 2096): BT not enabled. Cannot get bond state
I/ActivityManager(  626): Start proc com.android.bluetooth for broadcast com.android.bluetooth/.pbap.BluetoothPbapReceiver: pid=2407 uid=1002 gids={41002, 3003, 3002, 3001, 1015, 3005, 1016, 3008, 1028}
D/Zygote  (  244): Process 1204 terminated by signal (11)
I/ActivityThread( 2407): Pub com.android.bluetooth.opp: com.android.bluetooth.opp.BluetoothOppProvider
D/AdapterServiceConfig( 2407): Adding HeadsetService
D/AdapterServiceConfig( 2407): Adding A2dpService
D/AdapterServiceConfig( 2407): Adding HidService
D/AdapterServiceConfig( 2407): Adding HealthService
D/AdapterServiceConfig( 2407): Adding PanService
I/BluetoothHidServiceJni( 2407): classInitNative: succeeds
D/HidService( 2407): onCreate
D/BluetoothManagerService(  626): Message: 20
D/BluetoothManagerService(  626): Added callback: android.bluetooth.IBluetoothManagerCallback$Stub$Proxy@41812e88:true
D/HidService( 2407): onBind
D/BluetoothInputDevice( 2096): Proxy object connected
D/HidProfile( 2096): Bluetooth service connected
E/BluetoothMasService( 2407): Map Service onCreate
E/BluetoothMasService( 2407): Map Service onCreate
E/BluetoothMasService( 2407): Starting MAP service
D/BluetoothAdapter( 2407): 1090448480: getState() :  mService = null. Returning STATE_OFF
E/BluetoothMasService( 2407): Map Service onStartCommand
I/BluetoothPanServiceJni( 2407): classInitNative(L105): succeeds
D/PanService( 2407): onCreate
W/ApplicationContext( 2096): Calling a method in the system process without a qualified user: android.app.ContextImpl.startService:1383 android.content.ContextWrapper.startService:450 android.content.ContextWrapper.startService:450 
D/PanService( 2407): onBind
D/BluetoothPan(  626): BluetoothPAN Proxy object connected
D/DockEventReceiver( 2096): finishStartingService: stopping service
D/BluetoothPan( 2096): BluetoothPAN Proxy object connected
D/PanProfile( 2096): Bluetooth service connected
D/HeadsetService( 2407): onCreate
D/HeadsetService( 2407): onBind
D/BluetoothHeadset(  626): Proxy object connected
D/BluetoothAdapter(  626): 1090613912: getState() :  mService = null. Returning STATE_OFF
D/BluetoothHeadset(  938): Proxy object connected
D/BluetoothHeadset( 2096): Proxy object connected
D/HeadsetProfile( 2096): Bluetooth service connected
D/BluetoothHeadset(  938): Proxy object connected
D/BluetoothAdapter( 2096): 1090649464: getState() :  mService = null. Returning STATE_OFF
D/BluetoothAdapter( 2407): 1090448480: getState() :  mService = null. Returning STATE_OFF
D/A2dpService( 2407): onCreate
D/BluetoothPbap( 2096): Proxy object connected
D/PbapServerProfile( 2096): Bluetooth service connected
D/A2dpService( 2407): onBind
D/BluetoothA2dp(  626): Proxy object connected
D/BluetoothAdapter(  626): 1090613912: getState() :  mService = null. Returning STATE_OFF
D/BluetoothA2dp( 2096): Proxy object connected
D/A2dpProfile( 2096): Bluetooth service connected
D/BluetoothAdapterService( 2407): REFCOUNT: CREATED. INSTANCE_COUNT1
D/BluetoothAdapterState( 2407): make
I/bluedroid( 2407): init
D/btif_config.c( 2407): btif_config_init(L124): in initialized:0
D/bt-btif ( 2407): in initialized:0
D/btif_config.c( 2407): dump_node(L117): root, p->name:Bluedroid, child/value:0x7036cac8, bytes:160, p->used:0, type:0, p->flag:0
D/bt-btif ( 2407): ts[7].used:0
D/bt-btif ( 2407): alloc_thread_slot ret:7
D/bt-btif ( 2407): h:7, cmd_fdr:40, cmd_fdw:41
D/bt-btif ( 2407): h:7, thread id:1883011528
I/bte_conf( 2407): Attempt to load stack conf from /etc/bluetooth/bt_stack.conf
D/bt-btif ( 2407): local bdaddr is stored in /efs/bluetooth/bt_addr
D/bt-btif ( 2407): Got Factory BDA 58:C3:8B:94:C3:34
D/btif_config.c( 2407): dump_node(L117): found node, p->name:Address, child/value:0x703c7a18, bytes:18, p->used:18, type:1, p->flag:0
I/bluedroid( 2407): get_profile_interface socket
I/GKI_LINUX( 2407): gki_task_entry: gki_task_entry task_id=1 [BTIF] starting
D/bt-btif ( 2407): btif task starting
D/bt-btif ( 2407): btif_associate_evt: notify ASSOCIATE_JVM
D/BTIF_CORE( 2407): HAL bt_hal_cbacks->thread_evt_cb
I/bt-btif ( 2407): btif_get_adapter_property 2
I/bt-btif ( 2407): btif_get_adapter_property 1
I/bt-btif ( 2407): execute storage request event : 3
D/BTIF_CORE( 2407): HAL bt_hal_cbacks->adapter_properties_cb
I/BluetoothAdapterProperties( 2407): adapterPropertyChangedCallback with type:2 len:6
I/bt-btif ( 2407): execute storage request event : 3
D/BTIF_STORAGE( 2407): cfg2prop(L311): in, bd addr:, prop type:1, len:512
D/btif_config.c( 2407): dump_node(L118): found node is NULL
I/bt-btif ( 2407): btif_dm_get_adapter_property: type=0x1
D/BTIF_CORE( 2407): HAL bt_hal_cbacks->adapter_properties_cb
I/BluetoothAdapterProperties( 2407): adapterPropertyChangedCallback with type:1 len:20
D/BluetoothManagerService(  626): BluetoothServiceConnection: connected to AdapterService
D/BluetoothManagerService(  626): Message: 40
D/BluetoothManagerService(  626): MESSAGE_BLUETOOTH_SERVICE_CONNECTED
D/BluetoothManagerService(  626): Bluetooth Adapter name changed to Samsung Galaxy S III
D/BluetoothManagerService(  626): Stored Bluetooth name: Samsung Galaxy S III
D/BluetoothManagerService(  626): Calling onBluetoothServiceUp callbacks
D/BluetoothManagerService(  626): Broadcasting onBluetoothServiceUp() to 6 receivers.
D/BluetoothAdapter(  938): onBluetoothServiceUp: android.bluetooth.IBluetooth$Stub$Proxy@41085310
D/BluetoothAdapter( 2407): onBluetoothServiceUp: com.android.bluetooth.btservice.AdapterService$AdapterServiceBinder@40ff9f30
D/BluetoothAdapter(  798): onBluetoothServiceUp: android.bluetooth.IBluetooth$Stub$Proxy@411fc860
D/BluetoothAdapter( 2096): onBluetoothServiceUp: android.bluetooth.IBluetooth$Stub$Proxy@41007018
D/BluetoothAdapter(  944): onBluetoothServiceUp: android.bluetooth.IBluetooth$Stub$Proxy@4103c5e0
D/BluetoothAdapter(  626): onBluetoothServiceUp: android.bluetooth.IBluetooth$Stub$Proxy@41308370
D/BluetoothAdapterService(1090490952)( 2407): getState(): mAdapterProperties: com.android.bluetooth.btservice.AdapterProperties@40ffa2c8
D/BluetoothAdapterService( 2407): Broadcasting updateAdapterState() to 1 receivers.
D/BluetoothPbap( 2096): Proxy object disconnected
D/PbapServerProfile( 2096): Bluetooth service disconnected
D/BluetoothBondStateMachine( 2407): make
V/BluetoothMasReceiver( 2407): BluetoothMasReceiver onReceive :android.bluetooth.adapter.action.STATE_CHANGED
E/BluetoothMasReceiver( 2407): BluetoothMasReceiver onReceive :android.bluetooth.adapter.action.STATE_CHANGED
D/BluetoothMasReceiver( 2407): Bluetooth STATE CHANGED to 13
D/HeadsetService( 2407): onStartCommand()
D/HeadsetService( 2407): Received start request. Starting profile...
D/HeadsetService( 2407): start()
I/BluetoothBondStateMachine( 2407): StableState(): Entering Off State
I/BluetoothHeadsetServiceJni( 2407): classInitNative: succeeds
D/HeadsetStateMachine( 2407): make
I/bluedroid( 2407): get_profile_interface handsfree
I/bt-btif ( 2407): btif_hf_get_interface
I/bt-btif ( 2407): init
E/bt-btif ( 2407): btif_enable_service: current services:0x40
D/A2dpService( 2407): onStartCommand()
D/A2dpService( 2407): Received start request. Starting profile...
D/A2dpService( 2407): start()
I/BluetoothA2dpServiceJni( 2407): classInitNative: succeeds
D/A2dpStateMachine( 2407): make
I/bluedroid( 2407): get_profile_interface a2dp
I/bt-btif ( 2407): btif_av_get_interface
I/bt-btif ( 2407): init
I/bt-btif ( 2407): ## A2DP START MEDIA TASK ##
I/GKI_LINUX( 2407): gki_task_entry: gki_task_entry task_id=2 [A2DP-MEDIA] starting
D/bt-btif ( 2407): UIPC_Init
I/bt-btif ( 2407): ### uipc_main_init ###
D/bt-btif ( 2407): UIPC_Open : ch_id 0, p_cback 73ee8a11
I/bt-btif ( 2407): SETUP CHANNEL SERVER 0
I/bt-btif ( 2407): create_server_socket /data/misc/bluedroid/.a2dp_ctrl
I/bt-btif ( 2407): created socket fd 53
I/bt-btif ( 2407): ADD SERVER FD TO ACTIVE SET 53
I/bt-btif ( 2407): UIPC SEND WAKE UP
I/bt-btif ( 2407): ## A2DP MEDIA TASK STARTED ##
E/bt-btif ( 2407): btif_enable_service: current services:0x40040
D/bt-btif ( 2407): btif_rc_init
D/bt-btif ( 2407): btif_av_state_idle_handler event:BTIF_SM_ENTER_EVT flags 0
I/bt-btif ( 2407): ## ON A2DP IDLE ##
D/bt-btif ( 2407): btif_media_task_aa_stop_tx is timer: 0
D/bt-btif ( 2407): UIPC_Close : ch_id 1
I/bt-btif ( 2407): CHANNEL 1 ALREADY CLOSED
D/bt-btif ( 2407): bta_av_co_init
D/bt-btif ( 2407): bta_av_co_cp_set_flag
D/bt-btif ( 2407): bta_av_co_audio_codec_reset
D/HidService( 2407): onStartCommand()
D/A2dpStateMachine( 2407): Enter Disconnected: -2
D/HidService( 2407): Received start request. Starting profile...
D/HidService( 2407): start()
I/bluedroid( 2407): get_profile_interface hidhost
I/bt-btif ( 2407): btif_hh_get_interface
I/bt-btif ( 2407): init
E/bt-btif ( 2407): btif_enable_service: current services:0x140040
I/BluetoothHealthServiceJni( 2407): classInitNative: succeeds
D/HealthService( 2407): onCreate
D/HealthService( 2407): onStartCommand()
D/HealthService( 2407): Received start request. Starting profile...
D/HealthService( 2407): start()
I/bluedroid( 2407): get_profile_interface health
I/bt-btif ( 2407): btif_hl_get_interface
I/bt-btif ( 2407): init
D/bt-btif ( 2407): Process name (droid.bluetooth)
D/bt-btif ( 2407): btif_hl_soc_thread_init
D/bt-btif ( 2407): create_thread: entered
D/bt-btif ( 2407): create_thread: thread created successfully
D/PanService( 2407): onStartCommand()
D/bt-btif ( 2407): entered btif_hl_select_thread
D/bt-btif ( 2407): btif_hl_select_wakeup_init
D/bt-btif ( 2407): btif_hl_select_wakeup_init signal_fds[0]=57 signal_fds[1]=58
D/bt-btif ( 2407): max_s=57 
D/bt-btif ( 2407): set curr_set = org_set 
D/PanService( 2407): Received start request. Starting profile...
D/PanService( 2407): start()
D/BluetoothPanServiceJni( 2407): initializeNative(L110): pan
I/bluedroid( 2407): get_profile_interface pan
D/BTIF_PAN( 2407): btif_pan: btpan_jni_init(L168): stack_initialized = 0, btpan_cb.enabled:0
D/BTIF_PAN( 2407): btif_pan: btpan_jni_init(L173):  leaving
D/BluetoothAdapterService( 2407): Profile still not running:com.android.bluetooth.hdp.HealthService
D/BluetoothAdapterService( 2407): Profile still not running:com.android.bluetooth.hdp.HealthService
D/BluetoothAdapterService( 2407): Profile still not running:com.android.bluetooth.hdp.HealthService
D/BluetoothAdapterService( 2407): Profile still not running:com.android.bluetooth.pan.PanService
I/bluedroid( 2407): enable
D/bt-btif ( 2407): BTIF ENABLE BLUETOOTH
D/bt-btif ( 2407): bte_main_enable
I/bt_hci_bdroid( 2407): init
D/HeadsetPhoneState( 2407): sendDeviceStateChanged. mService=0 mSignal=0 mRoam=0 mBatteryCharge=4
I/bt_vendor( 2407): init
I/bt_vnd_conf( 2407): Attempt to load conf from /etc/bluetooth/bt_vendor.conf
I/bt_vnd_conf( 2407): vnd_load_conf file >/etc/bluetooth/bt_vendor.conf< not found
I/bt-btif ( 2407): libbt-hci init returns 0
I/bt_hci_bdroid( 2407): bt_hc_worker_thread started
E/Sensors (  626): accelHandler 0.088616 0.524509 10.000404
I/bt_userial_vendor( 2407): userial vendor open: opening /dev/ttyHS0
I/bt_userial_vendor( 2407): device fd = 59 open
I/GKI_LINUX( 2407): gki_task_entry: gki_task_entry task_id=0 [BTU] starting
I/        ( 2407): BTE_InitTraceLevels -- TRC_HCI
I/        ( 2407): BTE_InitTraceLevels -- TRC_L2CAP
I/        ( 2407): BTE_InitTraceLevels -- TRC_RFCOMM
I/        ( 2407): BTE_InitTraceLevels -- TRC_AVDT
I/        ( 2407): BTE_InitTraceLevels -- TRC_AVRC
I/        ( 2407): BTE_InitTraceLevels -- TRC_A2D
I/        ( 2407): BTE_InitTraceLevels -- TRC_BNEP
I/        ( 2407): BTE_InitTraceLevels -- TRC_BTM
I/        ( 2407): BTE_InitTraceLevels -- TRC_PAN
I/        ( 2407): BTE_InitTraceLevels -- TRC_SDP
I/        ( 2407): BTE_InitTraceLevels -- TRC_BTAPP
D/bt-btif ( 2407): btif_task: received trigger stack init event
I/bt_hwcfg( 2407): bt vendor lib: set UART baud 4000000
D/dalvikvm(  966): GC_CONCURRENT freed 401K, 19% free 2622K/3216K, paused 3ms+4ms, total 22ms
D/bt_hwcfg( 2407): Chipset BCM4334B0
D/bt_hwcfg( 2407): Target name = [BCM4334B0]
D/bt_hwcfg( 2407): Target name = [BCM4334]
I/bt_hwcfg( 2407): Found patchfile: /system/bin//bcm4334.hcd
D/dalvikvm(  626): GC_EXPLICIT freed 1474K, 19% free 15135K/18476K, paused 3ms+6ms, total 65ms
D/BluetoothAdapterService(1090490952)( 2407): getState(): mAdapterProperties: com.android.bluetooth.btservice.AdapterProperties@40ffa2c8
I/bt_hwcfg( 2407): bt vendor lib: set UART baud 115200
D/bt_hwcfg( 2407): Settlement delay -- 50 ms
D/PerformBackupTask(  626): starting agent for backup of BackupRequest{pkg=com.android.nfc}
D/BackupManagerService(  626): awaiting agent for ApplicationInfo{4116f290 com.android.nfc}
D/BackupManagerService(  626): agentConnected pkg=com.android.nfc agent=android.os.BinderProxy@41386650
V/BackupServiceBinder(  944): doBackup() invoked
D/BackupHelperDispatcher(  944): handling existing helper 'shared_prefs' android.app.backup.SharedPreferencesBackupHelper@41050a68
D/PerformBackupTask(  626): starting agent for backup of BackupRequest{pkg=com.google.android.marvin.talkback}
I/bt_hwcfg( 2407): bt vendor lib: set UART baud 4000000
I/bt_hwcfg( 2407): Setting local bd addr to 58:C3:8B:94:C3:34
I/ActivityManager(  626): Start proc com.google.android.marvin.talkback for backup com.google.android.marvin.talkback/.TalkBackBackupAgent: pid=2436 uid=10081 gids={50081, 1028}
